Component: ARM Compiler 5.06 update 6 (build 750) Tool: armlink [4d35ed]

==============================================================================

Section Cross References

    startup_stm32f103xe.o(STACK) refers (Special) to heapauxi.o(.text) for __use_two_region_memory
    startup_stm32f103xe.o(HEAP) refers (Special) to heapauxi.o(.text) for __use_two_region_memory
    startup_stm32f103xe.o(RESET) refers (Special) to heapauxi.o(.text) for __use_two_region_memory
    startup_stm32f103xe.o(RESET) refers to startup_stm32f103xe.o(STACK) for __initial_sp
    startup_stm32f103xe.o(RESET) refers to startup_stm32f103xe.o(.text) for Reset_Handler
    startup_stm32f103xe.o(RESET) refers to stm32f1xx_it.o(i.NMI_Handler) for NMI_Handler
    startup_stm32f103xe.o(RESET) refers to cmb_fault.o(.text) for HardFault_Handler
    startup_stm32f103xe.o(RESET) refers to stm32f1xx_it.o(i.MemManage_Handler) for MemManage_Handler
    startup_stm32f103xe.o(RESET) refers to stm32f1xx_it.o(i.BusFault_Handler) for BusFault_Handler
    startup_stm32f103xe.o(RESET) refers to stm32f1xx_it.o(i.UsageFault_Handler) for UsageFault_Handler
    startup_stm32f103xe.o(RESET) refers to stm32f1xx_it.o(i.SVC_Handler) for SVC_Handler
    startup_stm32f103xe.o(RESET) refers to stm32f1xx_it.o(i.DebugMon_Handler) for DebugMon_Handler
    startup_stm32f103xe.o(RESET) refers to stm32f1xx_it.o(i.PendSV_Handler) for PendSV_Handler
    startup_stm32f103xe.o(RESET) refers to stm32f1xx_it.o(i.SysTick_Handler) for SysTick_Handler
    startup_stm32f103xe.o(RESET) refers to stm32f1xx_it.o(i.DMA1_Channel4_IRQHandler) for DMA1_Channel4_IRQHandler
    startup_stm32f103xe.o(RESET) refers to stm32f1xx_it.o(i.DMA1_Channel5_IRQHandler) for DMA1_Channel5_IRQHandler
    startup_stm32f103xe.o(.text) refers (Special) to heapauxi.o(.text) for __use_two_region_memory
    startup_stm32f103xe.o(.text) refers to system_stm32f1xx.o(i.SystemInit) for SystemInit
    startup_stm32f103xe.o(.text) refers to __main.o(!!!main) for __main
    startup_stm32f103xe.o(.text) refers to startup_stm32f103xe.o(HEAP) for Heap_Mem
    startup_stm32f103xe.o(.text) refers to startup_stm32f103xe.o(STACK) for Stack_Mem
    main.o(i.SystemClock_Config) refers to rt_memclr_w.o(.text) for __aeabi_memclr4
    main.o(i.SystemClock_Config) refers to stm32f1xx_hal_rcc.o(i.HAL_RCC_OscConfig) for HAL_RCC_OscConfig
    main.o(i.SystemClock_Config) refers to main.o(i.Error_Handler) for Error_Handler
    main.o(i.SystemClock_Config) refers to stm32f1xx_hal_rcc.o(i.HAL_RCC_ClockConfig) for HAL_RCC_ClockConfig
    main.o(i.SystemClock_Config) refers to stm32f1xx_hal_rcc_ex.o(i.HAL_RCCEx_PeriphCLKConfig) for HAL_RCCEx_PeriphCLKConfig
    main.o(i.main) refers to stm32f1xx_hal.o(i.HAL_Init) for HAL_Init
    main.o(i.main) refers to main.o(i.SystemClock_Config) for SystemClock_Config
    main.o(i.main) refers to gpio.o(i.MX_GPIO_Init) for MX_GPIO_Init
    main.o(i.main) refers to dma.o(i.MX_DMA_Init) for MX_DMA_Init
    main.o(i.main) refers to i2c.o(i.MX_I2C1_Init) for MX_I2C1_Init
    main.o(i.main) refers to i2c.o(i.MX_I2C2_Init) for MX_I2C2_Init
    main.o(i.main) refers to usart.o(i.MX_USART1_UART_Init) for MX_USART1_UART_Init
    main.o(i.main) refers to tim.o(i.MX_TIM1_Init) for MX_TIM1_Init
    main.o(i.main) refers to usart.o(i.MX_USART2_UART_Init) for MX_USART2_UART_Init
    main.o(i.main) refers to adc.o(i.MX_ADC1_Init) for MX_ADC1_Init
    main.o(i.main) refers to dac.o(i.MX_DAC_Init) for MX_DAC_Init
    main.o(i.main) refers to tim.o(i.MX_TIM4_Init) for MX_TIM4_Init
    main.o(i.main) refers to iwdg.o(i.MX_IWDG_Init) for MX_IWDG_Init
    gpio.o(i.MX_GPIO_Init) refers to stm32f1xx_hal_gpio.o(i.HAL_GPIO_WritePin) for HAL_GPIO_WritePin
    gpio.o(i.MX_GPIO_Init) refers to stm32f1xx_hal_gpio.o(i.HAL_GPIO_Init) for HAL_GPIO_Init
    adc.o(i.HAL_ADC_MspDeInit) refers to stm32f1xx_hal_gpio.o(i.HAL_GPIO_DeInit) for HAL_GPIO_DeInit
    adc.o(i.HAL_ADC_MspInit) refers to stm32f1xx_hal_gpio.o(i.HAL_GPIO_Init) for HAL_GPIO_Init
    adc.o(i.MX_ADC1_Init) refers to stm32f1xx_hal_adc.o(i.HAL_ADC_Init) for HAL_ADC_Init
    adc.o(i.MX_ADC1_Init) refers to main.o(i.Error_Handler) for Error_Handler
    adc.o(i.MX_ADC1_Init) refers to stm32f1xx_hal_adc.o(i.HAL_ADC_ConfigChannel) for HAL_ADC_ConfigChannel
    adc.o(i.MX_ADC1_Init) refers to adc.o(.bss) for hadc1
    dac.o(i.HAL_DAC_MspDeInit) refers to stm32f1xx_hal_gpio.o(i.HAL_GPIO_DeInit) for HAL_GPIO_DeInit
    dac.o(i.HAL_DAC_MspInit) refers to stm32f1xx_hal_gpio.o(i.HAL_GPIO_Init) for HAL_GPIO_Init
    dac.o(i.MX_DAC_Init) refers to stm32f1xx_hal_dac.o(i.HAL_DAC_Init) for HAL_DAC_Init
    dac.o(i.MX_DAC_Init) refers to main.o(i.Error_Handler) for Error_Handler
    dac.o(i.MX_DAC_Init) refers to stm32f1xx_hal_dac.o(i.HAL_DAC_ConfigChannel) for HAL_DAC_ConfigChannel
    dac.o(i.MX_DAC_Init) refers to dac.o(.bss) for hdac
    dma.o(i.MX_DMA_Init) refers to stm32f1xx_hal_cortex.o(i.HAL_NVIC_SetPriority) for HAL_NVIC_SetPriority
[...]
    ../clib/signal.c                         0x00000000   Number         0  defsig_fpe_inner.o ABSOLUTE
    ../clib/signal.c                         0x00000000   Number         0  __raise.o ABSOLUTE
    ../clib/signal.c                         0x00000000   Number         0  defsig_general.o ABSOLUTE
    ../clib/signal.c                         0x00000000   Number         0  defsig_pvfn_inner.o ABSOLUTE
    ../clib/signal.c                         0x00000000   Number         0  defsig_cppl_inner.o ABSOLUTE
    ../clib/signal.c                         0x00000000   Number         0  defsig_rtred_inner.o ABSOLUTE
    ../clib/signal.c                         0x00000000   Number         0  defsig_abrt_inner.o ABSOLUTE
    ../clib/signal.c                         0x00000000   Number         0  defsig_rtmem_outer.o ABSOLUTE
    ../clib/signal.c                         0x00000000   Number         0  defsig_rtmem_inner.o ABSOLUTE
    ../clib/signal.c                         0x00000000   Number         0  defsig_rtmem_formal.o ABSOLUTE
    ../clib/signal.c                         0x00000000   Number         0  defsig_stak_inner.o ABSOLUTE
    ../clib/signal.s                         0x00000000   Number         0  defsig.o ABSOLUTE
    ../clib/stdlib.c                         0x00000000   Number         0  exit.o ABSOLUTE
    ../clib/string.c                         0x00000000   Number         0  strlen.o ABSOLUTE
    ../fplib/fpinit.s                        0x00000000   Number         0  fpinit.o ABSOLUTE
    ../fplib/istatus.s                       0x00000000   Number         0  istatus.o ABSOLUTE
    ../fplib/printf1.s                       0x00000000   Number         0  printf1.o ABSOLUTE
    ../fplib/printf2.s                       0x00000000   Number         0  printf2.o ABSOLUTE
    ../fplib/printf2a.s                      0x00000000   Number         0  printf2a.o ABSOLUTE
    ../fplib/printf2b.s                      0x00000000   Number         0  printf2b.o ABSOLUTE
    ../fplib/usenofp.s                       0x00000000   Number         0  usenofp.o ABSOLUTE
    ../mathlib/fpclassify.c                  0x00000000   Number         0  fpclassify.o ABSOLUTE
    ..\Core\Src\adc.c                        0x00000000   Number         0  adc.o ABSOLUTE
    ..\Core\Src\dac.c                        0x00000000   Number         0  dac.o ABSOLUTE
    ..\Core\Src\dma.c                        0x00000000   Number         0  dma.o ABSOLUTE
    ..\Core\Src\gpio.c                       0x00000000   Number         0  gpio.o ABSOLUTE
    ..\Core\Src\i2c.c                        0x00000000   Number         0  i2c.o ABSOLUTE
    ..\Core\Src\iwdg.c                       0x00000000   Number         0  iwdg.o ABSOLUTE
    ..\Core\Src\main.c                       0x00000000   Number         0  main.o ABSOLUTE
    ..\Core\Src\stm32f1xx_hal_msp.c          0x00000000   Number         0  stm32f1xx_hal_msp.o ABSOLUTE
    ..\Core\Src\stm32f1xx_it.c               0x00000000   Number         0  stm32f1xx_it.o ABSOLUTE
    ..\Core\Src\system_stm32f1xx.c           0x00000000   Number         0  system_stm32f1xx.o ABSOLUTE
    ..\Core\Src\tim.c                        0x00000000   Number         0  tim.o ABSOLUTE
    ..\Core\Src\usart.c                      0x00000000   Number         0  usart.o ABSOLUTE
    ..\Drivers\STM32F1xx_HAL_Driver\Src\stm32f1xx_hal.c 0x00000000   Number         0  stm32f1xx_hal.o ABSOLUTE
    ..\Drivers\STM32F1xx_HAL_Driver\Src\stm32f1xx_hal_adc.c 0x00000000   Number         0  stm32f1xx_hal_adc.o ABSOLUTE
    ..\Drivers\STM32F1xx_HAL_Driver\Src\stm32f1xx_hal_adc_ex.c 0x00000000   Number         0  stm32f1xx_hal_adc_ex.o ABSOLUTE
    ..\Drivers\STM32F1xx_HAL_Driver\Src\stm32f1xx_hal_cortex.c 0x00000000   Number         0  stm32f1xx_hal_cortex.o ABSOLUTE
    ..\Drivers\STM32F1xx_HAL_Driver\Src\stm32f1xx_hal_dac.c 0x00000000   Number         0  stm32f1xx_hal_dac.o ABSOLUTE
    ..\Drivers\STM32F1xx_HAL_Driver\Src\stm32f1xx_hal_dac_ex.c 0x00000000   Number         0  stm32f1xx_hal_dac_ex.o ABSOLUTE
    ..\Drivers\STM32F1xx_HAL_Driver\Src\stm32f1xx_hal_dma.c 0x00000000   Number         0  stm32f1xx_hal_dma.o ABSOLUTE
    ..\Drivers\STM32F1xx_HAL_Driver\Src\stm32f1xx_hal_exti.c 0x00000000   Number         0  stm32f1xx_hal_exti.o ABSOLUTE
    ..\Drivers\STM32F1xx_HAL_Driver\Src\stm32f1xx_hal_flash.c 0x00000000   Number         0  stm32f1xx_hal_flash.o ABSOLUTE
    ..\Drivers\STM32F1xx_HAL_Driver\Src\stm32f1xx_hal_flash_ex.c 0x00000000   Number         0  stm32f1xx_hal_flash_ex.o ABSOLUTE
    ..\Drivers\STM32F1xx_HAL_Driver\Src\stm32f1xx_hal_gpio.c 0x00000000   Number         0  stm32f1xx_hal_gpio.o ABSOLUTE
    ..\Drivers\STM32F1xx_HAL_Driver\Src\stm32f1xx_hal_gpio_ex.c 0x00000000   Number         0  stm32f1xx_hal_gpio_ex.o ABSOLUTE
    ..\Drivers\STM32F1xx_HAL_Driver\Src\stm32f1xx_hal_i2c.c 0x00000000   Number         0  stm32f1xx_hal_i2c.o ABSOLUTE
    ..\Drivers\STM32F1xx_HAL_Driver\Src\stm32f1xx_hal_iwdg.c 0x00000000   Number         0  stm32f1xx_hal_iwdg.o ABSOLUTE
    ..\Drivers\STM32F1xx_HAL_Driver\Src\stm32f1xx_hal_pwr.c 0x00000000   Number         0  stm32f1xx_hal_pwr.o ABSOLUTE
    ..\Drivers\STM32F1xx_HAL_Driver\Src\stm32f1xx_hal_rcc.c 0x00000000   Number         0  stm32f1xx_hal_rcc.o ABSOLUTE
    ..\Drivers\STM32F1xx_HAL_Driver\Src\stm32f1xx_hal_rcc_ex.c 0x00000000   Number         0  stm32f1xx_hal_rcc_ex.o ABSOLUTE
    ..\Drivers\STM32F1xx_HAL_Driver\Src\stm32f1xx_hal_tim.c 0x00000000   Number         0  stm32f1xx_hal_tim.o ABSOLUTE
    ..\Drivers\STM32F1xx_HAL_Driver\Src\stm32f1xx_hal_tim_ex.c 0x00000000   Number         0  stm32f1xx_hal_tim_ex.o ABSOLUTE
    ..\Drivers\STM32F1xx_HAL_Driver\Src\stm32f1xx_hal_uart.c 0x00000000   Number         0  stm32f1xx_hal_uart.o ABSOLUTE
    ..\User\APP\app_comm.c                   0x00000000   Number         0  app_comm.o ABSOLUTE
    ..\User\APP\app_system.c                 0x00000000   Number         0  app_system.o ABSOLUTE
    ..\User\BackTrace\cm_backtrace.c         0x00000000   Number         0  cm_backtrace.o ABSOLUTE
    ..\User\BackTrace\fault_handler\keil\cmb_fault.S 0x00000000   Number         0  cmb_fault.o ABSOLUTE
    ..\User\DAL\dal_pinctrl.c                0x00000000   Number         0  dal_pinctrl.o ABSOLUTE
    ..\User\DRV\drv_delay.c                  0x00000000   Number         0  drv_delay.o ABSOLUTE
    ..\User\DRV\drv_wdg.c                    0x00000000   Number         0  drv_wdg.o ABSOLUTE
    ..\User\SEGGER\SEGGER_RTT.c              0x00000000   Number         0  segger_rtt.o ABSOLUTE
    ..\User\SEGGER\SEGGER_RTT_printf.c       0x00000000   Number         0  segger_rtt_printf.o ABSOLUTE
    ..\User\SEGGER\log.c                     0x00000000   Number         0  log.o ABSOLUTE
    ..\\User\\APP\\app_system.c              0x00000000   Number         0  app_system.o ABSOLUTE
    ..\\User\\BackTrace\\cm_backtrace.c      0x00000000   Number         0  cm_backtrace.o ABSOLUTE
    ..\\User\\DAL\\dal_pinctrl.c             0x00000000   Number         0  dal_pinctrl.o ABSOLUTE
    ..\\User\\DRV\\drv_delay.c               0x00000000   Number         0  drv_delay.o ABSOLUTE
    ..\\User\\DRV\\drv_wdg.c                 0x00000000   Number         0  drv_wdg.o ABSOLUTE
    ..\\User\\SEGGER\\log.c                  0x00000000   Number         0  log.o ABSOLUTE
    dc.s                                     0x00000000   Number         0  dc.o ABSOLUTE
    startup_stm32f103xe.s                    0x00000000   Number         0  startup_stm32f103xe.o ABSOLUTE
    RESET                                    0x08000000   Section      304  startup_stm32f103xe.o(RESET)
    !!!main                                  0x08000130   Section        8  __main.o(!!!main)
    !!!scatter                               0x08000138   Section       52  __scatter.o(!!!scatter)
    !!handler_copy                           0x0800016c   Section       26  __scatter_copy.o(!!handler_copy)
    !!handler_zi                             0x08000188   Section       28  __scatter_zi.o(!!handler_zi)
    .ARM.Collect$$_printf_percent$$00000000  0x080001a4   Section        0  _printf_percent.o(.ARM.Collect$$_printf_percent$$00000000)
    .ARM.Collect$$_printf_percent$$0000000C  0x080001a4   Section        6  _printf_x.o(.ARM.Collect$$_printf_percent$$0000000C)
    .ARM.Collect$$_printf_percent$$00000017  0x080001aa   Section        4  _printf_percent_end.o(.ARM.Collect$$_printf_percent$$00000017)
    .ARM.Collect$$libinit$$00000000          0x080001ae   Section        2  libinit.o(.ARM.Collect$$libinit$$00000000)
    .ARM.Collect$$libinit$$00000002          0x080001b0   Section        0  libinit2.o(.ARM.Collect$$libinit$$00000002)
    .ARM.Collect$$libinit$$00000004          0x080001b0   Section        0  libinit2.o(.ARM.Collect$$libinit$$00000004)
    .ARM.Collect$$libinit$$0000000A          0x080001b0   Section        0  libinit2.o(.ARM.Collect$$libinit$$0000000A)
    .ARM.Collect$$libinit$$0000000C          0x080001b0   Section        0  libinit2.o(.ARM.Collect$$libinit$$0000000C)
    .ARM.Collect$$libinit$$0000000E          0x080001b0   Section        0  libinit2.o(.ARM.Collect$$libinit$$0000000E)
    .ARM.Collect$$libinit$$00000011          0x080001b0   Section        0  libinit2.o(.ARM.Collect$$libinit$$00000011)
    .ARM.Collect$$libinit$$00000013          0x080001b0   Section        0  libinit2.o(.ARM.Collect$$libinit$$00000013)
    .ARM.Collect$$libinit$$00000015          0x080001b0   Section        0  libinit2.o(.ARM.Collect$$libinit$$00000015)
    .ARM.Collect$$libinit$$00000017          0x080001b0   Section        0  libinit2.o(.ARM.Collect$$libinit$$00000017)
    .ARM.Collect$$libinit$$00000019          0x080001b0   Section        0  libinit2.o(.ARM.Collect$$libinit$$00000019)
    .ARM.Collect$$libinit$$0000001B          0x080001b0   Section        0  libinit2.o(.ARM.Collect$$libinit$$0000001B)
    .ARM.Collect$$libinit$$0000001D          0x080001b0   Section        0  libinit2.o(.ARM.Collect$$libinit$$0000001D)
    .ARM.Collect$$libinit$$0000001F          0x080001b0   Section        0  libinit2.o(.ARM.Collect$$libinit$$0000001F)
    .ARM.Collect$$libinit$$00000021          0x080001b0   Section        0  libinit2.o(.ARM.Collect$$libinit$$00000021)
    .ARM.Collect$$libinit$$00000023          0x080001b0   Section        0  libinit2.o(.ARM.Collect$$libinit$$00000023)
    .ARM.Collect$$libinit$$00000025          0x080001b0   Section        0  libinit2.o(.ARM.Collect$$libinit$$00000025)
    .ARM.Collect$$libinit$$0000002C          0x080001b0   Section        0  libinit2.o(.ARM.Collect$$libinit$$0000002C)
    .ARM.Collect$$libinit$$0000002E          0x080001b0   Section        0  libinit2.o(.ARM.Collect$$libinit$$0000002E)
    .ARM.Collect$$libinit$$00000030          0x080001b0   Section        0  libinit2.o(.ARM.Collect$$libinit$$00000030)
    .ARM.Collect$$libinit$$00000032          0x080001b0   Section        0  libinit2.o(.ARM.Collect$$libinit$$00000032)
    .ARM.Collect$$libinit$$00000033          0x080001b0   Section        2  libinit2.o(.ARM.Collect$$libinit$$00000033)
    .ARM.Collect$$libshutdown$$00000000      0x080001b2   Section        2  libshutdown.o(.ARM.Collect$$libshutdown$$00000000)
    .ARM.Collect$$libshutdown$$00000002      0x080001b4   Section        0  libshutdown2.o(.ARM.Collect$$libshutdown$$00000002)
    .ARM.Collect$$libshutdown$$00000004      0x080001b4   Section        0  libshutdown2.o(.ARM.Collect$$libshutdown$$00000004)
    .ARM.Collect$$libshutdown$$00000007      0x080001b4   Section        0  libshutdown2.o(.ARM.Collect$$libshutdown$$00000007)
    .ARM.Collect$$libshutdown$$0000000A      0x080001b4   Section        0  libshutdown2.o(.ARM.Collect$$libshutdown$$0000000A)
    .ARM.Collect$$libshutdown$$0000000C      0x080001b4   Section        0  libshutdown2.o(.ARM.Collect$$libshutdown$$0000000C)
    .ARM.Collect$$libshutdown$$0000000F      0x080001b4   Section        0  libshutdown2.o(.ARM.Collect$$libshutdown$$0000000F)
    .ARM.Collect$$libshutdown$$00000010      0x080001b4   Section        2  libshutdown2.o(.ARM.Collect$$libshutdown$$00000010)
    .ARM.Collect$$rtentry$$00000000          0x080001b6   Section        0  __rtentry.o(.ARM.Collect$$rtentry$$00000000)
    .ARM.Collect$$rtentry$$00000002          0x080001b6   Section        0  __rtentry2.o(.ARM.Collect$$rtentry$$00000002)
    .ARM.Collect$$rtentry$$00000004          0x080001b6   Section        6  __rtentry4.o(.ARM.Collect$$rtentry$$00000004)
    .ARM.Collect$$rtentry$$00000009          0x080001bc   Section        0  __rtentry2.o(.ARM.Collect$$rtentry$$00000009)
    .ARM.Collect$$rtentry$$0000000A          0x080001bc   Section        4  __rtentry2.o(.ARM.Collect$$rtentry$$0000000A)
    .ARM.Collect$$rtentry$$0000000C          0x080001c0   Section        0  __rtentry2.o(.ARM.Collect$$rtentry$$0000000C)
    .ARM.Collect$$rtentry$$0000000D          0x080001c0   Section        8  __rtentry2.o(.ARM.Collect$$rtentry$$0000000D)
    .ARM.Collect$$rtexit$$00000000           0x080001c8   Section        2  rtexit.o(.ARM.Collect$$rtexit$$00000000)
    .ARM.Collect$$rtexit$$00000002           0x080001ca   Section        0  rtexit2.o(.ARM.Collect$$rtexit$$00000002)
    .ARM.Collect$$rtexit$$00000003           0x080001ca   Section        4  rtexit2.o(.ARM.Collect$$rtexit$$00000003)
    .ARM.Collect$$rtexit$$00000004           0x080001ce   Section        6  rtexit2.o(.ARM.Collect$$rtexit$$00000004)
    .text                                    0x080001d4   Section       64  startup_stm32f103xe.o(.text)
    .text                                    0x08000214   Section       12  cmb_fault.o(.text)
    .text                                    0x08000220   Section        0  __2sprintf.o(.text)
    .text                                    0x0800024c   Section        0  _printf_pad.o(.text)
    .text                                    0x0800029c   Section        0  _printf_hex_int_ll_ptr.o(.text)
    _printf_hex_common                       0x0800029d   Thumb Code     0  _printf_hex_int_ll_ptr.o(.text)
    .text                                    0x08000330   Section        0  __printf_flags_ss_wp.o(.text)
    .text                                    0x080004b8   Section        0  strlen.o(.text)
    .text                                    0x080004f6   Section      138  rt_memcpy_v6.o(.text)
    .text                                    0x08000580   Section      100  rt_memcpy_w.o(.text)
    .text                                    0x080005e4   Section       78  rt_memclr_w.o(.text)
    .text                                    0x08000632   Section        0  heapauxi.o(.text)
    .text                                    0x08000638   Section        0  _printf_intcommon.o(.text)
    .text                                    0x080006ec   Section        0  _printf_char_common.o(.text)
    _printf_input_char                       0x080006ed   Thumb Code    10  _printf_char_common.o(.text)
    .text                                    0x0800071c   Section        0  _sputc.o(.text)
    .text                                    0x08000726   Section       74  sys_stackheap_outer.o(.text)
    .text                                    0x08000770   Section        0  exit.o(.text)
    .text                                    0x08000784   Section        8  libspace.o(.text)
    .text                                    0x0800078c   Section        0  sys_exit.o(.text)
    .text                                    0x08000798   Section        2  use_no_semi.o(.text)
    .text                                    0x0800079a   Section        0  indicate_semi.o(.text)
    i.ADC_ConversionStop_Disable             0x0800079a   Section        0  stm32f1xx_hal_adc.o(i.ADC_ConversionStop_Disable)
    i.BusFault_Handler                       0x080007f6   Section        0  stm32f1xx_it.o(i.BusFault_Handler)
    i.DMA1_Channel4_IRQHandler               0x080007fc   Section        0  stm32f1xx_it.o(i.DMA1_Channel4_IRQHandler)
    i.DMA1_Channel5_IRQHandler               0x0800080c   Section        0  stm32f1xx_it.o(i.DMA1_Channel5_IRQHandler)
    i.DebugMon_Handler                       0x0800081c   Section        0  stm32f1xx_it.o(i.DebugMon_Handler)
    i.Error_Handler                          0x0800081e   Section        0  main.o(i.Error_Handler)
    i.HAL_ADC_ConfigChannel                  0x08000824   Section        0  stm32f1xx_hal_adc.o(i.HAL_ADC_ConfigChannel)
    i.HAL_ADC_Init                           0x08000984   Section        0  stm32f1xx_hal_adc.o(i.HAL_ADC_Init)
    i.HAL_ADC_MspInit                        0x08000ae4   Section        0  adc.o(i.HAL_ADC_MspInit)
    i.HAL_DAC_ConfigChannel                  0x08000bac   Section        0  stm32f1xx_hal_dac.o(i.HAL_DAC_ConfigChannel)
    i.HAL_DAC_Init                           0x08000c1a   Section        0  stm32f1xx_hal_dac.o(i.HAL_DAC_Init)
    i.HAL_DAC_MspInit                        0x08000c44   Section        0  dac.o(i.HAL_DAC_MspInit)
    i.HAL_DMA_IRQHandler                     0x08000cb4   Section        0  stm32f1xx_hal_dma.o(i.HAL_DMA_IRQHandler)
    i.HAL_DMA_Init                           0x0800104c   Section        0  stm32f1xx_hal_dma.o(i.HAL_DMA_Init)
    i.HAL_GPIO_Init                          0x080010d8   Section        0  stm32f1xx_hal_gpio.o(i.HAL_GPIO_Init)
    i.HAL_GPIO_WritePin                      0x08001418   Section        0  stm32f1xx_hal_gpio.o(i.HAL_GPIO_WritePin)
    i.HAL_GetTick                            0x08001424   Section        0  stm32f1xx_hal.o(i.HAL_GetTick)
    i.HAL_I2C_Init                           0x08001430   Section        0  stm32f1xx_hal_i2c.o(i.HAL_I2C_Init)
    i.HAL_I2C_MspInit                        0x08001600   Section        0  i2c.o(i.HAL_I2C_MspInit)
    i.HAL_IWDG_Init                          0x080016d0   Section        0  stm32f1xx_hal_iwdg.o(i.HAL_IWDG_Init)
    i.HAL_IncTick                            0x08001734   Section        0  stm32f1xx_hal.o(i.HAL_IncTick)
    i.HAL_Init                               0x0800174c   Section        0  stm32f1xx_hal.o(i.HAL_Init)
    i.HAL_InitTick                           0x08001774   Section        0  stm32f1xx_hal.o(i.HAL_InitTick)
    i.HAL_MspInit                            0x080017c0   Section        0  stm32f1xx_hal_msp.o(i.HAL_MspInit)
    i.HAL_NVIC_EnableIRQ                     0x08001814   Section        0  stm32f1xx_hal_cortex.o(i.HAL_NVIC_EnableIRQ)
    i.HAL_NVIC_SetPriority                   0x08001834   Section        0  stm32f1xx_hal_cortex.o(i.HAL_NVIC_SetPriority)
    i.HAL_NVIC_SetPriorityGrouping           0x080018b0   Section        0  stm32f1xx_hal_cortex.o(i.HAL_NVIC_SetPriorityGrouping)
    i.HAL_RCCEx_PeriphCLKConfig              0x080018d8   Section        0  stm32f1xx_hal_rcc_ex.o(i.HAL_RCCEx_PeriphCLKConfig)
    i.HAL_RCC_ClockConfig                    0x08001a08   Section        0  stm32f1xx_hal_rcc.o(i.HAL_RCC_ClockConfig)
    i.HAL_RCC_GetHCLKFreq                    0x08001b94   Section        0  stm32f1xx_hal_rcc.o(i.HAL_RCC_GetHCLKFreq)
    i.HAL_RCC_GetPCLK1Freq                   0x08001ba0   Section        0  stm32f1xx_hal_rcc.o(i.HAL_RCC_GetPCLK1Freq)
    i.HAL_RCC_GetPCLK2Freq                   0x08001bc0   Section        0  stm32f1xx_hal_rcc.o(i.HAL_RCC_GetPCLK2Freq)
    i.HAL_RCC_GetSysClockFreq                0x08001be0   Section        0  stm32f1xx_hal_rcc.o(i.HAL_RCC_GetSysClockFreq)
    i.HAL_RCC_OscConfig                      0x08001c50   Section        0  stm32f1xx_hal_rcc.o(i.HAL_RCC_OscConfig)
    i.HAL_SYSTICK_Config                     0x080020b4   Section        0  stm32f1xx_hal_cortex.o(i.HAL_SYSTICK_Config)
    i.HAL_TIMEx_ConfigBreakDeadTime          0x080020e8   Section        0  stm32f1xx_hal_tim_ex.o(i.HAL_TIMEx_ConfigBreakDeadTime)
    i.HAL_TIMEx_MasterConfigSynchronization  0x0800215c   Section        0  stm32f1xx_hal_tim_ex.o(i.HAL_TIMEx_MasterConfigSynchronization)
    i.HAL_TIM_Base_Init                      0x080021f8   Section        0  stm32f1xx_hal_tim.o(i.HAL_TIM_Base_Init)
    i.HAL_TIM_Base_MspInit                   0x08002260   Section        0  tim.o(i.HAL_TIM_Base_MspInit)
    i.HAL_TIM_ConfigClockSource              0x080022d0   Section        0  stm32f1xx_hal_tim.o(i.HAL_TIM_ConfigClockSource)
    i.HAL_TIM_MspPostInit                    0x080023dc   Section        0  tim.o(i.HAL_TIM_MspPostInit)
    i.HAL_TIM_PWM_ConfigChannel              0x080024a4   Section        0  stm32f1xx_hal_tim.o(i.HAL_TIM_PWM_ConfigChannel)
    i.HAL_TIM_PWM_Init                       0x080025a8   Section        0  stm32f1xx_hal_tim.o(i.HAL_TIM_PWM_Init)
    i.HAL_TIM_PWM_MspInit                    0x08002610   Section        0  tim.o(i.HAL_TIM_PWM_MspInit)
    i.HAL_UART_Init                          0x08002640   Section        0  stm32f1xx_hal_uart.o(i.HAL_UART_Init)
    i.HAL_UART_MspInit                       0x080026b8   Section        0  usart.o(i.HAL_UART_MspInit)
    i.MX_ADC1_Init                           0x08002818   Section        0  adc.o(i.MX_ADC1_Init)
    i.MX_DAC_Init                            0x08002874   Section        0  dac.o(i.MX_DAC_Init)
    i.MX_DMA_Init                            0x080028b0   Section        0  dma.o(i.MX_DMA_Init)
    i.MX_GPIO_Init                           0x080028f4   Section        0  gpio.o(i.MX_GPIO_Init)
    i.MX_I2C1_Init                           0x08002a18   Section        0  i2c.o(i.MX_I2C1_Init)
    i.MX_I2C2_Init                           0x08002a54   Section        0  i2c.o(i.MX_I2C2_Init)
    i.MX_IWDG_Init                           0x08002a90   Section        0  iwdg.o(i.MX_IWDG_Init)
    i.MX_TIM1_Init                           0x08002ab8   Section        0  tim.o(i.MX_TIM1_Init)
    i.MX_TIM4_Init                           0x08002b98   Section        0  tim.o(i.MX_TIM4_Init)
    i.MX_USART1_UART_Init                    0x08002c24   Section        0  usart.o(i.MX_USART1_UART_Init)
    i.MX_USART2_UART_Init                    0x08002c5c   Section        0  usart.o(i.MX_USART2_UART_Init)
    i.MemManage_Handler                      0x08002c94   Section        0  stm32f1xx_it.o(i.MemManage_Handler)
    i.NMI_Handler                            0x08002c98   Section        0  stm32f1xx_it.o(i.NMI_Handler)
    i.PendSV_Handler                         0x08002c9c   Section        0  stm32f1xx_it.o(i.PendSV_Handler)
    i.RCC_Delay                              0x08002ca0   Section        0  stm32f1xx_hal_rcc.o(i.RCC_Delay)
    RCC_Delay                                0x08002ca1   Thumb Code    36  stm32f1xx_hal_rcc.o(i.RCC_Delay)
    i.SEGGER_RTT_Write                       0x08002cc8   Section        0  segger_rtt.o(i.SEGGER_RTT_Write)
    i.SEGGER_RTT_WriteNoLock                 0x08002d14   Section        0  segger_rtt.o(i.SEGGER_RTT_WriteNoLock)
    i.SEGGER_RTT_WriteString                 0x08002d98   Section        0  segger_rtt.o(i.SEGGER_RTT_WriteString)
    i.SEGGER_RTT_printf                      0x08002db2   Section        0  segger_rtt_printf.o(i.SEGGER_RTT_printf)
    i.SEGGER_RTT_vprintf                     0x08002dd4   Section        0  segger_rtt_printf.o(i.SEGGER_RTT_vprintf)
    i.SVC_Handler                            0x08003024   Section        0  stm32f1xx_it.o(i.SVC_Handler)
    i.SysTick_Handler                        0x08003026   Section        0  stm32f1xx_it.o(i.SysTick_Handler)
    i.SystemClock_Config                     0x0800302e   Section        0  main.o(i.SystemClock_Config)
    i.SystemInit                             0x080030b4   Section        0  system_stm32f1xx.o(i.SystemInit)
    i.TIM_Base_SetConfig                     0x080030b8   Section        0  stm32f1xx_hal_tim.o(i.TIM_Base_SetConfig)
    i.TIM_ETR_SetConfig                      0x08003164   Section        0  stm32f1xx_hal_tim.o(i.TIM_ETR_SetConfig)
    i.TIM_ITRx_SetConfig                     0x0800317a   Section        0  stm32f1xx_hal_tim.o(i.TIM_ITRx_SetConfig)
    TIM_ITRx_SetConfig                       0x0800317b   Thumb Code    18  stm32f1xx_hal_tim.o(i.TIM_ITRx_SetConfig)
    i.TIM_OC1_SetConfig                      0x0800318c   Section        0  stm32f1xx_hal_tim.o(i.TIM_OC1_SetConfig)
    TIM_OC1_SetConfig                        0x0800318d   Thumb Code   104  stm32f1xx_hal_tim.o(i.TIM_OC1_SetConfig)
    i.TIM_OC2_SetConfig                      0x080031fc   Section        0  stm32f1xx_hal_tim.o(i.TIM_OC2_SetConfig)
    i.TIM_OC3_SetConfig                      0x08003278   Section        0  stm32f1xx_hal_tim.o(i.TIM_OC3_SetConfig)
    TIM_OC3_SetConfig                        0x08003279   Thumb Code   112  stm32f1xx_hal_tim.o(i.TIM_OC3_SetConfig)
    i.TIM_OC4_SetConfig                      0x080032f0   Section        0  stm32f1xx_hal_tim.o(i.TIM_OC4_SetConfig)
    TIM_OC4_SetConfig                        0x080032f1   Thumb Code    74  stm32f1xx_hal_tim.o(i.TIM_OC4_SetConfig)
    i.TIM_TI1_ConfigInputStage               0x08003344   Section        0  stm32f1xx_hal_tim.o(i.TIM_TI1_ConfigInputStage)
    TIM_TI1_ConfigInputStage                 0x08003345   Thumb Code    38  stm32f1xx_hal_tim.o(i.TIM_TI1_ConfigInputStage)
    i.TIM_TI2_ConfigInputStage               0x0800336a   Section        0  stm32f1xx_hal_tim.o(i.TIM_TI2_ConfigInputStage)
    TIM_TI2_ConfigInputStage                 0x0800336b   Thumb Code    40  stm32f1xx_hal_tim.o(i.TIM_TI2_ConfigInputStage)
    i.UART_SetConfig                         0x08003394   Section        0  stm32f1xx_hal_uart.o(i.UART_SetConfig)
    UART_SetConfig                           0x08003395   Thumb Code   248  stm32f1xx_hal_uart.o(i.UART_SetConfig)
    i.UsageFault_Handler                     0x08003490   Section        0  stm32f1xx_it.o(i.UsageFault_Handler)
    i._DoInit                                0x08003494   Section        0  segger_rtt.o(i._DoInit)
    _DoInit                                  0x08003495   Thumb Code    84  segger_rtt.o(i._DoInit)
    i._GetAvailWriteSpace                    0x08003504   Section        0  segger_rtt.o(i._GetAvailWriteSpace)
    _GetAvailWriteSpace                      0x08003505   Thumb Code    28  segger_rtt.o(i._GetAvailWriteSpace)
    i._PrintInt                              0x08003520   Section        0  segger_rtt_printf.o(i._PrintInt)
    _PrintInt                                0x08003521   Thumb Code   236  segger_rtt_printf.o(i._PrintInt)
    i._PrintUnsigned                         0x0800360c   Section        0  segger_rtt_printf.o(i._PrintUnsigned)
    _PrintUnsigned                           0x0800360d   Thumb Code   230  segger_rtt_printf.o(i._PrintUnsigned)
    i._StoreChar                             0x080036f8   Section        0  segger_rtt_printf.o(i._StoreChar)
    _StoreChar                               0x080036f9   Thumb Code    68  segger_rtt_printf.o(i._StoreChar)
    i._WriteBlocking                         0x0800373c   Section        0  segger_rtt.o(i._WriteBlocking)
    _WriteBlocking                           0x0800373d   Thumb Code   118  segger_rtt.o(i._WriteBlocking)
    i._WriteNoCheck                          0x080037b2   Section        0  segger_rtt.o(i._WriteNoCheck)
    _WriteNoCheck                            0x080037b3   Thumb Code    88  segger_rtt.o(i._WriteNoCheck)
    i.__NVIC_GetPriorityGrouping             0x0800380c   Section        0  stm32f1xx_hal_cortex.o(i.__NVIC_GetPriorityGrouping)
    __NVIC_GetPriorityGrouping               0x0800380d   Thumb Code    10  stm32f1xx_hal_cortex.o(i.__NVIC_GetPriorityGrouping)
    i.__NVIC_SetPriority                     0x0800381c   Section        0  stm32f1xx_hal_cortex.o(i.__NVIC_SetPriority)
    __NVIC_SetPriority                       0x0800381d   Thumb Code    32  stm32f1xx_hal_cortex.o(i.__NVIC_SetPriority)
    i._is_digit                              0x08003844   Section        0  __printf_wp.o(i._is_digit)
    i.cm_backtrace_call_stack                0x08003854   Section        0  cm_backtrace.o(i.cm_backtrace_call_stack)
    i.cm_backtrace_fault                     0x08003940   Section        0  cm_backtrace.o(i.cm_backtrace_fault)
    i.cm_backtrace_firmware_info             0x08003be8   Section        0  cm_backtrace.o(i.cm_backtrace_firmware_info)
    i.disassembly_ins_is_bl_blx              0x08003c1c   Section        0  cm_backtrace.o(i.disassembly_ins_is_bl_blx)
    disassembly_ins_is_bl_blx                0x08003c1d   Thumb Code    48  cm_backtrace.o(i.disassembly_ins_is_bl_blx)
    i.dump_stack                             0x08003c4c   Section        0  cm_backtrace.o(i.dump_stack)
    dump_stack                               0x08003c4d   Thumb Code   156  cm_backtrace.o(i.dump_stack)
    i.fault_diagnosis                        0x08003d3c   Section        0  cm_backtrace.o(i.fault_diagnosis)
    fault_diagnosis                          0x08003d3d   Thumb Code   804  cm_backtrace.o(i.fault_diagnosis)
    i.main                                   0x0800406c   Section        0  main.o(i.main)
    i.print_call_stack                       0x080040a4   Section        0  cm_backtrace.o(i.print_call_stack)
    print_call_stack                         0x080040a5   Thumb Code   128  cm_backtrace.o(i.print_call_stack)
    .constdata                               0x08004144   Section       18  stm32f1xx_hal_rcc.o(.constdata)
    aPLLMULFactorTable                       0x08004144   Data          16  stm32f1xx_hal_rcc.o(.constdata)
    aPredivFactorTable                       0x08004154   Data           2  stm32f1xx_hal_rcc.o(.constdata)
    .constdata                               0x08004156   Section       24  system_stm32f1xx.o(.constdata)
    .constdata                               0x0800416e   Section       33  segger_rtt.o(.constdata)
    _aTerminalId                             0x0800416e   Data          16  segger_rtt.o(.constdata)
    _aInitStr                                0x0800417e   Data          17  segger_rtt.o(.constdata)
    .constdata                               0x0800418f   Section       16  segger_rtt_printf.o(.constdata)
    _aV2C                                    0x0800418f   Data          16  segger_rtt_printf.o(.constdata)
    .constdata                               0x080041a0   Section      224  cm_backtrace.o(.constdata)
    print_info                               0x080041a0   Data         152  cm_backtrace.o(.constdata)
    __FUNCTION__                             0x08004238   Data          20  cm_backtrace.o(.constdata)
    __FUNCTION__                             0x0800424c   Data          19  cm_backtrace.o(.constdata)
    .constdata                               0x08004280   Section       40  _printf_hex_int_ll_ptr.o(.constdata)
    uc_hextab                                0x08004280   Data          20  _printf_hex_int_ll_ptr.o(.constdata)
    lc_hextab                                0x08004294   Data          20  _printf_hex_int_ll_ptr.o(.constdata)
    .constdata                               0x080042a8   Section       17  __printf_flags_ss_wp.o(.constdata)
    maptable                                 0x080042a8   Data          17  __printf_flags_ss_wp.o(.constdata)
    .conststring                             0x080042bc   Section     2244  cm_backtrace.o(.conststring)
    .data                                    0x20000000   Section        9  stm32f1xx_hal.o(.data)
    .data                                    0x2000000c   Section        4  system_stm32f1xx.o(.data)
    .data                                    0x20000010   Section       20  cm_backtrace.o(.data)
    main_stack_start_addr                    0x20000010   Data           4  cm_backtrace.o(.data)
    main_stack_size                          0x20000014   Data           4  cm_backtrace.o(.data)
    code_start_addr                          0x20000018   Data           4  cm_backtrace.o(.data)
    code_size                                0x2000001c   Data           4  cm_backtrace.o(.data)
    init_ok                                  0x20000020   Data           1  cm_backtrace.o(.data)
    on_fault                                 0x20000021   Data           1  cm_backtrace.o(.data)
    stack_is_overflow                        0x20000022   Data           1  cm_backtrace.o(.data)
    on_thread_before_fault                   0x20000023   Data           1  cm_backtrace.o(.data)
    .bss                                     0x20000024   Section       48  adc.o(.bss)
    .bss                                     0x20000054   Section       20  dac.o(.bss)
    .bss                                     0x20000068   Section      168  i2c.o(.bss)
    .bss                                     0x20000110   Section       12  iwdg.o(.bss)
    .bss                                     0x2000011c   Section      144  tim.o(.bss)
    .bss                                     0x200001ac   Section      280  usart.o(.bss)
    .bss                                     0x200002c4   Section     1448  segger_rtt.o(.bss)
    _acUpBuffer                              0x2000036c   Data        1024  segger_rtt.o(.bss)
    _acDownBuffer                            0x2000076c   Data         256  segger_rtt.o(.bss)
    .bss                                     0x2000086c   Section      456  cm_backtrace.o(.bss)
    fw_name                                  0x2000086c   Data          33  cm_backtrace.o(.bss)
    hw_ver                                   0x2000088d   Data          33  cm_backtrace.o(.bss)
    sw_ver                                   0x200008ae   Data          33  cm_backtrace.o(.bss)
    call_stack_info                          0x200008cf   Data         288  cm_backtrace.o(.bss)
    regs                                     0x200009f0   Data          68  cm_backtrace.o(.bss)
    .bss                                     0x20000a34   Section       96  libspace.o(.bss)
    HEAP                                     0x20000a98   Section      512  startup_stm32f103xe.o(HEAP)
    Heap_Mem                                 0x20000a98   Data         512  startup_stm32f103xe.o(HEAP)
    STACK                                    0x20000c98   Section     1024  startup_stm32f103xe.o(STACK)
    Stack_Mem                                0x20000c98   Data        1024  startup_stm32f103xe.o(STACK)
    __initial_sp                             0x20001098   Data           0  startup_stm32f103xe.o(STACK)

    Global Symbols

    Symbol Name                              Value     Ov Type        Size  Object(Section)

    BuildAttributes$$THM_ISAv4$P$D$K$B$S$PE$A:L22UL41UL21$X:L11$S22US41US21$IEEE1$IW$USESV6$~STKCKD$USESV7$~SHL$OTIME$ROPI$IEEEJ$EBA8$UX$STANDARDLIB$REQ8$PRES8$EABIv2 0x00000000   Number         0  anon$$obj.o ABSOLUTE
    __ARM_use_no_argv                        0x00000000   Number         0  main.o ABSOLUTE
    _printf_flags                            0x00000000   Number         0  printf_stubs.o ABSOLUTE
    _printf_return_value                     0x00000000   Number         0  printf_stubs.o ABSOLUTE
    _printf_sizespec                         0x00000000   Number         0  printf_stubs.o ABSOLUTE
    _printf_widthprec                        0x00000000   Number         0  printf_stubs.o ABSOLUTE
    __ARM_exceptions_init                     - Undefined Weak Reference
    __alloca_initialize                       - Undefined Weak Reference
    __arm_preinit_                            - Undefined Weak Reference
    __cpp_initialize__aeabi_                  - Undefined Weak Reference
    __cxa_finalize                            - Undefined Weak Reference
    __sigvec_lookup                           - Undefined Weak Reference
    _atexit_init                              - Undefined Weak Reference
    _call_atexit_fns                          - Undefined Weak Reference
    _clock_init                               - Undefined Weak Reference
    _fp_trap_init                             - Undefined Weak Reference
    _fp_trap_shutdown                         - Undefined Weak Reference
    _get_lc_collate                           - Undefined Weak Reference
    _get_lc_monetary                          - Undefined Weak Reference
    _get_lc_time                              - Undefined Weak Reference
    _getenv_init                              - Undefined Weak Reference
    _handle_redirection                       - Undefined Weak Reference
    _init_alloc                               - Undefined Weak Reference
    _init_user_alloc                          - Undefined Weak Reference
    _initio                                   - Undefined Weak Reference
    _printf_mbtowc                            - Undefined Weak Reference
    _printf_wc                                - Undefined Weak Reference
    _rand_init                                - Undefined Weak Reference
    _signal_finish                            - Undefined Weak Reference
    _signal_init                              - Undefined Weak Reference
    _terminate_alloc                          - Undefined Weak Reference
    _terminate_user_alloc                     - Undefined Weak Reference
    _terminateio                              - Undefined Weak Reference
    __Vectors_Size                           0x00000130   Number         0  startup_stm32f103xe.o ABSOLUTE
    Image$$ER_IROM1$$Base                    0x08000000   Number         0  anon$$obj.o ABSOLUTE
    __Vectors                                0x08000000   Data           4  startup_stm32f103xe.o(RESET)
    __Vectors_End                            0x08000130   Data           0  startup_stm32f103xe.o(RESET)
    __main                                   0x08000131   Thumb Code     8  __main.o(!!!main)
    __scatterload                            0x08000139   Thumb Code     0  __scatter.o(!!!scatter)
    __scatterload_rt2                        0x08000139   Thumb Code    44  __scatter.o(!!!scatter)
    __scatterload_rt2_thumb_only             0x08000139   Thumb Code     0  __scatter.o(!!!scatter)
    __scatterload_null                       0x08000147   Thumb Code     0  __scatter.o(!!!scatter)
    __scatterload_copy                       0x0800016d   Thumb Code    26  __scatter_copy.o(!!handler_copy)
    __scatterload_zeroinit                   0x08000189   Thumb Code    28  __scatter_zi.o(!!handler_zi)
    _printf_percent                          0x080001a5   Thumb Code     0  _printf_percent.o(.ARM.Collect$$_printf_percent$$00000000)
    _printf_x                                0x080001a5   Thumb Code     0  _printf_x.o(.ARM.Collect$$_printf_percent$$0000000C)
    _printf_percent_end                      0x080001ab   Thumb Code     0  _printf_percent_end.o(.ARM.Collect$$_printf_percent$$00000017)
    __rt_lib_init                            0x080001af   Thumb Code     0  libinit.o(.ARM.Collect$$libinit$$00000000)
    __rt_lib_init_alloca_1                   0x080001b1   Thumb Code     0  libinit2.o(.ARM.Collect$$libinit$$0000002E)
    __rt_lib_init_argv_1                     0x080001b1   Thumb Code     0  libinit2.o(.ARM.Collect$$libinit$$0000002C)
    __rt_lib_init_atexit_1                   0x080001b1   Thumb Code     0  libinit2.o(.ARM.Collect$$libinit$$0000001B)
    __rt_lib_init_clock_1                    0x080001b1   Thumb Code     0  libinit2.o(.ARM.Collect$$libinit$$00000021)
    __rt_lib_init_cpp_1                      0x080001b1   Thumb Code     0  libinit2.o(.ARM.Collect$$libinit$$00000032)
    __rt_lib_init_exceptions_1               0x080001b1   Thumb Code     0  libinit2.o(.ARM.Collect$$libinit$$00000030)
    __rt_lib_init_fp_1                       0x080001b1   Thumb Code     0  libinit2.o(.ARM.Collect$$libinit$$00000002)
    __rt_lib_init_fp_trap_1                  0x080001b1   Thumb Code     0  libinit2.o(.ARM.Collect$$libinit$$0000001F)
    __rt_lib_init_getenv_1                   0x080001b1   Thumb Code     0  libinit2.o(.ARM.Collect$$libinit$$00000023)
    __rt_lib_init_heap_1                     0x080001b1   Thumb Code     0  libinit2.o(.ARM.Collect$$libinit$$0000000A)
    __rt_lib_init_lc_collate_1               0x080001b1   Thumb Code     0  libinit2.o(.ARM.Collect$$libinit$$00000011)
    __rt_lib_init_lc_ctype_1                 0x080001b1   Thumb Code     0  libinit2.o(.ARM.Collect$$libinit$$00000013)
    __rt_lib_init_lc_monetary_1              0x080001b1   Thumb Code     0  libinit2.o(.ARM.Collect$$libinit$$00000015)
    __rt_lib_init_lc_numeric_1               0x080001b1   Thumb Code     0  libinit2.o(.ARM.Collect$$libinit$$00000017)
    __rt_lib_init_lc_time_1                  0x080001b1   Thumb Code     0  libinit2.o(.ARM.Collect$$libinit$$00000019)
    __rt_lib_init_preinit_1                  0x080001b1   Thumb Code     0  libinit2.o(.ARM.Collect$$libinit$$00000004)
    __rt_lib_init_rand_1                     0x080001b1   Thumb Code     0  libinit2.o(.ARM.Collect$$libinit$$0000000E)
    __rt_lib_init_return                     0x080001b1   Thumb Code     0  libinit2.o(.ARM.Collect$$libinit$$00000033)
    __rt_lib_init_signal_1                   0x080001b1   Thumb Code     0  libinit2.o(.ARM.Collect$$libinit$$0000001D)
    __rt_lib_init_stdio_1                    0x080001b1   Thumb Code     0  libinit2.o(.ARM.Collect$$libinit$$00000025)
    __rt_lib_init_user_alloc_1               0x080001b1   Thumb Code     0  libinit2.o(.ARM.Collect$$libinit$$0000000C)
    __rt_lib_shutdown                        0x080001b3   Thumb Code     0  libshutdown.o(.ARM.Collect$$libshutdown$$00000000)
    __rt_lib_shutdown_cpp_1                  0x080001b5   Thumb Code     0  libshutdown2.o(.ARM.Collect$$libshutdown$$00000002)
    __rt_lib_shutdown_fp_trap_1              0x080001b5   Thumb Code     0  libshutdown2.o(.ARM.Collect$$libshutdown$$00000007)
    __rt_lib_shutdown_heap_1                 0x080001b5   Thumb Code     0  libshutdown2.o(.ARM.Collect$$libshutdown$$0000000F)
    __rt_lib_shutdown_return                 0x080001b5   Thumb Code     0  libshutdown2.o(.ARM.Collect$$libshutdown$$00000010)
    __rt_lib_shutdown_signal_1               0x080001b5   Thumb Code     0  libshutdown2.o(.ARM.Collect$$libshutdown$$0000000A)
    __rt_lib_shutdown_stdio_1                0x080001b5   Thumb Code     0  libshutdown2.o(.ARM.Collect$$libshutdown$$00000004)
    __rt_lib_shutdown_user_alloc_1           0x080001b5   Thumb Code     0  libshutdown2.o(.ARM.Collect$$libshutdown$$0000000C)
    __rt_entry                               0x080001b7   Thumb Code     0  __rtentry.o(.ARM.Collect$$rtentry$$00000000)
    __rt_entry_presh_1                       0x080001b7   Thumb Code     0  __rtentry2.o(.ARM.Collect$$rtentry$$00000002)
    __rt_entry_sh                            0x080001b7   Thumb Code     0  __rtentry4.o(.ARM.Collect$$rtentry$$00000004)
    __rt_entry_li                            0x080001bd   Thumb Code     0  __rtentry2.o(.ARM.Collect$$rtentry$$0000000A)
    __rt_entry_postsh_1                      0x080001bd   Thumb Code     0  __rtentry2.o(.ARM.Collect$$rtentry$$00000009)
    __rt_entry_main                          0x080001c1   Thumb Code     0  __rtentry2.o(.ARM.Collect$$rtentry$$0000000D)
    __rt_entry_postli_1                      0x080001c1   Thumb Code     0  __rtentry2.o(.ARM.Collect$$rtentry$$0000000C)
    __rt_exit                                0x080001c9   Thumb Code     0  rtexit.o(.ARM.Collect$$rtexit$$00000000)
    __rt_exit_ls                             0x080001cb   Thumb Code     0  rtexit2.o(.ARM.Collect$$rtexit$$00000003)
    __rt_exit_prels_1                        0x080001cb   Thumb Code     0  rtexit2.o(.ARM.Collect$$rtexit$$00000002)
    __rt_exit_exit                           0x080001cf   Thumb Code     0  rtexit2.o(.ARM.Collect$$rtexit$$00000004)
    Reset_Handler                            0x080001d5   Thumb Code     8  startup_stm32f103xe.o(.text)
    ADC1_2_IRQHandler                        0x080001ef   Thumb Code     0  startup_stm32f103xe.o(.text)
    ADC3_IRQHandler                          0x080001ef   Thumb Code     0  startup_stm32f103xe.o(.text)
    CAN1_RX1_IRQHandler                      0x080001ef   Thumb Code     0  startup_stm32f103xe.o(.text)
    CAN1_SCE_IRQHandler                      0x080001ef   Thumb Code     0  startup_stm32f103xe.o(.text)
    DMA1_Channel1_IRQHandler                 0x080001ef   Thumb Code     0  startup_stm32f103xe.o(.text)
    DMA1_Channel2_IRQHandler                 0x080001ef   Thumb Code     0  startup_stm32f103xe.o(.text)
    DMA1_Channel3_IRQHandler                 0x080001ef   Thumb Code     0  startup_stm32f103xe.o(.text)
    DMA1_Channel6_IRQHandler                 0x080001ef   Thumb Code     0  startup_stm32f103xe.o(.text)
    DMA1_Channel7_IRQHandler                 0x080001ef   Thumb Code     0  startup_stm32f103xe.o(.text)
    DMA2_Channel1_IRQHandler                 0x080001ef   Thumb Code     0  startup_stm32f103xe.o(.text)
    DMA2_Channel2_IRQHandler                 0x080001ef   Thumb Code     0  startup_stm32f103xe.o(.text)
    DMA2_Channel3_IRQHandler                 0x080001ef   Thumb Code     0  startup_stm32f103xe.o(.text)
    DMA2_Channel4_5_IRQHandler               0x080001ef   Thumb Code     0  startup_stm32f103xe.o(.text)
    EXTI0_IRQHandler                         0x080001ef   Thumb Code     0  startup_stm32f103xe.o(.text)
    EXTI15_10_IRQHandler                     0x080001ef   Thumb Code     0  startup_stm32f103xe.o(.text)
    EXTI1_IRQHandler                         0x080001ef   Thumb Code     0  startup_stm32f103xe.o(.text)
    EXTI2_IRQHandler                         0x080001ef   Thumb Code     0  startup_stm32f103xe.o(.text)
    EXTI3_IRQHandler                         0x080001ef   Thumb Code     0  startup_stm32f103xe.o(.text)
    EXTI4_IRQHandler                         0x080001ef   Thumb Code     0  startup_stm32f103xe.o(.text)
    EXTI9_5_IRQHandler                       0x080001ef   Thumb Code     0  startup_stm32f103xe.o(.text)
    FLASH_IRQHandler                         0x080001ef   Thumb Code     0  startup_stm32f103xe.o(.text)
    FSMC_IRQHandler                          0x080001ef   Thumb Code     0  startup_stm32f103xe.o(.text)
    I2C1_ER_IRQHandler                       0x080001ef   Thumb Code     0  startup_stm32f103xe.o(.text)
    I2C1_EV_IRQHandler                       0x080001ef   Thumb Code     0  startup_stm32f103xe.o(.text)
    I2C2_ER_IRQHandler                       0x080001ef   Thumb Code     0  startup_stm32f103xe.o(.text)
    I2C2_EV_IRQHandler                       0x080001ef   Thumb Code     0  startup_stm32f103xe.o(.text)
    PVD_IRQHandler                           0x080001ef   Thumb Code     0  startup_stm32f103xe.o(.text)
    RCC_IRQHandler                           0x080001ef   Thumb Code     0  startup_stm32f103xe.o(.text)
    RTC_Alarm_IRQHandler                     0x080001ef   Thumb Code     0  startup_stm32f103xe.o(.text)
    RTC_IRQHandler                           0x080001ef   Thumb Code     0  startup_stm32f103xe.o(.text)
    SDIO_IRQHandler                          0x080001ef   Thumb Code     0  startup_stm32f103xe.o(.text)
    SPI1_IRQHandler                          0x080001ef   Thumb Code     0  startup_stm32f103xe.o(.text)
    SPI2_IRQHandler                          0x080001ef   Thumb Code     0  startup_stm32f103xe.o(.text)
    SPI3_IRQHandler                          0x080001ef   Thumb Code     0  startup_stm32f103xe.o(.text)
    TAMPER_IRQHandler                        0x080001ef   Thumb Code     0  startup_stm32f103xe.o(.text)
    TIM1_BRK_IRQHandler                      0x080001ef   Thumb Code     0  startup_stm32f103xe.o(.text)
    TIM1_CC_IRQHandler                       0x080001ef   Thumb Code     0  startup_stm32f103xe.o(.text)
    TIM1_TRG_COM_IRQHandler                  0x080001ef   Thumb Code     0  startup_stm32f103xe.o(.text)
    TIM1_UP_IRQHandler                       0x080001ef   Thumb Code     0  startup_stm32f103xe.o(.text)
    TIM2_IRQHandler                          0x080001ef   Thumb Code     0  startup_stm32f103xe.o(.text)
    TIM3_IRQHandler                          0x080001ef   Thumb Code     0  startup_stm32f103xe.o(.text)
    TIM4_IRQHandler                          0x080001ef   Thumb Code     0  startup_stm32f103xe.o(.text)
    TIM5_IRQHandler                          0x080001ef   Thumb Code     0  startup_stm32f103xe.o(.text)
    TIM6_IRQHandler                          0x080001ef   Thumb Code     0  startup_stm32f103xe.o(.text)
    TIM7_IRQHandler                          0x080001ef   Thumb Code     0  startup_stm32f103xe.o(.text)
    TIM8_BRK_IRQHandler                      0x080001ef   Thumb Code     0  startup_stm32f103xe.o(.text)
    TIM8_CC_IRQHandler                       0x080001ef   Thumb Code     0  startup_stm32f103xe.o(.text)
    TIM8_TRG_COM_IRQHandler                  0x080001ef   Thumb Code     0  startup_stm32f103xe.o(.text)
    TIM8_UP_IRQHandler                       0x080001ef   Thumb Code     0  startup_stm32f103xe.o(.text)
    UART4_IRQHandler                         0x080001ef   Thumb Code     0  startup_stm32f103xe.o(.text)
    UART5_IRQHandler                         0x080001ef   Thumb Code     0  startup_stm32f103xe.o(.text)
    USART1_IRQHandler                        0x080001ef   Thumb Code     0  startup_stm32f103xe.o(.text)
    USART2_IRQHandler                        0x080001ef   Thumb Code     0  startup_stm32f103xe.o(.text)
    USART3_IRQHandler                        0x080001ef   Thumb Code     0  startup_stm32f103xe.o(.text)
    USBWakeUp_IRQHandler                     0x080001ef   Thumb Code     0  startup_stm32f103xe.o(.text)
    USB_HP_CAN1_TX_IRQHandler                0x080001ef   Thumb Code     0  startup_stm32f103xe.o(.text)
    USB_LP_CAN1_RX0_IRQHandler               0x080001ef   Thumb Code     0  startup_stm32f103xe.o(.text)
    WWDG_IRQHandler                          0x080001ef   Thumb Code     0  startup_stm32f103xe.o(.text)
    __user_initial_stackheap                 0x080001f1   Thumb Code     0  startup_stm32f103xe.o(.text)
    HardFault_Handler                        0x08000215   Thumb Code    12  cmb_fault.o(.text)
    __2sprintf                               0x08000221   Thumb Code    38  __2sprintf.o(.text)
    _printf_pre_padding                      0x0800024d   Thumb Code    44  _printf_pad.o(.text)
    _printf_post_padding                     0x08000279   Thumb Code    34  _printf_pad.o(.text)
    _printf_longlong_hex                     0x0800029d   Thumb Code    86  _printf_hex_int_ll_ptr.o(.text)
    _printf_int_hex                          0x080002f3   Thumb Code    28  _printf_hex_int_ll_ptr.o(.text)
    _printf_ll_hex                           0x0800030f   Thumb Code    12  _printf_hex_int_ll_ptr.o(.text)
    _printf_hex_ptr                          0x0800031b   Thumb Code    18  _printf_hex_int_ll_ptr.o(.text)
    __printf                                 0x08000331   Thumb Code   388  __printf_flags_ss_wp.o(.text)
    strlen                                   0x080004b9   Thumb Code    62  strlen.o(.text)
    __aeabi_memcpy                           0x080004f7   Thumb Code     0  rt_memcpy_v6.o(.text)
    __rt_memcpy                              0x080004f7   Thumb Code   138  rt_memcpy_v6.o(.text)
    _memcpy_lastbytes                        0x0800055d   Thumb Code     0  rt_memcpy_v6.o(.text)
    __aeabi_memcpy4                          0x08000581   Thumb Code     0  rt_memcpy_w.o(.text)
    __aeabi_memcpy8                          0x08000581   Thumb Code     0  rt_memcpy_w.o(.text)
    __rt_memcpy_w                            0x08000581   Thumb Code   100  rt_memcpy_w.o(.text)
    _memcpy_lastbytes_aligned                0x080005c9   Thumb Code     0  rt_memcpy_w.o(.text)
    __aeabi_memclr4                          0x080005e5   Thumb Code     0  rt_memclr_w.o(.text)
    __aeabi_memclr8                          0x080005e5   Thumb Code     0  rt_memclr_w.o(.text)
    __rt_memclr_w                            0x080005e5   Thumb Code    78  rt_memclr_w.o(.text)
    _memset_w                                0x080005e9   Thumb Code     0  rt_memclr_w.o(.text)
    __use_two_region_memory                  0x08000633   Thumb Code     2  heapauxi.o(.text)
    __rt_heap_escrow$2region                 0x08000635   Thumb Code     2  heapauxi.o(.text)
    __rt_heap_expand$2region                 0x08000637   Thumb Code     2  heapauxi.o(.text)
    _printf_int_common                       0x08000639   Thumb Code   178  _printf_intcommon.o(.text)
    _printf_char_common                      0x080006f7   Thumb Code    32  _printf_char_common.o(.text)
    _sputc                                   0x0800071d   Thumb Code    10  _sputc.o(.text)
    __user_setup_stackheap                   0x08000727   Thumb Code    74  sys_stackheap_outer.o(.text)
    exit                                     0x08000771   Thumb Code    18  exit.o(.text)
    __user_libspace                          0x08000785   Thumb Code     8  libspace.o(.text)
    __user_perproc_libspace                  0x08000785   Thumb Code     0  libspace.o(.text)
    __user_perthread_libspace                0x08000785   Thumb Code     0  libspace.o(.text)
    _sys_exit                                0x0800078d   Thumb Code     8  sys_exit.o(.text)
    __I$use$semihosting                      0x08000799   Thumb Code     0  use_no_semi.o(.text)
    __use_no_semihosting_swi                 0x08000799   Thumb Code     2  use_no_semi.o(.text)
    ADC_ConversionStop_Disable               0x0800079b   Thumb Code    92  stm32f1xx_hal_adc.o(i.ADC_ConversionStop_Disable)
    __semihosting_library_function           0x0800079b   Thumb Code     0  indicate_semi.o(.text)
    BusFault_Handler                         0x080007f7   Thumb Code     4  stm32f1xx_it.o(i.BusFault_Handler)
    DMA1_Channel4_IRQHandler                 0x080007fd   Thumb Code    10  stm32f1xx_it.o(i.DMA1_Channel4_IRQHandler)
    DMA1_Channel5_IRQHandler                 0x0800080d   Thumb Code    10  stm32f1xx_it.o(i.DMA1_Channel5_IRQHandler)
    DebugMon_Handler                         0x0800081d   Thumb Code     2  stm32f1xx_it.o(i.DebugMon_Handler)
    Error_Handler                            0x0800081f   Thumb Code     6  main.o(i.Error_Handler)
    HAL_ADC_ConfigChannel                    0x08000825   Thumb Code   338  stm32f1xx_hal_adc.o(i.HAL_ADC_ConfigChannel)
    HAL_ADC_Init                             0x08000985   Thumb Code   340  stm32f1xx_hal_adc.o(i.HAL_ADC_Init)
    HAL_ADC_MspInit                          0x08000ae5   Thumb Code   178  adc.o(i.HAL_ADC_MspInit)
    HAL_DAC_ConfigChannel                    0x08000bad   Thumb Code   110  stm32f1xx_hal_dac.o(i.HAL_DAC_ConfigChannel)
    HAL_DAC_Init                             0x08000c1b   Thumb Code    40  stm32f1xx_hal_dac.o(i.HAL_DAC_Init)
    HAL_DAC_MspInit                          0x08000c45   Thumb Code    98  dac.o(i.HAL_DAC_MspInit)
    HAL_DMA_IRQHandler                       0x08000cb5   Thumb Code   910  stm32f1xx_hal_dma.o(i.HAL_DMA_IRQHandler)
    HAL_DMA_Init                             0x0800104d   Thumb Code   132  stm32f1xx_hal_dma.o(i.HAL_DMA_Init)
    HAL_GPIO_Init                            0x080010d9   Thumb Code   792  stm32f1xx_hal_gpio.o(i.HAL_GPIO_Init)
    HAL_GPIO_WritePin                        0x08001419   Thumb Code    12  stm32f1xx_hal_gpio.o(i.HAL_GPIO_WritePin)
    HAL_GetTick                              0x08001425   Thumb Code     6  stm32f1xx_hal.o(i.HAL_GetTick)
    HAL_I2C_Init                             0x08001431   Thumb Code   446  stm32f1xx_hal_i2c.o(i.HAL_I2C_Init)
    HAL_I2C_MspInit                          0x08001601   Thumb Code   190  i2c.o(i.HAL_I2C_MspInit)
    HAL_IWDG_Init                            0x080016d1   Thumb Code    98  stm32f1xx_hal_iwdg.o(i.HAL_IWDG_Init)
    HAL_IncTick                              0x08001735   Thumb Code    16  stm32f1xx_hal.o(i.HAL_IncTick)
    HAL_Init                                 0x0800174d   Thumb Code    34  stm32f1xx_hal.o(i.HAL_Init)
    HAL_InitTick                             0x08001775   Thumb Code    64  stm32f1xx_hal.o(i.HAL_InitTick)
    HAL_MspInit                              0x080017c1   Thumb Code    76  stm32f1xx_hal_msp.o(i.HAL_MspInit)
    HAL_NVIC_EnableIRQ                       0x08001815   Thumb Code    32  stm32f1xx_hal_cortex.o(i.HAL_NVIC_EnableIRQ)
    HAL_NVIC_SetPriority                     0x08001835   Thumb Code   124  stm32f1xx_hal_cortex.o(i.HAL_NVIC_SetPriority)
    HAL_NVIC_SetPriorityGrouping             0x080018b1   Thumb Code    32  stm32f1xx_hal_cortex.o(i.HAL_NVIC_SetPriorityGrouping)
    HAL_RCCEx_PeriphCLKConfig                0x080018d9   Thumb Code   290  stm32f1xx_hal_rcc_ex.o(i.HAL_RCCEx_PeriphCLKConfig)
    HAL_RCC_ClockConfig                      0x08001a09   Thumb Code   376  stm32f1xx_hal_rcc.o(i.HAL_RCC_ClockConfig)
    HAL_RCC_GetHCLKFreq                      0x08001b95   Thumb Code     6  stm32f1xx_hal_rcc.o(i.HAL_RCC_GetHCLKFreq)
    HAL_RCC_GetPCLK1Freq                     0x08001ba1   Thumb Code    22  stm32f1xx_hal_rcc.o(i.HAL_RCC_GetPCLK1Freq)
    HAL_RCC_GetPCLK2Freq                     0x08001bc1   Thumb Code    22  stm32f1xx_hal_rcc.o(i.HAL_RCC_GetPCLK2Freq)
    HAL_RCC_GetSysClockFreq                  0x08001be1   Thumb Code    92  stm32f1xx_hal_rcc.o(i.HAL_RCC_GetSysClockFreq)
    HAL_RCC_OscConfig                        0x08001c51   Thumb Code  1114  stm32f1xx_hal_rcc.o(i.HAL_RCC_OscConfig)
    HAL_SYSTICK_Config                       0x080020b5   Thumb Code    52  stm32f1xx_hal_cortex.o(i.HAL_SYSTICK_Config)
    HAL_TIMEx_ConfigBreakDeadTime            0x080020e9   Thumb Code   116  stm32f1xx_hal_tim_ex.o(i.HAL_TIMEx_ConfigBreakDeadTime)
    HAL_TIMEx_MasterConfigSynchronization    0x0800215d   Thumb Code   134  stm32f1xx_hal_tim_ex.o(i.HAL_TIMEx_MasterConfigSynchronization)
    HAL_TIM_Base_Init                        0x080021f9   Thumb Code   102  stm32f1xx_hal_tim.o(i.HAL_TIM_Base_Init)
    HAL_TIM_Base_MspInit                     0x08002261   Thumb Code   100  tim.o(i.HAL_TIM_Base_MspInit)
    HAL_TIM_ConfigClockSource                0x080022d1   Thumb Code   268  stm32f1xx_hal_tim.o(i.HAL_TIM_ConfigClockSource)
    HAL_TIM_MspPostInit                      0x080023dd   Thumb Code   180  tim.o(i.HAL_TIM_MspPostInit)
    HAL_TIM_PWM_ConfigChannel                0x080024a5   Thumb Code   260  stm32f1xx_hal_tim.o(i.HAL_TIM_PWM_ConfigChannel)
    HAL_TIM_PWM_Init                         0x080025a9   Thumb Code   102  stm32f1xx_hal_tim.o(i.HAL_TIM_PWM_Init)
    HAL_TIM_PWM_MspInit                      0x08002611   Thumb Code    40  tim.o(i.HAL_TIM_PWM_MspInit)
    HAL_UART_Init                            0x08002641   Thumb Code   118  stm32f1xx_hal_uart.o(i.HAL_UART_Init)
    HAL_UART_MspInit                         0x080026b9   Thumb Code   324  usart.o(i.HAL_UART_MspInit)
    MX_ADC1_Init                             0x08002819   Thumb Code    82  adc.o(i.MX_ADC1_Init)
    MX_DAC_Init                              0x08002875   Thumb Code    50  dac.o(i.MX_DAC_Init)
    MX_DMA_Init                              0x080028b1   Thumb Code    64  dma.o(i.MX_DMA_Init)
    MX_GPIO_Init                             0x080028f5   Thumb Code   274  gpio.o(i.MX_GPIO_Init)
    MX_I2C1_Init                             0x08002a19   Thumb Code    48  i2c.o(i.MX_I2C1_Init)
    MX_I2C2_Init                             0x08002a55   Thumb Code    48  i2c.o(i.MX_I2C2_Init)
    MX_IWDG_Init                             0x08002a91   Thumb Code    32  iwdg.o(i.MX_IWDG_Init)
    MX_TIM1_Init                             0x08002ab9   Thumb Code   214  tim.o(i.MX_TIM1_Init)
    MX_TIM4_Init                             0x08002b99   Thumb Code   130  tim.o(i.MX_TIM4_Init)
    MX_USART1_UART_Init                      0x08002c25   Thumb Code    46  usart.o(i.MX_USART1_UART_Init)
    MX_USART2_UART_Init                      0x08002c5d   Thumb Code    46  usart.o(i.MX_USART2_UART_Init)
    MemManage_Handler                        0x08002c95   Thumb Code     4  stm32f1xx_it.o(i.MemManage_Handler)
    NMI_Handler                              0x08002c99   Thumb Code     4  stm32f1xx_it.o(i.NMI_Handler)
    PendSV_Handler                           0x08002c9d   Thumb Code     2  stm32f1xx_it.o(i.PendSV_Handler)
    SEGGER_RTT_Write                         0x08002cc9   Thumb Code    70  segger_rtt.o(i.SEGGER_RTT_Write)
    SEGGER_RTT_WriteNoLock                   0x08002d15   Thumb Code   126  segger_rtt.o(i.SEGGER_RTT_WriteNoLock)
    SEGGER_RTT_WriteString                   0x08002d99   Thumb Code    26  segger_rtt.o(i.SEGGER_RTT_WriteString)
    SEGGER_RTT_printf                        0x08002db3   Thumb Code    34  segger_rtt_printf.o(i.SEGGER_RTT_printf)
    SEGGER_RTT_vprintf                       0x08002dd5   Thumb Code   584  segger_rtt_printf.o(i.SEGGER_RTT_vprintf)
    SVC_Handler                              0x08003025   Thumb Code     2  stm32f1xx_it.o(i.SVC_Handler)
    SysTick_Handler                          0x08003027   Thumb Code     8  stm32f1xx_it.o(i.SysTick_Handler)
    SystemClock_Config                       0x0800302f   Thumb Code   134  main.o(i.SystemClock_Config)
    SystemInit                               0x080030b5   Thumb Code     2  system_stm32f1xx.o(i.SystemInit)
    TIM_Base_SetConfig                       0x080030b9   Thumb Code   150  stm32f1xx_hal_tim.o(i.TIM_Base_SetConfig)
    TIM_ETR_SetConfig                        0x08003165   Thumb Code    22  stm32f1xx_hal_tim.o(i.TIM_ETR_SetConfig)
    TIM_OC2_SetConfig                        0x080031fd   Thumb Code   114  stm32f1xx_hal_tim.o(i.TIM_OC2_SetConfig)
    UsageFault_Handler                       0x08003491   Thumb Code     4  stm32f1xx_it.o(i.UsageFault_Handler)
    _is_digit                                0x08003845   Thumb Code    14  __printf_wp.o(i._is_digit)
    cm_backtrace_call_stack                  0x08003855   Thumb Code   208  cm_backtrace.o(i.cm_backtrace_call_stack)
    cm_backtrace_fault                       0x08003941   Thumb Code   468  cm_backtrace.o(i.cm_backtrace_fault)
    cm_backtrace_firmware_info               0x08003be9   Thumb Code    30  cm_backtrace.o(i.cm_backtrace_firmware_info)
    main                                     0x0800406d   Thumb Code    56  main.o(i.main)
    AHBPrescTable                            0x08004156   Data          16  system_stm32f1xx.o(.constdata)
    APBPrescTable                            0x08004166   Data           8  system_stm32f1xx.o(.constdata)
    Region$$Table$$Base                      0x08004b80   Number         0  anon$$obj.o(Region$$Table)
    Image$$ER_IROM1$$Limit                   0x08004ba0   Number         0  anon$$obj.o ABSOLUTE
    Region$$Table$$Limit                     0x08004ba0   Number         0  anon$$obj.o(Region$$Table)
    uwTick                                   0x20000000   Data           4  stm32f1xx_hal.o(.data)
    uwTickPrio                               0x20000004   Data           4  stm32f1xx_hal.o(.data)
    uwTickFreq                               0x20000008   Data           1  stm32f1xx_hal.o(.data)
    SystemCoreClock                          0x2000000c   Data           4  system_stm32f1xx.o(.data)
    hadc1                                    0x20000024   Data          48  adc.o(.bss)
    hdac                                     0x20000054   Data          20  dac.o(.bss)
    hi2c1                                    0x20000068   Data          84  i2c.o(.bss)
    hi2c2                                    0x200000bc   Data          84  i2c.o(.bss)
    hiwdg                                    0x20000110   Data          12  iwdg.o(.bss)
    htim1                                    0x2000011c   Data          72  tim.o(.bss)
    htim4                                    0x20000164   Data          72  tim.o(.bss)
    huart1                                   0x200001ac   Data          72  usart.o(.bss)
    huart2                                   0x200001f4   Data          72  usart.o(.bss)
    hdma_usart1_rx                           0x2000023c   Data          68  usart.o(.bss)
    hdma_usart1_tx                           0x20000280   Data          68  usart.o(.bss)
    _SEGGER_RTT                              0x200002c4   Data         168  segger_rtt.o(.bss)
    __libspace_start                         0x20000a34   Data          96  libspace.o(.bss)
    __temporary_stack_top$libspace           0x20000a94   Data           0  libspace.o(.bss)
    STACK$$Base                              0x20000c98   Number         0  startup_stm32f103xe.o(STACK)
    STACK$$Limit                             0x20001098   Number         0  startup_stm32f103xe.o(STACK)



==============================================================================

Memory Map of the image

  Image Entry point : 0x08000131

  Load Region LR_IROM1 (Base: 0x08000000, Size: 0x00004bc4, Max: 0x00040000, ABSOLUTE)

    Execution Region ER_IROM1 (Exec base: 0x08000000, Load base: 0x08000000, Size: 0x00004ba0, Max: 0x00040000, ABSOLUTE)

    Exec Addr    Load Addr    Size         Type   Attr      Idx    E Section Name        Object

    0x08000000   0x08000000   0x00000130   Data   RO            3    RESET               startup_stm32f103xe.o
    0x08000130   0x08000130   0x00000008   Code   RO         4857  * !!!main             c_w.l(__main.o)
    0x08000138   0x08000138   0x00000034   Code   RO         5134    !!!scatter          c_w.l(__scatter.o)
    0x0800016c   0x0800016c   0x0000001a   Code   RO         5136    !!handler_copy      c_w.l(__scatter_copy.o)
    0x08000186   0x08000186   0x00000002   PAD
    0x08000188   0x08000188   0x0000001c   Code   RO         5138    !!handler_zi        c_w.l(__scatter_zi.o)
    0x080001a4   0x080001a4   0x00000000   Code   RO         4840    .ARM.Collect$$_printf_percent$$00000000  c_w.l(_printf_percent.o)
    0x080001a4   0x080001a4   0x00000006   Code   RO         4838    .ARM.Collect$$_printf_percent$$0000000C  c_w.l(_printf_x.o)
    0x080001aa   0x080001aa   0x00000004   Code   RO         4898    .ARM.Collect$$_printf_percent$$00000017  c_w.l(_printf_percent_end.o)
    0x080001ae   0x080001ae   0x00000002   Code   RO         4996    .ARM.Collect$$libinit$$00000000  c_w.l(libinit.o)
    0x080001b0   0x080001b0   0x00000000   Code   RO         5017    .ARM.Collect$$libinit$$00000002  c_w.l(libinit2.o)
    0x080001b0   0x080001b0   0x00000000   Code   RO         5019    .ARM.Collect$$libinit$$00000004  c_w.l(libinit2.o)
    0x080001b0   0x080001b0   0x00000000   Code   RO         5022    .ARM.Collect$$libinit$$0000000A  c_w.l(libinit2.o)
    0x080001b0   0x080001b0   0x00000000   Code   RO         5024    .ARM.Collect$$libinit$$0000000C  c_w.l(libinit2.o)
    0x080001b0   0x080001b0   0x00000000   Code   RO         5026    .ARM.Collect$$libinit$$0000000E  c_w.l(libinit2.o)
    0x080001b0   0x080001b0   0x00000000   Code   RO         5029    .ARM.Collect$$libinit$$00000011  c_w.l(libinit2.o)
    0x080001b0   0x080001b0   0x00000000   Code   RO         5031    .ARM.Collect$$libinit$$00000013  c_w.l(libinit2.o)
    0x080001b0   0x080001b0   0x00000000   Code   RO         5033    .ARM.Collect$$libinit$$00000015  c_w.l(libinit2.o)
    0x080001b0   0x080001b0   0x00000000   Code   RO         5035    .ARM.Collect$$libinit$$00000017  c_w.l(libinit2.o)
    0x080001b0   0x080001b0   0x00000000   Code   RO         5037    .ARM.Collect$$libinit$$00000019  c_w.l(libinit2.o)
    0x080001b0   0x080001b0   0x00000000   Code   RO         5039    .ARM.Collect$$libinit$$0000001B  c_w.l(libinit2.o)
    0x080001b0   0x080001b0   0x00000000   Code   RO         5041    .ARM.Collect$$libinit$$0000001D  c_w.l(libinit2.o)
    0x080001b0   0x080001b0   0x00000000   Code   RO         5043    .ARM.Collect$$libinit$$0000001F  c_w.l(libinit2.o)
    0x080001b0   0x080001b0   0x00000000   Code   RO         5045    .ARM.Collect$$libinit$$00000021  c_w.l(libinit2.o)
    0x080001b0   0x080001b0   0x00000000   Code   RO         5047    .ARM.Collect$$libinit$$00000023  c_w.l(libinit2.o)
    0x080001b0   0x080001b0   0x00000000   Code   RO         5049    .ARM.Collect$$libinit$$00000025  c_w.l(libinit2.o)
    0x080001b0   0x080001b0   0x00000000   Code   RO         5053    .ARM.Collect$$libinit$$0000002C  c_w.l(libinit2.o)
    0x080001b0   0x080001b0   0x00000000   Code   RO         5055    .ARM.Collect$$libinit$$0000002E  c_w.l(libinit2.o)
    0x080001b0   0x080001b0   0x00000000   Code   RO         5057    .ARM.Collect$$libinit$$00000030  c_w.l(libinit2.o)
    0x080001b0   0x080001b0   0x00000000   Code   RO         5059    .ARM.Collect$$libinit$$00000032  c_w.l(libinit2.o)
    0x080001b0   0x080001b0   0x00000002   Code   RO         5060    .ARM.Collect$$libinit$$00000033  c_w.l(libinit2.o)
    0x080001b2   0x080001b2   0x00000002   Code   RO         5091    .ARM.Collect$$libshutdown$$00000000  c_w.l(libshutdown.o)
    0x080001b4   0x080001b4   0x00000000   Code   RO         5117    .ARM.Collect$$libshutdown$$00000002  c_w.l(libshutdown2.o)
    0x080001b4   0x080001b4   0x00000000   Code   RO         5119    .ARM.Collect$$libshutdown$$00000004  c_w.l(libshutdown2.o)
    0x080001b4   0x080001b4   0x00000000   Code   RO         5122    .ARM.Collect$$libshutdown$$00000007  c_w.l(libshutdown2.o)
    0x080001b4   0x080001b4   0x00000000   Code   RO         5125    .ARM.Collect$$libshutdown$$0000000A  c_w.l(libshutdown2.o)
    0x080001b4   0x080001b4   0x00000000   Code   RO         5127    .ARM.Collect$$libshutdown$$0000000C  c_w.l(libshutdown2.o)
    0x080001b4   0x080001b4   0x00000000   Code   RO         5130    .ARM.Collect$$libshutdown$$0000000F  c_w.l(libshutdown2.o)
    0x080001b4   0x080001b4   0x00000002   Code   RO         5131    .ARM.Collect$$libshutdown$$00000010  c_w.l(libshutdown2.o)
    0x080001b6   0x080001b6   0x00000000   Code   RO         4859    .ARM.Collect$$rtentry$$00000000  c_w.l(__rtentry.o)
    0x080001b6   0x080001b6   0x00000000   Code   RO         4917    .ARM.Collect$$rtentry$$00000002  c_w.l(__rtentry2.o)
    0x080001b6   0x080001b6   0x00000006   Code   RO         4929    .ARM.Collect$$rtentry$$00000004  c_w.l(__rtentry4.o)
    0x080001bc   0x080001bc   0x00000000   Code   RO         4919    .ARM.Collect$$rtentry$$00000009  c_w.l(__rtentry2.o)
    0x080001bc   0x080001bc   0x00000004   Code   RO         4920    .ARM.Collect$$rtentry$$0000000A  c_w.l(__rtentry2.o)
    0x080001c0   0x080001c0   0x00000000   Code   RO         4922    .ARM.Collect$$rtentry$$0000000C  c_w.l(__rtentry2.o)
    0x080001c0   0x080001c0   0x00000008   Code   RO         4923    .ARM.Collect$$rtentry$$0000000D  c_w.l(__rtentry2.o)
    0x080001c8   0x080001c8   0x00000002   Code   RO         5005    .ARM.Collect$$rtexit$$00000000  c_w.l(rtexit.o)
    0x080001ca   0x080001ca   0x00000000   Code   RO         5064    .ARM.Collect$$rtexit$$00000002  c_w.l(rtexit2.o)
    0x080001ca   0x080001ca   0x00000004   Code   RO         5065    .ARM.Collect$$rtexit$$00000003  c_w.l(rtexit2.o)
    0x080001ce   0x080001ce   0x00000006   Code   RO         5066    .ARM.Collect$$rtexit$$00000004  c_w.l(rtexit2.o)
    0x080001d4   0x080001d4   0x00000040   Code   RO            4    .text               startup_stm32f103xe.o
    0x08000214   0x08000214   0x0000000c   Code   RO         4734    .text               cmb_fault.o
    0x08000220   0x08000220   0x0000002c   Code   RO         4779    .text               c_w.l(__2sprintf.o)
    0x0800024c   0x0800024c   0x0000004e   Code   RO         4789    .text               c_w.l(_printf_pad.o)
    0x0800029a   0x0800029a   0x00000002   PAD
    0x0800029c   0x0800029c   0x00000094   Code   RO         4813    .text               c_w.l(_printf_hex_int_ll_ptr.o)
    0x08000330   0x08000330   0x00000188   Code   RO         4833    .text               c_w.l(__printf_flags_ss_wp.o)
    0x080004b8   0x080004b8   0x0000003e   Code   RO         4841    .text               c_w.l(strlen.o)
    0x080004f6   0x080004f6   0x0000008a   Code   RO         4843    .text               c_w.l(rt_memcpy_v6.o)
    0x08000580   0x08000580   0x00000064   Code   RO         4845    .text               c_w.l(rt_memcpy_w.o)
    0x080005e4   0x080005e4   0x0000004e   Code   RO         4849    .text               c_w.l(rt_memclr_w.o)
    0x08000632   0x08000632   0x00000006   Code   RO         4855    .text               c_w.l(heapauxi.o)
    0x08000638   0x08000638   0x000000b2   Code   RO         4866    .text               c_w.l(_printf_intcommon.o)
    0x080006ea   0x080006ea   0x00000002   PAD
    0x080006ec   0x080006ec   0x00000030   Code   RO         4870    .text               c_w.l(_printf_char_common.o)
    0x0800071c   0x0800071c   0x0000000a   Code   RO         4872    .text               c_w.l(_sputc.o)
    0x08000726   0x08000726   0x0000004a   Code   RO         4946    .text               c_w.l(sys_stackheap_outer.o)
    0x08000770   0x08000770   0x00000012   Code   RO         4985    .text               c_w.l(exit.o)
    0x08000782   0x08000782   0x00000002   PAD
    0x08000784   0x08000784   0x00000008   Code   RO         5002    .text               c_w.l(libspace.o)
    0x0800078c   0x0800078c   0x0000000c   Code   RO         5061    .text               c_w.l(sys_exit.o)
    0x08000798   0x08000798   0x00000002   Code   RO         5080    .text               c_w.l(use_no_semi.o)
    0x0800079a   0x0800079a   0x00000000   Code   RO         5082    .text               c_w.l(indicate_semi.o)
    0x0800079a   0x0800079a   0x0000005c   Code   RO          651    i.ADC_ConversionStop_Disable  stm32f1xx_hal_adc.o
    0x080007f6   0x080007f6   0x00000004   Code   RO          509    i.BusFault_Handler  stm32f1xx_it.o
    0x080007fa   0x080007fa   0x00000002   PAD
    0x080007fc   0x080007fc   0x00000010   Code   RO          510    i.DMA1_Channel4_IRQHandler  stm32f1xx_it.o
    0x0800080c   0x0800080c   0x00000010   Code   RO          511    i.DMA1_Channel5_IRQHandler  stm32f1xx_it.o
    0x0800081c   0x0800081c   0x00000002   Code   RO          512    i.DebugMon_Handler  stm32f1xx_it.o
    0x0800081e   0x0800081e   0x00000006   Code   RO           13    i.Error_Handler     main.o
    0x08000824   0x08000824   0x00000160   Code   RO          657    i.HAL_ADC_ConfigChannel  stm32f1xx_hal_adc.o
    0x08000984   0x08000984   0x00000160   Code   RO          666    i.HAL_ADC_Init      stm32f1xx_hal_adc.o
    0x08000ae4   0x08000ae4   0x000000c8   Code   RO          210    i.HAL_ADC_MspInit   adc.o
    0x08000bac   0x08000bac   0x0000006e   Code   RO         1938    i.HAL_DAC_ConfigChannel  stm32f1xx_hal_dac.o
    0x08000c1a   0x08000c1a   0x00000028   Code   RO         1948    i.HAL_DAC_Init      stm32f1xx_hal_dac.o
    0x08000c42   0x08000c42   0x00000002   PAD
    0x08000c44   0x08000c44   0x00000070   Code   RO          252    i.HAL_DAC_MspInit   dac.o
    0x08000cb4   0x08000cb4   0x00000398   Code   RO         1318    i.HAL_DMA_IRQHandler  stm32f1xx_hal_dma.o
    0x0800104c   0x0800104c   0x0000008c   Code   RO         1319    i.HAL_DMA_Init      stm32f1xx_hal_dma.o
    0x080010d8   0x080010d8   0x00000340   Code   RO         1249    i.HAL_GPIO_Init     stm32f1xx_hal_gpio.o
    0x08001418   0x08001418   0x0000000c   Code   RO         1253    i.HAL_GPIO_WritePin  stm32f1xx_hal_gpio.o
    0x08001424   0x08001424   0x0000000c   Code   RO          938    i.HAL_GetTick       stm32f1xx_hal.o
    0x08001430   0x08001430   0x000001d0   Code   RO         2186    i.HAL_I2C_Init      stm32f1xx_hal_i2c.o
    0x08001600   0x08001600   0x000000d0   Code   RO          318    i.HAL_I2C_MspInit   i2c.o
    0x080016d0   0x080016d0   0x00000062   Code   RO         2652    i.HAL_IWDG_Init     stm32f1xx_hal_iwdg.o
    0x08001732   0x08001732   0x00000002   PAD
    0x08001734   0x08001734   0x00000018   Code   RO          944    i.HAL_IncTick       stm32f1xx_hal.o
    0x0800174c   0x0800174c   0x00000028   Code   RO          945    i.HAL_Init          stm32f1xx_hal.o
    0x08001774   0x08001774   0x0000004c   Code   RO          946    i.HAL_InitTick      stm32f1xx_hal.o
    0x080017c0   0x080017c0   0x00000054   Code   RO          591    i.HAL_MspInit       stm32f1xx_hal_msp.o
    0x08001814   0x08001814   0x00000020   Code   RO         1409    i.HAL_NVIC_EnableIRQ  stm32f1xx_hal_cortex.o
    0x08001834   0x08001834   0x0000007c   Code   RO         1415    i.HAL_NVIC_SetPriority  stm32f1xx_hal_cortex.o
    0x080018b0   0x080018b0   0x00000028   Code   RO         1416    i.HAL_NVIC_SetPriorityGrouping  stm32f1xx_hal_cortex.o
    0x080018d8   0x080018d8   0x00000130   Code   RO         1211    i.HAL_RCCEx_PeriphCLKConfig  stm32f1xx_hal_rcc_ex.o
    0x08001a08   0x08001a08   0x0000018c   Code   RO         1102    i.HAL_RCC_ClockConfig  stm32f1xx_hal_rcc.o
    0x08001b94   0x08001b94   0x0000000c   Code   RO         1107    i.HAL_RCC_GetHCLKFreq  stm32f1xx_hal_rcc.o
    0x08001ba0   0x08001ba0   0x00000020   Code   RO         1109    i.HAL_RCC_GetPCLK1Freq  stm32f1xx_hal_rcc.o
    0x08001bc0   0x08001bc0   0x00000020   Code   RO         1110    i.HAL_RCC_GetPCLK2Freq  stm32f1xx_hal_rcc.o
    0x08001be0   0x08001be0   0x00000070   Code   RO         1111    i.HAL_RCC_GetSysClockFreq  stm32f1xx_hal_rcc.o
    0x08001c50   0x08001c50   0x00000464   Code   RO         1114    i.HAL_RCC_OscConfig  stm32f1xx_hal_rcc.o
    0x080020b4   0x080020b4   0x00000034   Code   RO         1420    i.HAL_SYSTICK_Config  stm32f1xx_hal_cortex.o
    0x080020e8   0x080020e8   0x00000074   Code   RO         3402    i.HAL_TIMEx_ConfigBreakDeadTime  stm32f1xx_hal_tim_ex.o
    0x0800215c   0x0800215c   0x0000009c   Code   RO         3418    i.HAL_TIMEx_MasterConfigSynchronization  stm32f1xx_hal_tim_ex.o
    0x080021f8   0x080021f8   0x00000066   Code   RO         2684    i.HAL_TIM_Base_Init  stm32f1xx_hal_tim.o
    0x0800225e   0x0800225e   0x00000002   PAD
    0x08002260   0x08002260   0x00000070   Code   RO          396    i.HAL_TIM_Base_MspInit  tim.o
    0x080022d0   0x080022d0   0x0000010c   Code   RO         2693    i.HAL_TIM_ConfigClockSource  stm32f1xx_hal_tim.o
    0x080023dc   0x080023dc   0x000000c8   Code   RO          397    i.HAL_TIM_MspPostInit  tim.o
    0x080024a4   0x080024a4   0x00000104   Code   RO         2756    i.HAL_TIM_PWM_ConfigChannel  stm32f1xx_hal_tim.o
    0x080025a8   0x080025a8   0x00000066   Code   RO         2759    i.HAL_TIM_PWM_Init  stm32f1xx_hal_tim.o
    0x0800260e   0x0800260e   0x00000002   PAD
    0x08002610   0x08002610   0x00000030   Code   RO          399    i.HAL_TIM_PWM_MspInit  tim.o
    0x08002640   0x08002640   0x00000076   Code   RO         3696    i.HAL_UART_Init     stm32f1xx_hal_uart.o
    0x080026b6   0x080026b6   0x00000002   PAD
    0x080026b8   0x080026b8   0x00000160   Code   RO          462    i.HAL_UART_MspInit  usart.o
    0x08002818   0x08002818   0x0000005c   Code   RO          211    i.MX_ADC1_Init      adc.o
    0x08002874   0x08002874   0x0000003c   Code   RO          253    i.MX_DAC_Init       dac.o
    0x080028b0   0x080028b0   0x00000044   Code   RO          293    i.MX_DMA_Init       dma.o
    0x080028f4   0x080028f4   0x00000124   Code   RO          185    i.MX_GPIO_Init      gpio.o
    0x08002a18   0x08002a18   0x0000003c   Code   RO          319    i.MX_I2C1_Init      i2c.o
    0x08002a54   0x08002a54   0x0000003c   Code   RO          320    i.MX_I2C2_Init      i2c.o
    0x08002a90   0x08002a90   0x00000028   Code   RO          365    i.MX_IWDG_Init      iwdg.o
    0x08002ab8   0x08002ab8   0x000000e0   Code   RO          400    i.MX_TIM1_Init      tim.o
    0x08002b98   0x08002b98   0x0000008c   Code   RO          401    i.MX_TIM4_Init      tim.o
    0x08002c24   0x08002c24   0x00000038   Code   RO          463    i.MX_USART1_UART_Init  usart.o
    0x08002c5c   0x08002c5c   0x00000038   Code   RO          464    i.MX_USART2_UART_Init  usart.o
    0x08002c94   0x08002c94   0x00000004   Code   RO          513    i.MemManage_Handler  stm32f1xx_it.o
    0x08002c98   0x08002c98   0x00000004   Code   RO          514    i.NMI_Handler       stm32f1xx_it.o
    0x08002c9c   0x08002c9c   0x00000002   Code   RO          515    i.PendSV_Handler    stm32f1xx_it.o
    0x08002c9e   0x08002c9e   0x00000002   PAD
    0x08002ca0   0x08002ca0   0x00000028   Code   RO         1115    i.RCC_Delay         stm32f1xx_hal_rcc.o
    0x08002cc8   0x08002cc8   0x0000004c   Code   RO         4408    i.SEGGER_RTT_Write  segger_rtt.o
    0x08002d14   0x08002d14   0x00000084   Code   RO         4411    i.SEGGER_RTT_WriteNoLock  segger_rtt.o
    0x08002d98   0x08002d98   0x0000001a   Code   RO         4413    i.SEGGER_RTT_WriteString  segger_rtt.o
    0x08002db2   0x08002db2   0x00000022   Code   RO         4620    i.SEGGER_RTT_printf  segger_rtt_printf.o
    0x08002dd4   0x08002dd4   0x00000250   Code   RO         4621    i.SEGGER_RTT_vprintf  segger_rtt_printf.o
    0x08003024   0x08003024   0x00000002   Code   RO          516    i.SVC_Handler       stm32f1xx_it.o
    0x08003026   0x08003026   0x00000008   Code   RO          517    i.SysTick_Handler   stm32f1xx_it.o
    0x0800302e   0x0800302e   0x00000086   Code   RO           14    i.SystemClock_Config  main.o
    0x080030b4   0x080030b4   0x00000002   Code   RO         4040    i.SystemInit        system_stm32f1xx.o
    0x080030b6   0x080030b6   0x00000002   PAD
    0x080030b8   0x080030b8   0x000000ac   Code   RO         2777    i.TIM_Base_SetConfig  stm32f1xx_hal_tim.o
    0x08003164   0x08003164   0x00000016   Code   RO         2788    i.TIM_ETR_SetConfig  stm32f1xx_hal_tim.o
    0x0800317a   0x0800317a   0x00000012   Code   RO         2789    i.TIM_ITRx_SetConfig  stm32f1xx_hal_tim.o
    0x0800318c   0x0800318c   0x00000070   Code   RO         2790    i.TIM_OC1_SetConfig  stm32f1xx_hal_tim.o
    0x080031fc   0x080031fc   0x0000007c   Code   RO         2791    i.TIM_OC2_SetConfig  stm32f1xx_hal_tim.o
    0x08003278   0x08003278   0x00000078   Code   RO         2792    i.TIM_OC3_SetConfig  stm32f1xx_hal_tim.o
    0x080032f0   0x080032f0   0x00000054   Code   RO         2793    i.TIM_OC4_SetConfig  stm32f1xx_hal_tim.o
    0x08003344   0x08003344   0x00000026   Code   RO         2795    i.TIM_TI1_ConfigInputStage  stm32f1xx_hal_tim.o
    0x0800336a   0x0800336a   0x00000028   Code   RO         2797    i.TIM_TI2_ConfigInputStage  stm32f1xx_hal_tim.o
    0x08003392   0x08003392   0x00000002   PAD
    0x08003394   0x08003394   0x000000fc   Code   RO         3723    i.UART_SetConfig    stm32f1xx_hal_uart.o
    0x08003490   0x08003490   0x00000004   Code   RO          518    i.UsageFault_Handler  stm32f1xx_it.o
    0x08003494   0x08003494   0x00000070   Code   RO         4415    i._DoInit           segger_rtt.o
    0x08003504   0x08003504   0x0000001c   Code   RO         4416    i._GetAvailWriteSpace  segger_rtt.o
    0x08003520   0x08003520   0x000000ec   Code   RO         4622    i._PrintInt         segger_rtt_printf.o
    0x0800360c   0x0800360c   0x000000ec   Code   RO         4623    i._PrintUnsigned    segger_rtt_printf.o
    0x080036f8   0x080036f8   0x00000044   Code   RO         4624    i._StoreChar        segger_rtt_printf.o
    0x0800373c   0x0800373c   0x00000076   Code   RO         4418    i._WriteBlocking    segger_rtt.o
    0x080037b2   0x080037b2   0x00000058   Code   RO         4419    i._WriteNoCheck     segger_rtt.o
    0x0800380a   0x0800380a   0x00000002   PAD
    0x0800380c   0x0800380c   0x00000010   Code   RO         1422    i.__NVIC_GetPriorityGrouping  stm32f1xx_hal_cortex.o
    0x0800381c   0x0800381c   0x00000028   Code   RO         1423    i.__NVIC_SetPriority  stm32f1xx_hal_cortex.o
    0x08003844   0x08003844   0x0000000e   Code   RO         4826    i._is_digit         c_w.l(__printf_wp.o)
    0x08003852   0x08003852   0x00000002   PAD
    0x08003854   0x08003854   0x000000ec   Code   RO         4660    i.cm_backtrace_call_stack  cm_backtrace.o
    0x08003940   0x08003940   0x000002a8   Code   RO         4662    i.cm_backtrace_fault  cm_backtrace.o
    0x08003be8   0x08003be8   0x00000034   Code   RO         4663    i.cm_backtrace_firmware_info  cm_backtrace.o
    0x08003c1c   0x08003c1c   0x00000030   Code   RO         4665    i.disassembly_ins_is_bl_blx  cm_backtrace.o
    0x08003c4c   0x08003c4c   0x000000f0   Code   RO         4666    i.dump_stack        cm_backtrace.o
    0x08003d3c   0x08003d3c   0x00000330   Code   RO         4667    i.fault_diagnosis   cm_backtrace.o
    0x0800406c   0x0800406c   0x00000038   Code   RO           15    i.main              main.o
    0x080040a4   0x080040a4   0x000000a0   Code   RO         4668    i.print_call_stack  cm_backtrace.o
    0x08004144   0x08004144   0x00000012   Data   RO         1116    .constdata          stm32f1xx_hal_rcc.o
    0x08004156   0x08004156   0x00000018   Data   RO         4041    .constdata          system_stm32f1xx.o
    0x0800416e   0x0800416e   0x00000021   Data   RO         4421    .constdata          segger_rtt.o
    0x0800418f   0x0800418f   0x00000010   Data   RO         4625    .constdata          segger_rtt_printf.o
    0x0800419f   0x0800419f   0x00000001   PAD
    0x080041a0   0x080041a0   0x000000e0   Data   RO         4670    .constdata          cm_backtrace.o
    0x08004280   0x08004280   0x00000028   Data   RO         4814    .constdata          c_w.l(_printf_hex_int_ll_ptr.o)
    0x080042a8   0x080042a8   0x00000011   Data   RO         4834    .constdata          c_w.l(__printf_flags_ss_wp.o)
    0x080042b9   0x080042b9   0x00000003   PAD
    0x080042bc   0x080042bc   0x000008c4   Data   RO         4671    .conststring        cm_backtrace.o
    0x08004b80   0x08004b80   0x00000020   Data   RO         5132    Region$$Table       anon$$obj.o


    Execution Region RW_IRAM1 (Exec base: 0x20000000, Load base: 0x08004ba0, Size: 0x00001098, Max: 0x0000c000, ABSOLUTE)

    Exec Addr    Load Addr    Size         Type   Attr      Idx    E Section Name        Object

    0x20000000   0x08004ba0   0x00000009   Data   RW          952    .data               stm32f1xx_hal.o
    0x20000009   0x08004ba9   0x00000003   PAD
    0x2000000c   0x08004bac   0x00000004   Data   RW         4042    .data               system_stm32f1xx.o
    0x20000010   0x08004bb0   0x00000014   Data   RW         4672    .data               cm_backtrace.o
    0x20000024        -       0x00000030   Zero   RW          212    .bss                adc.o
    0x20000054        -       0x00000014   Zero   RW          254    .bss                dac.o
    0x20000068        -       0x000000a8   Zero   RW          321    .bss                i2c.o
    0x20000110        -       0x0000000c   Zero   RW          366    .bss                iwdg.o
    0x2000011c        -       0x00000090   Zero   RW          402    .bss                tim.o
    0x200001ac        -       0x00000118   Zero   RW          465    .bss                usart.o
    0x200002c4        -       0x000005a8   Zero   RW         4420    .bss                segger_rtt.o
    0x2000086c        -       0x000001c8   Zero   RW         4669    .bss                cm_backtrace.o
    0x20000a34        -       0x00000060   Zero   RW         5003    .bss                c_w.l(libspace.o)
    0x20000a94   0x08004bc4   0x00000004   PAD
    0x20000a98        -       0x00000200   Zero   RW            2    HEAP                startup_stm32f103xe.o
    0x20000c98        -       0x00000400   Zero   RW            1    STACK               startup_stm32f103xe.o


==============================================================================

Image component sizes


      Code (inc. data)   RO Data    RW Data    ZI Data      Debug   Object Name

       292         32          0          0         48       1629   adc.o
         0          0          0          0          0       3716   app_system.o
      2232        390       2468         20        456       8138   cm_backtrace.o
        12          0          0          0          0        372   cmb_fault.o
       172         24          0          0         20       1499   dac.o
        68          4          0          0          0        690   dma.o
       292         18          0          0          0        955   gpio.o
       328         42          0          0        168       2050   i2c.o
        40          8          0          0         12        611   iwdg.o
       196          0          0          0          0     514212   main.o
       580         40         33          0       1448      11095   segger_rtt.o
      1166         14         16          0          0       5517   segger_rtt_printf.o
        64         26        304          0       1536        780   startup_stm32f103xe.o
       152         32          0          9          0       5677   stm32f1xx_hal.o
       796         26          0          0          0       3016   stm32f1xx_hal_adc.o
       304         22          0          0          0      29199   stm32f1xx_hal_cortex.o
       150          0          0          0          0       1855   stm32f1xx_hal_dac.o
      1060         18          0          0          0       2132   stm32f1xx_hal_dma.o
       844         40          0          0          0       2596   stm32f1xx_hal_gpio.o
       464         18          0          0          0       2067   stm32f1xx_hal_i2c.o
        98          0          0          0          0       1200   stm32f1xx_hal_iwdg.o
        84          8          0          0          0        834   stm32f1xx_hal_msp.o
      1748         98         18          0          0       5720   stm32f1xx_hal_rcc.o
       304         14          0          0          0       1340   stm32f1xx_hal_rcc_ex.o
      1462         58          0          0          0       9536   stm32f1xx_hal_tim.o
       272         22          0          0          0       2040   stm32f1xx_hal_tim_ex.o
       370          4          0          0          0       1680   stm32f1xx_hal_uart.o
        62         12          0          0          0       4136   stm32f1xx_it.o
         2          0         24          4          0       1023   system_stm32f1xx.o
       724         60          0          0        144       3579   tim.o
       464         48          0          0        280       2313   usart.o

    ----------------------------------------------------------------------
     14822       1078       2896         36       4112     631207   Object Totals
         0          0         32          0          0          0   (incl. Generated)
        20          0          1          3          0          0   (incl. Padding)

    ----------------------------------------------------------------------

      Code (inc. data)   RO Data    RW Data    ZI Data      Debug   Library Member Name

        44          6          0          0          0         84   __2sprintf.o
         8          0          0          0          0         68   __main.o
       392          4         17          0          0         92   __printf_flags_ss_wp.o
        14          0          0          0          0         68   __printf_wp.o
         0          0          0          0          0          0   __rtentry.o
        12          0          0          0          0          0   __rtentry2.o
         6          0          0          0          0          0   __rtentry4.o
        52          8          0          0          0          0   __scatter.o
        26          0          0          0          0          0   __scatter_copy.o
        28          0          0          0          0          0   __scatter_zi.o
        48          6          0          0          0         96   _printf_char_common.o
       148          4         40          0          0        160   _printf_hex_int_ll_ptr.o
       178          0          0          0          0         88   _printf_intcommon.o
        78          0          0          0          0        108   _printf_pad.o
         0          0          0          0          0          0   _printf_percent.o
         4          0          0          0          0          0   _printf_percent_end.o
         6          0          0          0          0          0   _printf_x.o
        10          0          0          0          0         68   _sputc.o
        18          0          0          0          0         80   exit.o
         6          0          0          0          0        152   heapauxi.o
         0          0          0          0          0          0   indicate_semi.o
         2          0          0          0          0          0   libinit.o
         2          0          0          0          0          0   libinit2.o
         2          0          0          0          0          0   libshutdown.o
         2          0          0          0          0          0   libshutdown2.o
         8          4          0          0         96         68   libspace.o
        78          0          0          0          0         80   rt_memclr_w.o
       138          0          0          0          0         68   rt_memcpy_v6.o
       100          0          0          0          0         80   rt_memcpy_w.o
         2          0          0          0          0          0   rtexit.o
        10          0          0          0          0          0   rtexit2.o
        62          0          0          0          0         76   strlen.o
        12          4          0          0          0         68   sys_exit.o
        74          0          0          0          0         80   sys_stackheap_outer.o
         2          0          0          0          0         68   use_no_semi.o

    ----------------------------------------------------------------------
      1582         36         60          0        100       1652   Library Totals
        10          0          3          0          4          0   (incl. Padding)

    ----------------------------------------------------------------------

      Code (inc. data)   RO Data    RW Data    ZI Data      Debug   Library Name

      1572         36         57          0         96       1652   c_w.l

    ----------------------------------------------------------------------
      1582         36         60          0        100       1652   Library Totals

    ----------------------------------------------------------------------

==============================================================================


      Code (inc. data)   RO Data    RW Data    ZI Data      Debug   

     16404       1114       2956         36       4212     627187   Grand Totals
     16404       1114       2956         36       4212     627187   ELF Image Totals
     16404       1114       2956         36          0          0   ROM Totals

==============================================================================

    Total RO  Size (Code + RO Data)                19360 (  18.91kB)
    Total RW  Size (RW Data + ZI Data)              4248 (   4.15kB)
    Total ROM Size (Code + RO Data + RW Data)      19396 (  18.94kB)

==============================================================================

