Component: ARM Compiler 5.06 update 6 (build 750) Tool: armlink [4d35ed]

==============================================================================

Section Cross References

    stm32f10x_adc.o(i.ADC_DeInit) refers to stm32f10x_rcc.o(i.RCC_APB2PeriphResetCmd) for RCC_APB2PeriphResetCmd
    stm32f10x_bkp.o(i.BKP_DeInit) refers to stm32f10x_rcc.o(i.RCC_BackupResetCmd) for RCC_BackupResetCmd
    stm32f10x_can.o(i.CAN_DeInit) refers to stm32f10x_rcc.o(i.RCC_APB1PeriphResetCmd) for RCC_APB1PeriphResetCmd
    stm32f10x_can.o(i.CAN_GetITStatus) refers to stm32f10x_can.o(i.CheckITStatus) for CheckITStatus
    stm32f10x_cec.o(i.CEC_DeInit) refers to stm32f10x_rcc.o(i.RCC_APB1PeriphResetCmd) for RCC_APB1PeriphResetCmd
    stm32f10x_dac.o(i.DAC_DeInit) refers to stm32f10x_rcc.o(i.RCC_APB1PeriphResetCmd) for RCC_APB1PeriphResetCmd
    stm32f10x_flash.o(i.FLASH_EnableWriteProtection) refers to stm32f10x_flash.o(i.FLASH_WaitForLastOperation) for FLASH_WaitForLastOperation
    stm32f10x_flash.o(i.FLASH_EraseAllBank1Pages) refers to stm32f10x_flash.o(i.FLASH_WaitForLastBank1Operation) for FLASH_WaitForLastBank1Operation
    stm32f10x_flash.o(i.FLASH_EraseAllPages) refers to stm32f10x_flash.o(i.FLASH_WaitForLastOperation) for FLASH_WaitForLastOperation
    stm32f10x_flash.o(i.FLASH_EraseOptionBytes) refers to stm32f10x_flash.o(i.FLASH_GetReadOutProtectionStatus) for FLASH_GetReadOutProtectionStatus
    stm32f10x_flash.o(i.FLASH_EraseOptionBytes) refers to stm32f10x_flash.o(i.FLASH_WaitForLastOperation) for FLASH_WaitForLastOperation
    stm32f10x_flash.o(i.FLASH_ErasePage) refers to stm32f10x_flash.o(i.FLASH_WaitForLastOperation) for FLASH_WaitForLastOperation
    stm32f10x_flash.o(i.FLASH_ProgramHalfWord) refers to stm32f10x_flash.o(i.FLASH_WaitForLastOperation) for FLASH_WaitForLastOperation
    stm32f10x_flash.o(i.FLASH_ProgramOptionByteData) refers to stm32f10x_flash.o(i.FLASH_WaitForLastOperation) for FLASH_WaitForLastOperation
    stm32f10x_flash.o(i.FLASH_ProgramWord) refers to stm32f10x_flash.o(i.FLASH_WaitForLastOperation) for FLASH_WaitForLastOperation
    stm32f10x_flash.o(i.FLASH_ReadOutProtection) refers to stm32f10x_flash.o(i.FLASH_WaitForLastOperation) for FLASH_WaitForLastOperation
    stm32f10x_flash.o(i.FLASH_UserOptionByteConfig) refers to stm32f10x_flash.o(i.FLASH_WaitForLastOperation) for FLASH_WaitForLastOperation
    stm32f10x_flash.o(i.FLASH_WaitForLastBank1Operation) refers to stm32f10x_flash.o(i.FLASH_GetBank1Status) for FLASH_GetBank1Status
    stm32f10x_flash.o(i.FLASH_WaitForLastOperation) refers to stm32f10x_flash.o(i.FLASH_GetBank1Status) for FLASH_GetBank1Status
    stm32f10x_gpio.o(i.GPIO_AFIODeInit) refers to stm32f10x_rcc.o(i.RCC_APB2PeriphResetCmd) for RCC_APB2PeriphResetCmd
    stm32f10x_gpio.o(i.GPIO_DeInit) refers to stm32f10x_rcc.o(i.RCC_APB2PeriphResetCmd) for RCC_APB2PeriphResetCmd
    stm32f10x_i2c.o(i.I2C_DeInit) refers to stm32f10x_rcc.o(i.RCC_APB1PeriphResetCmd) for RCC_APB1PeriphResetCmd
    stm32f10x_i2c.o(i.I2C_Init) refers to stm32f10x_rcc.o(i.RCC_GetClocksFreq) for RCC_GetClocksFreq
    stm32f10x_pwr.o(i.PWR_DeInit) refers to stm32f10x_rcc.o(i.RCC_APB1PeriphResetCmd) for RCC_APB1PeriphResetCmd
    stm32f10x_rcc.o(i.RCC_GetClocksFreq) refers to stm32f10x_rcc.o(.data) for APBAHBPrescTable
    stm32f10x_rcc.o(i.RCC_WaitForHSEStartUp) refers to stm32f10x_rcc.o(i.RCC_GetFlagStatus) for RCC_GetFlagStatus
    stm32f10x_rtc.o(i.RTC_SetAlarm) refers to stm32f10x_rtc.o(i.RTC_EnterConfigMode) for RTC_EnterConfigMode
    stm32f10x_rtc.o(i.RTC_SetAlarm) refers to stm32f10x_rtc.o(i.RTC_ExitConfigMode) for RTC_ExitConfigMode
    stm32f10x_rtc.o(i.RTC_SetCounter) refers to stm32f10x_rtc.o(i.RTC_EnterConfigMode) for RTC_EnterConfigMode
    stm32f10x_rtc.o(i.RTC_SetCounter) refers to stm32f10x_rtc.o(i.RTC_ExitConfigMode) for RTC_ExitConfigMode
    stm32f10x_rtc.o(i.RTC_SetPrescaler) refers to stm32f10x_rtc.o(i.RTC_EnterConfigMode) for RTC_EnterConfigMode
    stm32f10x_rtc.o(i.RTC_SetPrescaler) refers to stm32f10x_rtc.o(i.RTC_ExitConfigMode) for RTC_ExitConfigMode
    stm32f10x_spi.o(i.I2S_Init) refers to stm32f10x_rcc.o(i.RCC_GetClocksFreq) for RCC_GetClocksFreq
    stm32f10x_spi.o(i.SPI_I2S_DeInit) refers to stm32f10x_rcc.o(i.RCC_APB2PeriphResetCmd) for RCC_APB2PeriphResetCmd
    stm32f10x_spi.o(i.SPI_I2S_DeInit) refers to stm32f10x_rcc.o(i.RCC_APB1PeriphResetCmd) for RCC_APB1PeriphResetCmd
    stm32f10x_tim.o(i.TIM_DeInit) refers to stm32f10x_rcc.o(i.RCC_APB2PeriphResetCmd) for RCC_APB2PeriphResetCmd
    stm32f10x_tim.o(i.TIM_DeInit) refers to stm32f10x_rcc.o(i.RCC_APB1PeriphResetCmd) for RCC_APB1PeriphResetCmd
    stm32f10x_tim.o(i.TIM_ETRClockMode1Config) refers to stm32f10x_tim.o(i.TIM_ETRConfig) for TIM_ETRConfig
    stm32f10x_tim.o(i.TIM_ETRClockMode2Config) refers to stm32f10x_tim.o(i.TIM_ETRConfig) for TIM_ETRConfig
    stm32f10x_tim.o(i.TIM_ICInit) refers to stm32f10x_tim.o(i.TI1_Config) for TI1_Config
[...]
    SEGGER_RTT_vprintf                       0x08009989   Thumb Code   584  segger_rtt_printf.o(i.SEGGER_RTT_vprintf)
    SVC_Handler                              0x08009bd9   Thumb Code     2  stm32f103_it.o(i.SVC_Handler)
    SetMultisynth                            0x08009bdb   Thumb Code   118  bsp_si5351.o(i.SetMultisynth)
    SetPLLClk                                0x08009c51   Thumb Code   214  bsp_si5351.o(i.SetPLLClk)
    Si5351_Init                              0x08009e11   Thumb Code    98  bsp_si5351.o(i.Si5351_Init)
    Si5351_SetFrequency                      0x08009e81   Thumb Code   260  bsp_si5351.o(i.Si5351_SetFrequency)
    Si5351_SetFrequency_ALL_RESET            0x08009f99   Thumb Code    30  bsp_si5351.o(i.Si5351_SetFrequency_ALL_RESET)
    Si5351_StopPWM                           0x08009fbd   Thumb Code    20  bsp_si5351.o(i.Si5351_StopPWM)
    SystemCoreClockUpdate                    0x08009fd1   Thumb Code   142  system_stm32f10x.o(i.SystemCoreClockUpdate)
    SystemInit                               0x0800a075   Thumb Code    78  system_stm32f10x.o(i.SystemInit)
    SystemManager                            0x0800a0d5   Thumb Code    72  app_system.o(i.SystemManager)
    SystemProcess                            0x0800a121   Thumb Code    20  app_system.o(i.SystemProcess)
    System_ChangeMode                        0x0800a139   Thumb Code    98  app_system.o(i.System_ChangeMode)
    System_GetMode                           0x0800a249   Thumb Code     6  app_system.o(i.System_GetMode)
    System_Init                              0x0800a255   Thumb Code   178  app_system.o(i.System_Init)
    TIM2_IRQHandler                          0x0800a481   Thumb Code    30  stm32f103_it.o(i.TIM2_IRQHandler)
    TIM_ARRPreloadConfig                     0x0800a49f   Thumb Code    24  stm32f10x_tim.o(i.TIM_ARRPreloadConfig)
    TIM_BDTRConfig                           0x0800a4b7   Thumb Code    32  stm32f10x_tim.o(i.TIM_BDTRConfig)
    TIM_ClearITPendingBit                    0x0800a4d7   Thumb Code     6  stm32f10x_tim.o(i.TIM_ClearITPendingBit)
    TIM_Cmd                                  0x0800a4dd   Thumb Code    24  stm32f10x_tim.o(i.TIM_Cmd)
    TIM_CtrlPWMOutputs                       0x0800a4f5   Thumb Code    30  stm32f10x_tim.o(i.TIM_CtrlPWMOutputs)
    TIM_ETRClockMode2Config                  0x0800a513   Thumb Code    32  stm32f10x_tim.o(i.TIM_ETRClockMode2Config)
    TIM_ETRConfig                            0x0800a533   Thumb Code    28  stm32f10x_tim.o(i.TIM_ETRConfig)
    TIM_GetITStatus                          0x0800a54f   Thumb Code    34  stm32f10x_tim.o(i.TIM_GetITStatus)
    TIM_ITConfig                             0x0800a571   Thumb Code    18  stm32f10x_tim.o(i.TIM_ITConfig)
    TIM_ITRxExternalClockConfig              0x0800a583   Thumb Code    24  stm32f10x_tim.o(i.TIM_ITRxExternalClockConfig)
    TIM_OC1Init                              0x0800a59d   Thumb Code   132  stm32f10x_tim.o(i.TIM_OC1Init)
    TIM_OC1PreloadConfig                     0x0800a635   Thumb Code    18  stm32f10x_tim.o(i.TIM_OC1PreloadConfig)
    TIM_OCStructInit                         0x0800a647   Thumb Code    20  stm32f10x_tim.o(i.TIM_OCStructInit)
    TIM_SelectInputTrigger                   0x0800a65b   Thumb Code    18  stm32f10x_tim.o(i.TIM_SelectInputTrigger)
    TIM_TimeBaseInit                         0x0800a66d   Thumb Code   122  stm32f10x_tim.o(i.TIM_TimeBaseInit)
    TreatGetRunFlag                          0x0800a711   Thumb Code     6  app_treatmgr.o(i.TreatGetRunFlag)
    USART1_IRQHandler                        0x0800a71d   Thumb Code    44  stm32f103_it.o(i.USART1_IRQHandler)
    USART2_IRQHandler                        0x0800a74d   Thumb Code    44  stm32f103_it.o(i.USART2_IRQHandler)
    USART_ClearITPendingBit                  0x0800a77d   Thumb Code    30  stm32f10x_usart.o(i.USART_ClearITPendingBit)
    USART_Cmd                                0x0800a79b   Thumb Code    24  stm32f10x_usart.o(i.USART_Cmd)
    USART_DMACmd                             0x0800a7b3   Thumb Code    18  stm32f10x_usart.o(i.USART_DMACmd)
    USART_GetITStatus                        0x0800a7c5   Thumb Code    84  stm32f10x_usart.o(i.USART_GetITStatus)
    USART_ITConfig                           0x0800a819   Thumb Code    74  stm32f10x_usart.o(i.USART_ITConfig)
    USART_Init                               0x0800a865   Thumb Code   210  stm32f10x_usart.o(i.USART_Init)
    UsageFault_Handler                       0x0800a93d   Thumb Code     4  stm32f103_it.o(i.UsageFault_Handler)
    __ARM_fpclassify                         0x0800acb7   Thumb Code    40  fpclassify.o(i.__ARM_fpclassify)
    __ARM_fpclassifyf                        0x0800acdf   Thumb Code    38  fpclassifyf.o(i.__ARM_fpclassifyf)
    __mathlib_flt_infnan                     0x0800ad05   Thumb Code     6  funder.o(i.__mathlib_flt_infnan)
    __mathlib_flt_invalid                    0x0800ad0b   Thumb Code     8  funder.o(i.__mathlib_flt_invalid)
    __mathlib_flt_underflow                  0x0800ad13   Thumb Code    10  funder.o(i.__mathlib_flt_underflow)
    __mathlib_rredf2                         0x0800ad1d   Thumb Code   344  rredf.o(i.__mathlib_rredf2)
    _is_digit                                0x0800ae85   Thumb Code    14  __printf_wp.o(i._is_digit)
    cm_backtrace_call_stack                  0x0800ae95   Thumb Code   208  cm_backtrace.o(i.cm_backtrace_call_stack)
    cm_backtrace_fault                       0x0800af81   Thumb Code   468  cm_backtrace.o(i.cm_backtrace_fault)
    cm_backtrace_firmware_info               0x0800b229   Thumb Code    30  cm_backtrace.o(i.cm_backtrace_firmware_info)
    cm_backtrace_init                        0x0800b25d   Thumb Code   106  cm_backtrace.o(i.cm_backtrace_init)
    delay_ms                                 0x0800b301   Thumb Code   136  delay.o(i.delay_ms)
    i2c_Ack                                  0x0800b7dd   Thumb Code    72  lib_aiic.o(i.i2c_Ack)
    i2c_NAck                                 0x0800b835   Thumb Code    60  lib_aiic.o(i.i2c_NAck)
    i2c_ReadByte                             0x0800b871   Thumb Code    80  lib_aiic.o(i.i2c_ReadByte)
    i2c_SendByte                             0x0800b8c1   Thumb Code   114  lib_aiic.o(i.i2c_SendByte)
    i2c_Start                                0x0800b933   Thumb Code    72  lib_aiic.o(i.i2c_Start)
    i2c_Stop                                 0x0800b97b   Thumb Code    48  lib_aiic.o(i.i2c_Stop)
    i2c_WaitAck                              0x0800b9ab   Thumb Code    82  lib_aiic.o(i.i2c_WaitAck)
    main                                     0x0800b9fd   Thumb Code    32  main.o(i.main)
    sinf                                     0x0800bae5   Thumb Code   338  sinf.o(i.sinf)
    _get_lc_numeric                          0x0800bc6d   Thumb Code    44  lc_numeric_c.o(locale$$code)
    _get_lc_ctype                            0x0800bc99   Thumb Code    44  lc_ctype_c.o(locale$$code)
    __aeabi_fadd                             0x0800bcc5   Thumb Code     0  faddsub_clz.o(x$fpl$fadd)
    _fadd                                    0x0800bcc5   Thumb Code   196  faddsub_clz.o(x$fpl$fadd)
    __fpl_fcheck_NaN1                        0x0800bd89   Thumb Code     6  fcheck1.o(x$fpl$fcheck1)
    __aeabi_fdiv                             0x0800bd95   Thumb Code     0  fdiv.o(x$fpl$fdiv)
    _fdiv                                    0x0800bd95   Thumb Code   384  fdiv.o(x$fpl$fdiv)
    __aeabi_f2iz                             0x0800bf19   Thumb Code     0  ffix.o(x$fpl$ffix)
    _ffix                                    0x0800bf19   Thumb Code    54  ffix.o(x$fpl$ffix)
    __aeabi_f2uiz                            0x0800bf51   Thumb Code     0  ffixu.o(x$fpl$ffixu)
    _ffixu                                   0x0800bf51   Thumb Code    62  ffixu.o(x$fpl$ffixu)
    __aeabi_i2f                              0x0800bf91   Thumb Code     0  fflt_clz.o(x$fpl$fflt)
    _fflt                                    0x0800bf91   Thumb Code    48  fflt_clz.o(x$fpl$fflt)
    __aeabi_ui2f                             0x0800bfc1   Thumb Code     0  fflt_clz.o(x$fpl$ffltu)
    _ffltu                                   0x0800bfc1   Thumb Code    38  fflt_clz.o(x$fpl$ffltu)
    __aeabi_fmul                             0x0800bfe9   Thumb Code     0  fmul.o(x$fpl$fmul)
    _fmul                                    0x0800bfe9   Thumb Code   258  fmul.o(x$fpl$fmul)
    __fpl_fnaninf                            0x0800c0eb   Thumb Code   140  fnaninf.o(x$fpl$fnaninf)
    __fpl_fretinf                            0x0800c177   Thumb Code    10  fretinf.o(x$fpl$fretinf)
    _frnd                                    0x0800c181   Thumb Code    96  frnd.o(x$fpl$frnd)
    __aeabi_frsub                            0x0800c1e1   Thumb Code     0  faddsub_clz.o(x$fpl$frsb)
    _frsb                                    0x0800c1e1   Thumb Code    20  faddsub_clz.o(x$fpl$frsb)
    __aeabi_fsub                             0x0800c1f5   Thumb Code     0  faddsub_clz.o(x$fpl$fsub)
    _fsub                                    0x0800c1f5   Thumb Code   234  faddsub_clz.o(x$fpl$fsub)
    _printf_fp_dec                           0x0800c2df   Thumb Code     4  printf1.o(x$fpl$printf1)
    _printf_fp_hex                           0x0800c2e3   Thumb Code     4  printf2.o(x$fpl$printf2)
    __fpl_return_NaN                         0x0800c2e7   Thumb Code   100  retnan.o(x$fpl$retnan)
    __ARM_scalbnf                            0x0800c34b   Thumb Code    76  scalbnf.o(x$fpl$scalbnf)
    __fpl_cmpreturn                          0x0800c397   Thumb Code    48  trapv.o(x$fpl$trapveneer)
    __I$use$fp                               0x0800c3c6   Number         0  usenofp.o(x$fpl$usenofp)
    si5351a_1000_CLK0_registers              0x0800c3d0   Data         344  bsp_si5351.o(.constdata)
    si5351a_1000_CLK1_registers              0x0800c528   Data         344  bsp_si5351.o(.constdata)
    Region$$Table$$Base                      0x0800d70c   Number         0  anon$$obj.o(Region$$Table)
    Region$$Table$$Limit                     0x0800d72c   Number         0  anon$$obj.o(Region$$Table)
    __ctype                                  0x0800d755   Data           0  lc_ctype_c.o(locale$$data)
    Image$$ER_IROM1$$Limit                   0x0800d858   Number         0  anon$$obj.o ABSOLUTE
    SystemCoreClock                          0x20000014   Data           4  system_stm32f10x.o(.data)
    AHBPrescTable                            0x20000018   Data          16  system_stm32f10x.o(.data)
    g_SystemTimeUs                           0x20000030   Data           8  bsp_delay.o(.data)
    s_TreatMgr                               0x20000098   Data           6  app_treatmgr.o(.data)
    BSP_USART1_RxBuf                         0x200000f0   Data         512  bsp_usart.o(.bss)
    BSP_USART2_RxBuf                         0x200002f0   Data         512  bsp_usart.o(.bss)
    St_SI5351A                               0x200004f0   Data          44  bsp_si5351.o(.bss)
    St_fraction                              0x20000520   Data          24  bsp_si5351.o(.bss)
    sSI5351Dev                               0x20000538   Data          16  bsp_si5351.o(.bss)
    s_USART1_RxBuffer                        0x20000570   Data          32  drv_usart.o(.bss)
    s_USART2_RxBuffer                        0x20000590   Data          32  drv_usart.o(.bss)
    s_USART1_RxBufferData                    0x200005b0   Data         512  drv_usart.o(.bss)
    s_USART2_RxBufferData                    0x200007b0   Data         512  drv_usart.o(.bss)
    s_AppCommInfo                            0x200009b0   Data         430  app_comm.o(.bss)
    _SEGGER_RTT                              0x2000129c   Data         168  segger_rtt.o(.bss)
    __libspace_start                         0x20001a0c   Data          96  libspace.o(.bss)
    __temporary_stack_top$libspace           0x20001a6c   Data           0  libspace.o(.bss)
    STACK$$Base                              0x20001c70   Number         0  startup_stm32f10x_hd.o(STACK)
    STACK$$Limit                             0x20002070   Number         0  startup_stm32f10x_hd.o(STACK)



==============================================================================

Memory Map of the image

  Image Entry point : 0x08000131

  Load Region LR_IROM1 (Base: 0x08000000, Size: 0x0000d920, Max: 0x00040000, ABSOLUTE)

    Execution Region ER_IROM1 (Exec base: 0x08000000, Load base: 0x08000000, Size: 0x0000d858, Max: 0x00040000, ABSOLUTE)

    Exec Addr    Load Addr    Size         Type   Attr      Idx    E Section Name        Object

    0x08000000   0x08000000   0x00000130   Data   RO         4496    RESET               startup_stm32f10x_hd.o
    0x08000130   0x08000130   0x00000008   Code   RO         6287  * !!!main             c_w.l(__main.o)
    0x08000138   0x08000138   0x00000034   Code   RO         6674    !!!scatter          c_w.l(__scatter.o)
    0x0800016c   0x0800016c   0x0000001a   Code   RO         6676    !!handler_copy      c_w.l(__scatter_copy.o)
    0x08000186   0x08000186   0x00000002   PAD
    0x08000188   0x08000188   0x0000001c   Code   RO         6678    !!handler_zi        c_w.l(__scatter_zi.o)
    0x080001a4   0x080001a4   0x00000000   Code   RO         6268    .ARM.Collect$$_printf_percent$$00000000  c_w.l(_printf_percent.o)
    0x080001a4   0x080001a4   0x00000006   Code   RO         6377    .ARM.Collect$$_printf_percent$$00000001  c_w.l(_printf_n.o)
    0x080001aa   0x080001aa   0x00000006   Code   RO         6378    .ARM.Collect$$_printf_percent$$00000002  c_w.l(_printf_p.o)
    0x080001b0   0x080001b0   0x00000006   Code   RO         6382    .ARM.Collect$$_printf_percent$$00000003  c_w.l(_printf_f.o)
    0x080001b6   0x080001b6   0x00000006   Code   RO         6383    .ARM.Collect$$_printf_percent$$00000004  c_w.l(_printf_e.o)
    0x080001bc   0x080001bc   0x00000006   Code   RO         6384    .ARM.Collect$$_printf_percent$$00000005  c_w.l(_printf_g.o)
    0x080001c2   0x080001c2   0x00000006   Code   RO         6385    .ARM.Collect$$_printf_percent$$00000006  c_w.l(_printf_a.o)
    0x080001c8   0x080001c8   0x0000000a   Code   RO         6390    .ARM.Collect$$_printf_percent$$00000007  c_w.l(_printf_ll.o)
    0x080001d2   0x080001d2   0x00000006   Code   RO         6380    .ARM.Collect$$_printf_percent$$00000008  c_w.l(_printf_i.o)
    0x080001d8   0x080001d8   0x00000006   Code   RO         6381    .ARM.Collect$$_printf_percent$$00000009  c_w.l(_printf_d.o)
    0x080001de   0x080001de   0x00000006   Code   RO         6267    .ARM.Collect$$_printf_percent$$0000000A  c_w.l(_printf_u.o)
    0x080001e4   0x080001e4   0x00000006   Code   RO         6379    .ARM.Collect$$_printf_percent$$0000000B  c_w.l(_printf_o.o)
    0x080001ea   0x080001ea   0x00000006   Code   RO         6266    .ARM.Collect$$_printf_percent$$0000000C  c_w.l(_printf_x.o)
    0x080001f0   0x080001f0   0x00000006   Code   RO         6387    .ARM.Collect$$_printf_percent$$0000000D  c_w.l(_printf_lli.o)
    0x080001f6   0x080001f6   0x00000006   Code   RO         6388    .ARM.Collect$$_printf_percent$$0000000E  c_w.l(_printf_lld.o)
    0x080001fc   0x080001fc   0x00000006   Code   RO         6389    .ARM.Collect$$_printf_percent$$0000000F  c_w.l(_printf_llu.o)
    0x08000202   0x08000202   0x00000006   Code   RO         6394    .ARM.Collect$$_printf_percent$$00000010  c_w.l(_printf_llo.o)
    0x08000208   0x08000208   0x00000006   Code   RO         6395    .ARM.Collect$$_printf_percent$$00000011  c_w.l(_printf_llx.o)
    0x0800020e   0x0800020e   0x0000000a   Code   RO         6391    .ARM.Collect$$_printf_percent$$00000012  c_w.l(_printf_l.o)
    0x08000218   0x08000218   0x00000006   Code   RO         6264    .ARM.Collect$$_printf_percent$$00000013  c_w.l(_printf_c.o)
    0x0800021e   0x0800021e   0x00000006   Code   RO         6265    .ARM.Collect$$_printf_percent$$00000014  c_w.l(_printf_s.o)
    0x08000224   0x08000224   0x00000006   Code   RO         6392    .ARM.Collect$$_printf_percent$$00000015  c_w.l(_printf_lc.o)
    0x0800022a   0x0800022a   0x00000006   Code   RO         6393    .ARM.Collect$$_printf_percent$$00000016  c_w.l(_printf_ls.o)
    0x08000230   0x08000230   0x00000004   Code   RO         6386    .ARM.Collect$$_printf_percent$$00000017  c_w.l(_printf_percent_end.o)
    0x08000234   0x08000234   0x00000002   Code   RO         6532    .ARM.Collect$$libinit$$00000000  c_w.l(libinit.o)
    0x08000236   0x08000236   0x00000000   Code   RO         6553    .ARM.Collect$$libinit$$00000002  c_w.l(libinit2.o)
    0x08000236   0x08000236   0x00000000   Code   RO         6555    .ARM.Collect$$libinit$$00000004  c_w.l(libinit2.o)
    0x08000236   0x08000236   0x00000000   Code   RO         6558    .ARM.Collect$$libinit$$0000000A  c_w.l(libinit2.o)
    0x08000236   0x08000236   0x00000000   Code   RO         6560    .ARM.Collect$$libinit$$0000000C  c_w.l(libinit2.o)
    0x08000236   0x08000236   0x00000000   Code   RO         6562    .ARM.Collect$$libinit$$0000000E  c_w.l(libinit2.o)
    0x08000236   0x08000236   0x00000006   Code   RO         6563    .ARM.Collect$$libinit$$0000000F  c_w.l(libinit2.o)
    0x0800023c   0x0800023c   0x00000000   Code   RO         6565    .ARM.Collect$$libinit$$00000011  c_w.l(libinit2.o)
    0x0800023c   0x0800023c   0x0000000c   Code   RO         6566    .ARM.Collect$$libinit$$00000012  c_w.l(libinit2.o)
    0x08000248   0x08000248   0x00000000   Code   RO         6567    .ARM.Collect$$libinit$$00000013  c_w.l(libinit2.o)
    0x08000248   0x08000248   0x00000000   Code   RO         6569    .ARM.Collect$$libinit$$00000015  c_w.l(libinit2.o)
    0x08000248   0x08000248   0x0000000a   Code   RO         6570    .ARM.Collect$$libinit$$00000016  c_w.l(libinit2.o)
    0x08000252   0x08000252   0x00000000   Code   RO         6571    .ARM.Collect$$libinit$$00000017  c_w.l(libinit2.o)
    0x08000252   0x08000252   0x00000000   Code   RO         6573    .ARM.Collect$$libinit$$00000019  c_w.l(libinit2.o)
    0x08000252   0x08000252   0x00000000   Code   RO         6575    .ARM.Collect$$libinit$$0000001B  c_w.l(libinit2.o)
    0x08000252   0x08000252   0x00000000   Code   RO         6577    .ARM.Collect$$libinit$$0000001D  c_w.l(libinit2.o)
    0x08000252   0x08000252   0x00000000   Code   RO         6579    .ARM.Collect$$libinit$$0000001F  c_w.l(libinit2.o)
    0x08000252   0x08000252   0x00000000   Code   RO         6581    .ARM.Collect$$libinit$$00000021  c_w.l(libinit2.o)
    0x08000252   0x08000252   0x00000000   Code   RO         6583    .ARM.Collect$$libinit$$00000023  c_w.l(libinit2.o)
    0x08000252   0x08000252   0x00000000   Code   RO         6585    .ARM.Collect$$libinit$$00000025  c_w.l(libinit2.o)
    0x08000252   0x08000252   0x00000000   Code   RO         6589    .ARM.Collect$$libinit$$0000002C  c_w.l(libinit2.o)
    0x08000252   0x08000252   0x00000000   Code   RO         6591    .ARM.Collect$$libinit$$0000002E  c_w.l(libinit2.o)
    0x08000252   0x08000252   0x00000000   Code   RO         6593    .ARM.Collect$$libinit$$00000030  c_w.l(libinit2.o)
    0x08000252   0x08000252   0x00000000   Code   RO         6595    .ARM.Collect$$libinit$$00000032  c_w.l(libinit2.o)
    0x08000252   0x08000252   0x00000002   Code   RO         6596    .ARM.Collect$$libinit$$00000033  c_w.l(libinit2.o)
    0x08000254   0x08000254   0x00000002   Code   RO         6631    .ARM.Collect$$libshutdown$$00000000  c_w.l(libshutdown.o)
    0x08000256   0x08000256   0x00000000   Code   RO         6657    .ARM.Collect$$libshutdown$$00000002  c_w.l(libshutdown2.o)
    0x08000256   0x08000256   0x00000000   Code   RO         6659    .ARM.Collect$$libshutdown$$00000004  c_w.l(libshutdown2.o)
    0x08000256   0x08000256   0x00000000   Code   RO         6662    .ARM.Collect$$libshutdown$$00000007  c_w.l(libshutdown2.o)
    0x08000256   0x08000256   0x00000000   Code   RO         6665    .ARM.Collect$$libshutdown$$0000000A  c_w.l(libshutdown2.o)
    0x08000256   0x08000256   0x00000000   Code   RO         6667    .ARM.Collect$$libshutdown$$0000000C  c_w.l(libshutdown2.o)
    0x08000256   0x08000256   0x00000000   Code   RO         6670    .ARM.Collect$$libshutdown$$0000000F  c_w.l(libshutdown2.o)
    0x08000256   0x08000256   0x00000002   Code   RO         6671    .ARM.Collect$$libshutdown$$00000010  c_w.l(libshutdown2.o)
    0x08000258   0x08000258   0x00000000   Code   RO         6345    .ARM.Collect$$rtentry$$00000000  c_w.l(__rtentry.o)
    0x08000258   0x08000258   0x00000000   Code   RO         6441    .ARM.Collect$$rtentry$$00000002  c_w.l(__rtentry2.o)
    0x08000258   0x08000258   0x00000006   Code   RO         6453    .ARM.Collect$$rtentry$$00000004  c_w.l(__rtentry4.o)
    0x0800025e   0x0800025e   0x00000000   Code   RO         6443    .ARM.Collect$$rtentry$$00000009  c_w.l(__rtentry2.o)
    0x0800025e   0x0800025e   0x00000004   Code   RO         6444    .ARM.Collect$$rtentry$$0000000A  c_w.l(__rtentry2.o)
    0x08000262   0x08000262   0x00000000   Code   RO         6446    .ARM.Collect$$rtentry$$0000000C  c_w.l(__rtentry2.o)
    0x08000262   0x08000262   0x00000008   Code   RO         6447    .ARM.Collect$$rtentry$$0000000D  c_w.l(__rtentry2.o)
    0x0800026a   0x0800026a   0x00000002   Code   RO         6541    .ARM.Collect$$rtexit$$00000000  c_w.l(rtexit.o)
    0x0800026c   0x0800026c   0x00000000   Code   RO         6602    .ARM.Collect$$rtexit$$00000002  c_w.l(rtexit2.o)
    0x0800026c   0x0800026c   0x00000004   Code   RO         6603    .ARM.Collect$$rtexit$$00000003  c_w.l(rtexit2.o)
    0x08000270   0x08000270   0x00000006   Code   RO         6604    .ARM.Collect$$rtexit$$00000004  c_w.l(rtexit2.o)
    0x08000276   0x08000276   0x00000002   PAD
    0x08000278   0x08000278   0x00000040   Code   RO         4497    .text               startup_stm32f10x_hd.o
    0x080002b8   0x080002b8   0x0000000c   Code   RO         6012    .text               cmb_fault.o
    0x080002c4   0x080002c4   0x000000ee   Code   RO         6203    .text               c_w.l(lludivv7m.o)
    0x080003b2   0x080003b2   0x00000002   PAD
    0x080003b4   0x080003b4   0x00000034   Code   RO         6205    .text               c_w.l(vsnprintf.o)
    0x080003e8   0x080003e8   0x0000002c   Code   RO         6207    .text               c_w.l(__2sprintf.o)
    0x08000414   0x08000414   0x00000038   Code   RO         6209    .text               c_w.l(__2snprintf.o)
    0x0800044c   0x0800044c   0x0000004e   Code   RO         6217    .text               c_w.l(_printf_pad.o)
    0x0800049a   0x0800049a   0x00000052   Code   RO         6219    .text               c_w.l(_printf_str.o)
    0x080004ec   0x080004ec   0x00000078   Code   RO         6221    .text               c_w.l(_printf_dec.o)
    0x08000564   0x08000564   0x00000094   Code   RO         6241    .text               c_w.l(_printf_hex_int_ll_ptr.o)
    0x080005f8   0x080005f8   0x00000188   Code   RO         6261    .text               c_w.l(__printf_flags_ss_wp.o)
    0x08000780   0x08000780   0x00000058   Code   RO         6269    .text               c_w.l(memcmp.o)
    0x080007d8   0x080007d8   0x0000003e   Code   RO         6271    .text               c_w.l(strlen.o)
    0x08000816   0x08000816   0x0000008a   Code   RO         6273    .text               c_w.l(rt_memcpy_v6.o)
    0x080008a0   0x080008a0   0x00000064   Code   RO         6275    .text               c_w.l(rt_memcpy_w.o)
    0x08000904   0x08000904   0x00000044   Code   RO         6277    .text               c_w.l(rt_memclr.o)
    0x08000948   0x08000948   0x0000004e   Code   RO         6279    .text               c_w.l(rt_memclr_w.o)
    0x08000996   0x08000996   0x00000056   Code   RO         6281    .text               c_w.l(strncpy.o)
    0x080009ec   0x080009ec   0x00000080   Code   RO         6283    .text               c_w.l(strcmpv7m.o)
    0x08000a6c   0x08000a6c   0x00000006   Code   RO         6285    .text               c_w.l(heapauxi.o)
    0x08000a72   0x08000a72   0x00000016   Code   RO         6350    .text               c_w.l(_rserrno.o)
    0x08000a88   0x08000a88   0x00000024   Code   RO         6352    .text               c_w.l(_printf_truncate.o)
    0x08000aac   0x08000aac   0x000000b2   Code   RO         6354    .text               c_w.l(_printf_intcommon.o)
    0x08000b5e   0x08000b5e   0x00000028   Code   RO         6356    .text               c_w.l(_printf_charcount.o)
    0x08000b86   0x08000b86   0x00000002   PAD
    0x08000b88   0x08000b88   0x00000030   Code   RO         6358    .text               c_w.l(_printf_char_common.o)
    0x08000bb8   0x08000bb8   0x0000000a   Code   RO         6360    .text               c_w.l(_sputc.o)
    0x08000bc2   0x08000bc2   0x00000010   Code   RO         6362    .text               c_w.l(_snputc.o)
    0x08000bd2   0x08000bd2   0x0000002c   Code   RO         6364    .text               c_w.l(_printf_char.o)
    0x08000bfe   0x08000bfe   0x00000002   PAD
    0x08000c00   0x08000c00   0x000000bc   Code   RO         6366    .text               c_w.l(_printf_wctomb.o)
    0x08000cbc   0x08000cbc   0x0000007c   Code   RO         6369    .text               c_w.l(_printf_longlong_dec.o)
    0x08000d38   0x08000d38   0x00000070   Code   RO         6375    .text               c_w.l(_printf_oct_int_ll.o)
    0x08000da8   0x08000da8   0x00000008   Code   RO         6460    .text               c_w.l(rt_errno_addr_intlibspace.o)
    0x08000db0   0x08000db0   0x0000008a   Code   RO         6462    .text               c_w.l(lludiv10.o)
    0x08000e3a   0x08000e3a   0x0000041e   Code   RO         6464    .text               c_w.l(_printf_fp_dec.o)
    0x08001258   0x08001258   0x000002fc   Code   RO         6466    .text               c_w.l(_printf_fp_hex.o)
    0x08001554   0x08001554   0x0000002c   Code   RO         6471    .text               c_w.l(_printf_wchar.o)
    0x08001580   0x08001580   0x00000040   Code   RO         6473    .text               c_w.l(_wcrtomb.o)
    0x080015c0   0x080015c0   0x00000008   Code   RO         6479    .text               c_w.l(libspace.o)
    0x080015c8   0x080015c8   0x0000004a   Code   RO         6482    .text               c_w.l(sys_stackheap_outer.o)
    0x08001612   0x08001612   0x00000002   PAD
    0x08001614   0x08001614   0x00000010   Code   RO         6484    .text               c_w.l(rt_ctype_table.o)
    0x08001624   0x08001624   0x00000008   Code   RO         6489    .text               c_w.l(rt_locale_intlibspace.o)
    0x0800162c   0x0800162c   0x00000080   Code   RO         6491    .text               c_w.l(_printf_fp_infnan.o)
    0x080016ac   0x080016ac   0x000000e4   Code   RO         6493    .text               c_w.l(bigflt0.o)
    0x08001790   0x08001790   0x00000012   Code   RO         6521    .text               c_w.l(exit.o)
    0x080017a2   0x080017a2   0x00000002   PAD
    0x080017a4   0x080017a4   0x0000000c   Code   RO         6599    .text               c_w.l(sys_exit.o)
    0x080017b0   0x080017b0   0x00000002   Code   RO         6620    .text               c_w.l(use_no_semi.o)
    0x080017b2   0x080017b2   0x00000000   Code   RO         6622    .text               c_w.l(indicate_semi.o)
    0x080017b2   0x080017b2   0x0000003e   Code   RO         6496    CL$$btod_d2e        c_w.l(btod.o)
    0x080017f0   0x080017f0   0x00000046   Code   RO         6498    CL$$btod_d2e_denorm_low  c_w.l(btod.o)
    0x08001836   0x08001836   0x00000060   Code   RO         6497    CL$$btod_d2e_norm_op1  c_w.l(btod.o)
    0x08001896   0x08001896   0x00000338   Code   RO         6506    CL$$btod_div_common  c_w.l(btod.o)
    0x08001bce   0x08001bce   0x000000dc   Code   RO         6503    CL$$btod_e2e        c_w.l(btod.o)
    0x08001caa   0x08001caa   0x0000002a   Code   RO         6500    CL$$btod_ediv       c_w.l(btod.o)
    0x08001cd4   0x08001cd4   0x0000002a   Code   RO         6499    CL$$btod_emul       c_w.l(btod.o)
    0x08001cfe   0x08001cfe   0x00000244   Code   RO         6505    CL$$btod_mult_common  c_w.l(btod.o)
    0x08001f42   0x08001f42   0x00000016   Code   RO          131    i.ADC_Cmd           stm32f10x_adc.o
    0x08001f58   0x08001f58   0x00000016   Code   RO          132    i.ADC_DMACmd        stm32f10x_adc.o
    0x08001f6e   0x08001f6e   0x00000014   Code   RO          139    i.ADC_GetCalibrationStatus  stm32f10x_adc.o
    0x08001f82   0x08001f82   0x00000014   Code   RO          145    i.ADC_GetResetCalibrationStatus  stm32f10x_adc.o
    0x08001f96   0x08001f96   0x00000002   PAD
    0x08001f98   0x08001f98   0x00000050   Code   RO          149    i.ADC_Init          stm32f10x_adc.o
    0x08001fe8   0x08001fe8   0x000000b8   Code   RO          153    i.ADC_RegularChannelConfig  stm32f10x_adc.o
    0x080020a0   0x080020a0   0x0000000a   Code   RO          154    i.ADC_ResetCalibration  stm32f10x_adc.o
    0x080020aa   0x080020aa   0x00000016   Code   RO          156    i.ADC_SoftwareStartConvCmd  stm32f10x_adc.o
    0x080020c0   0x080020c0   0x0000000a   Code   RO          158    i.ADC_StartCalibration  stm32f10x_adc.o
    0x080020ca   0x080020ca   0x00000002   PAD
    0x080020cc   0x080020cc   0x00000038   Code   RO         4268    i.Aiic_Init         drv_24c02.o
    0x08002104   0x08002104   0x00000064   Code   RO         4269    i.Aiic_ReadByte     drv_24c02.o
    0x08002168   0x08002168   0x00000030   Code   RO         4271    i.Aiic_WritePage    drv_24c02.o
    0x08002198   0x08002198   0x00000034   Code   RO         4501    i.App_Comm_ClearAllRxWorkStates  app_comm.o
    0x080021cc   0x080021cc   0x00000064   Code   RO         4502    i.App_Comm_CreateAndSend  app_comm.o
    0x08002230   0x08002230   0x00000036   Code   RO         4503    i.App_Comm_GetConnStateFromMgr  app_comm.o
    0x08002266   0x08002266   0x00000002   PAD
    0x08002268   0x08002268   0x00000008   Code   RO         4504    i.App_Comm_GetHeatTransData  app_comm.o
    0x08002270   0x08002270   0x00000008   Code   RO         4505    i.App_Comm_GetRFTransData  app_comm.o
    0x08002278   0x08002278   0x00000008   Code   RO         4506    i.App_Comm_GetSWTransData  app_comm.o
    0x08002280   0x08002280   0x00000008   Code   RO         4507    i.App_Comm_GetUSTransData  app_comm.o
    0x08002288   0x08002288   0x00000014   Code   RO         4508    i.App_Comm_Init     app_comm.o
    0x0800229c   0x0800229c   0x00000028   Code   RO         4509    i.App_Comm_MapProbeStatusToProtocolModule  app_comm.o
    0x080022c4   0x080022c4   0x00000020   Code   RO         4510    i.App_Comm_Process  app_comm.o
    0x080022e4   0x080022e4   0x0000011c   Code   RO         4511    i.App_Comm_RecvData  app_comm.o
    0x08002400   0x08002400   0x00000334   Code   RO         4512    i.App_Comm_RecvDataHandle  app_comm.o
    0x08002734   0x08002734   0x0000001c   Code   RO         4513    i.App_Comm_ReplyCurrentModule  app_comm.o
    0x08002750   0x08002750   0x00000054   Code   RO         4514    i.App_Comm_ReplyHeatConfig  app_comm.o
    0x080027a4   0x080027a4   0x00000194   Code   RO         4515    i.App_Comm_ReplyHeatStatus  app_comm.o
    0x08002938   0x08002938   0x00000048   Code   RO         4516    i.App_Comm_ReplyRFConfig  app_comm.o
    0x08002980   0x08002980   0x000000fc   Code   RO         4517    i.App_Comm_ReplyRFStatus  app_comm.o
    0x08002a7c   0x08002a7c   0x00000060   Code   RO         4518    i.App_Comm_ReplySWConfig  app_comm.o
    0x08002adc   0x08002adc   0x000000f0   Code   RO         4519    i.App_Comm_ReplySWStatus  app_comm.o
    0x08002bcc   0x08002bcc   0x00000060   Code   RO         4520    i.App_Comm_ReplyUSConfig  app_comm.o
    0x08002c2c   0x08002c2c   0x00000120   Code   RO         4521    i.App_Comm_ReplyUSStatus  app_comm.o
    0x08002d4c   0x08002d4c   0x00000128   Code   RO         4522    i.App_Comm_SendData  app_comm.o
    0x08002e74   0x08002e74   0x0000001c   Code   RO         4665    i.App_HandComm_Init  app_handcomm.o
    0x08002e90   0x08002e90   0x0000001c   Code   RO         4667    i.App_HandComm_Process  app_handcomm.o
    0x08002eac   0x08002eac   0x000000ac   Code   RO         4668    i.App_HandComm_RecvData  app_handcomm.o
    0x08002f58   0x08002f58   0x0000001c   Code   RO         5522    i.App_LED_Init      app_led.o
    0x08002f74   0x08002f74   0x0000006c   Code   RO         5523    i.App_LED_Process   app_led.o
    0x08002fe0   0x08002fe0   0x00000008   Code   RO         4720    i.App_Memory_GetNPHParams  app_memory.o
    0x08002fe8   0x08002fe8   0x00000008   Code   RO         4721    i.App_Memory_GetRFParams  app_memory.o
    0x08002ff0   0x08002ff0   0x00000008   Code   RO         4722    i.App_Memory_GetSWParams  app_memory.o
    0x08002ff8   0x08002ff8   0x00000008   Code   RO         4723    i.App_Memory_GetUSParams  app_memory.o
    0x08003000   0x08003000   0x00000260   Code   RO         4724    i.App_Memory_Init   app_memory.o
    0x08003260   0x08003260   0x0000004a   Code   RO         4725    i.App_Memory_LoadNPHParams  app_memory.o
    0x080032aa   0x080032aa   0x0000004a   Code   RO         4726    i.App_Memory_LoadRFParams  app_memory.o
    0x080032f4   0x080032f4   0x0000004a   Code   RO         4727    i.App_Memory_LoadSWParams  app_memory.o
    0x0800333e   0x0800333e   0x0000004a   Code   RO         4728    i.App_Memory_LoadUSParams  app_memory.o
    0x08003388   0x08003388   0x00000028   Code   RO         4729    i.App_Memory_Process  app_memory.o
    0x080033b0   0x080033b0   0x000000f4   Code   RO         4730    i.App_Memory_ProcessHeatConfig  app_memory.o
    0x080034a4   0x080034a4   0x000000ac   Code   RO         4731    i.App_Memory_ProcessRFConfig  app_memory.o
    0x08003550   0x08003550   0x000000e0   Code   RO         4732    i.App_Memory_ProcessSWConfig  app_memory.o
    0x08003630   0x08003630   0x000000fc   Code   RO         4733    i.App_Memory_ProcessUSConfig  app_memory.o
    0x0800372c   0x0800372c   0x00000044   Code   RO         4734    i.App_Memory_SaveNPHParams  app_memory.o
    0x08003770   0x08003770   0x00000044   Code   RO         4735    i.App_Memory_SaveRFParams  app_memory.o
    0x080037b4   0x080037b4   0x00000044   Code   RO         4736    i.App_Memory_SaveSWParams  app_memory.o
    0x080037f8   0x080037f8   0x00000044   Code   RO         4737    i.App_Memory_SaveUSParams  app_memory.o
    0x0800383c   0x0800383c   0x00000170   Code   RO         4848    i.App_NegPrsHeat_ChangeState  app_negprsheat.o
    0x080039ac   0x080039ac   0x00000024   Code   RO         4849    i.App_NegPrsHeat_CheckProbe  app_negprsheat.o
    0x080039d0   0x080039d0   0x000000e0   Code   RO         4850    i.App_NegPrsHeat_ControlTemperature  app_negprsheat.o
    0x08003ab0   0x08003ab0   0x0000000c   Code   RO         4851    i.App_NegPrsHeat_GetRunState  app_negprsheat.o
    0x08003abc   0x08003abc   0x00000008   Code   RO         4852    i.App_NegPrsHeat_GetStatus  app_negprsheat.o
    0x08003ac4   0x08003ac4   0x000001a4   Code   RO         4854    i.App_NegPrsHeat_IsHeadTempNormal  app_negprsheat.o
    0x08003c68   0x08003c68   0x00000014   Code   RO         4855    i.App_NegPrsHeat_Monitor  app_negprsheat.o
    0x08003c7c   0x08003c7c   0x0000001e   Code   RO         4856    i.App_NegPrsHeat_PressureToVoltage  app_negprsheat.o
    0x08003c9a   0x08003c9a   0x00000002   PAD
    0x08003c9c   0x08003c9c   0x000001f0   Code   RO         4857    i.App_NegPrsHeat_Process  app_negprsheat.o
    0x08003e8c   0x08003e8c   0x00000274   Code   RO         4858    i.App_NegPrsHeat_ProcessVacuum  app_negprsheat.o
    0x08004100   0x08004100   0x000000bc   Code   RO         4859    i.App_NegPrsHeat_RxDataHandle  app_negprsheat.o
    0x080041bc   0x080041bc   0x000000ac   Code   RO         4860    i.App_NegPrsHeat_SetWorkParams  app_negprsheat.o
    0x08004268   0x08004268   0x00000124   Code   RO         4861    i.App_NegPrsHeat_StartCheck  app_negprsheat.o
    0x0800438c   0x0800438c   0x000000c8   Code   RO         4862    i.App_NegPrsHeat_UpdateStatus  app_negprsheat.o
    0x08004454   0x08004454   0x0000001e   Code   RO         4863    i.App_NegPrsHeat_VoltageToPressure  app_negprsheat.o
    0x08004472   0x08004472   0x00000002   PAD
    0x08004474   0x08004474   0x000001c8   Code   RO         4864    i.App_NegPrsHeat_WorkTimeHandle  app_negprsheat.o
    0x0800463c   0x0800463c   0x00000040   Code   RO         4968    i.App_RadioFreq_CalculateVoltage  app_radiofreq.o
    0x0800467c   0x0800467c   0x0000010c   Code   RO         4969    i.App_RadioFreq_ChangeState  app_radiofreq.o
    0x08004788   0x08004788   0x00000024   Code   RO         4970    i.App_RadioFreq_CheckProbe  app_radiofreq.o
    0x080047ac   0x080047ac   0x00000006   Code   RO         4971    i.App_RadioFreq_GetProbeTemp  app_radiofreq.o
    0x080047b2   0x080047b2   0x00000002   PAD
    0x080047b4   0x080047b4   0x0000000c   Code   RO         4972    i.App_RadioFreq_GetRunState  app_radiofreq.o
    0x080047c0   0x080047c0   0x00000008   Code   RO         4973    i.App_RadioFreq_GetStatus  app_radiofreq.o
    0x080047c8   0x080047c8   0x0000017c   Code   RO         4975    i.App_RadioFreq_IsCurrentNormal  app_radiofreq.o
    0x08004944   0x08004944   0x000000a0   Code   RO         4976    i.App_RadioFreq_IsHeadTempNormal  app_radiofreq.o
    0x080049e4   0x080049e4   0x00000168   Code   RO         4978    i.App_RadioFreq_Process  app_radiofreq.o
    0x08004b4c   0x08004b4c   0x00000030   Code   RO         4979    i.App_RadioFreq_RxDataHandle  app_radiofreq.o
    0x08004b7c   0x08004b7c   0x000000a4   Code   RO         4980    i.App_RadioFreq_SetWorkParams  app_radiofreq.o
    0x08004c20   0x08004c20   0x000000b0   Code   RO         4981    i.App_RadioFreq_StartCheck  app_radiofreq.o
    0x08004cd0   0x08004cd0   0x00000098   Code   RO         4982    i.App_RadioFreq_UpdateStatus  app_radiofreq.o
    0x08004d68   0x08004d68   0x0000018c   Code   RO         4983    i.App_RadioFreq_WorkTimeHandle  app_radiofreq.o
    0x08004ef4   0x08004ef4   0x00000040   Code   RO         4984    i.App_RaidoFreq_RunChangeLevel  app_radiofreq.o
    0x08004f34   0x08004f34   0x00000024   Code   RO         5092    i.App_ShockWave_CheckProbe  app_shockwave.o
    0x08004f58   0x08004f58   0x00000014   Code   RO         5093    i.App_Shockwave_CalculateCyclePeriod  app_shockwave.o
    0x08004f6c   0x08004f6c   0x0000002e   Code   RO         5094    i.App_Shockwave_CalculateESW_NHighTime  app_shockwave.o
    0x08004f9a   0x08004f9a   0x00000002   PAD
    0x08004f9c   0x08004f9c   0x0000010c   Code   RO         5095    i.App_Shockwave_ChangeState  app_shockwave.o
    0x080050a8   0x080050a8   0x0000000c   Code   RO         5096    i.App_Shockwave_GetRunState  app_shockwave.o
    0x080050b4   0x080050b4   0x00000008   Code   RO         5097    i.App_Shockwave_GetStatus  app_shockwave.o
    0x080050bc   0x080050bc   0x00000108   Code   RO         5099    i.App_Shockwave_IsCurrentNormal  app_shockwave.o
    0x080051c4   0x080051c4   0x00000098   Code   RO         5100    i.App_Shockwave_IsHeadTempNormal  app_shockwave.o
    0x0800525c   0x0800525c   0x000000cc   Code   RO         5101    i.App_Shockwave_IsVoltageNormal  app_shockwave.o
    0x08005328   0x08005328   0x00000002   Code   RO         5102    i.App_Shockwave_Monitor  app_shockwave.o
    0x0800532a   0x0800532a   0x00000002   PAD
    0x0800532c   0x0800532c   0x0000015c   Code   RO         5103    i.App_Shockwave_Process  app_shockwave.o
    0x08005488   0x08005488   0x000000d4   Code   RO         5104    i.App_Shockwave_ProcessPWM  app_shockwave.o
    0x0800555c   0x0800555c   0x0000001c   Code   RO         5105    i.App_Shockwave_RxDataHandle  app_shockwave.o
    0x08005578   0x08005578   0x0000009c   Code   RO         5106    i.App_Shockwave_SetWorkParams  app_shockwave.o
    0x08005614   0x08005614   0x00000110   Code   RO         5107    i.App_Shockwave_StartCheck  app_shockwave.o
    0x08005724   0x08005724   0x00000090   Code   RO         5108    i.App_Shockwave_UpdateStatus  app_shockwave.o
    0x080057b4   0x080057b4   0x0000015c   Code   RO         5109    i.App_Shockwave_WorkTimeHandle  app_shockwave.o
    0x08005910   0x08005910   0x00000194   Code   RO         5301    i.App_TreatMgr_ChangeState  app_treatmgr.o
    0x08005aa4   0x08005aa4   0x00000054   Code   RO         5302    i.App_TreatMgr_CheckWaitReturn  app_treatmgr.o
    0x08005af8   0x08005af8   0x000000ec   Code   RO         5303    i.App_TreatMgr_ControlFan  app_treatmgr.o
    0x08005be4   0x08005be4   0x0000000c   Code   RO         5304    i.App_TreatMgr_GetFootSwitchClosed  app_treatmgr.o
    0x08005bf0   0x08005bf0   0x0000000c   Code   RO         5305    i.App_TreatMgr_GetProbeStatus  app_treatmgr.o
    0x08005bfc   0x08005bfc   0x0000005c   Code   RO         5306    i.App_TreatMgr_HandleProbeStatusChange  app_treatmgr.o
    0x08005c58   0x08005c58   0x0000023c   Code   RO         5307    i.App_TreatMgr_Init  app_treatmgr.o
    0x08005e94   0x08005e94   0x000000b4   Code   RO         5308    i.App_TreatMgr_Process  app_treatmgr.o
    0x08005f48   0x08005f48   0x00000020   Code   RO         5309    i.App_TreatMgr_ReadBoardTemp  app_treatmgr.o
    0x08005f68   0x08005f68   0x000000a8   Code   RO         5310    i.App_TreatMgr_RunCmd  app_treatmgr.o
    0x08006010   0x08006010   0x0000005c   Code   RO         5311    i.App_TreatMgr_SetForceRunEnabled  app_treatmgr.o
    0x0800606c   0x0800606c   0x00000008   Code   RO         5404    i.App_UltraSound_GetStatus  app_ultrasound.o
    0x08006074   0x08006074   0x00000224   Code   RO         5405    i.App_UltraSound_IsCurrentNormal  app_ultrasound.o
    0x08006298   0x08006298   0x000000dc   Code   RO         5406    i.App_UltraSound_IsHeadTempNormal  app_ultrasound.o
    0x08006374   0x08006374   0x0000003c   Code   RO         5407    i.App_UltraSound_RxDataHandle  app_ultrasound.o
    0x080063b0   0x080063b0   0x00000048   Code   RO         5408    i.App_UltraSound_SetWorkParams  app_ultrasound.o
    0x080063f8   0x080063f8   0x000000d8   Code   RO         5409    i.App_UltraSound_StartCheck  app_ultrasound.o
    0x080064d0   0x080064d0   0x00000098   Code   RO         5410    i.App_UltraSound_UpdateStatus  app_ultrasound.o
    0x08006568   0x08006568   0x00000028   Code   RO         5411    i.App_Ultra_RunChangeLevel  app_ultrasound.o
    0x08006590   0x08006590   0x00000130   Code   RO         5412    i.App_Ultrasound_ChangeState  app_ultrasound.o
    0x080066c0   0x080066c0   0x00000020   Code   RO         5413    i.App_Ultrasound_CheckProbe  app_ultrasound.o
    0x080066e0   0x080066e0   0x0000000c   Code   RO         5414    i.App_Ultrasound_GetRunState  app_ultrasound.o
    0x080066ec   0x080066ec   0x00000120   Code   RO         5416    i.App_Ultrasound_Process  app_ultrasound.o
    0x0800680c   0x0800680c   0x000000b8   Code   RO         5417    i.App_Ultrasound_SetFrequency  app_ultrasound.o
    0x080068c4   0x080068c4   0x00000060   Code   RO         5418    i.App_Ultrasound_SetHighFreqPowerHandle  app_ultrasound.o
    0x08006924   0x08006924   0x00000180   Code   RO         5419    i.App_Ultrasound_WorkTimeHandle  app_ultrasound.o
    0x08006aa4   0x08006aa4   0x0000000c   Code   RO          356    i.BKP_TamperPinCmd  stm32f10x_bkp.o
    0x08006ab0   0x08006ab0   0x0000002c   Code   RO         3102    i.BSP_ADC_DMA_TC_Handler  bsp_adc.o
    0x08006adc   0x08006adc   0x00000214   Code   RO         3104    i.BSP_ADC_Init      bsp_adc.o
    0x08006cf0   0x08006cf0   0x00000018   Code   RO         3106    i.BSP_ADC_ReadRaw   bsp_adc.o
    0x08006d08   0x08006d08   0x00000054   Code   RO         3155    i.BSP_DAC_Init      bsp_dac.o
    0x08006d5c   0x08006d5c   0x00000018   Code   RO         3156    i.BSP_DAC_SetValue  bsp_dac.o
    0x08006d74   0x08006d74   0x000000fc   Code   RO         3182    i.BSP_GPIO_Init     bsp_gpio.o
    0x08006e70   0x08006e70   0x00000050   Code   RO         3183    i.BSP_GPIO_ReadPin  bsp_gpio.o
    0x08006ec0   0x08006ec0   0x000000b0   Code   RO         3184    i.BSP_GPIO_WritePin  bsp_gpio.o
    0x08006f70   0x08006f70   0x00000018   Code   RO         3392    i.BSP_GetTick_ms    bsp_delay.o
    0x08006f88   0x08006f88   0x00000008   Code   RO         3289    i.BSP_IWDG_Feed     bsp_iwdg.o
    0x08006f90   0x08006f90   0x0000002c   Code   RO         3185    i.BSP_Init          bsp_gpio.o
    0x08006fbc   0x08006fbc   0x00000010   Code   RO         3394    i.BSP_SysTick_Init  bsp_delay.o
    0x08006fcc   0x08006fcc   0x00000018   Code   RO         3307    i.BSP_TIM1_ComplementaryPWM_Disable  bsp_tim.o
    0x08006fe4   0x08006fe4   0x00000018   Code   RO         3308    i.BSP_TIM1_ComplementaryPWM_Enable  bsp_tim.o
    0x08006ffc   0x08006ffc   0x00000128   Code   RO         3309    i.BSP_TIM1_Init     bsp_tim.o
    0x08007124   0x08007124   0x0000005e   Code   RO         3311    i.BSP_TIM2_Init     bsp_tim.o
    0x08007182   0x08007182   0x00000002   PAD
    0x08007184   0x08007184   0x00000044   Code   RO         3343    i.BSP_USART1_DMA_Send  bsp_usart.o
    0x080071c8   0x080071c8   0x00000028   Code   RO         3344    i.BSP_USART1_DMA_TxStatus  bsp_usart.o
    0x080071f0   0x080071f0   0x00000198   Code   RO         3345    i.BSP_USART1_Init   bsp_usart.o
    0x08007388   0x08007388   0x0000019c   Code   RO         3348    i.BSP_USART2_Init   bsp_usart.o
    0x08007524   0x08007524   0x00000004   Code   RO         4374    i.BusFault_Handler  stm32f103_it.o
    0x08007528   0x08007528   0x0000001e   Code   RO         6018    i.CBuff_GetLength   lib_ringbuffer.o
    0x08007546   0x08007546   0x0000000c   Code   RO         6019    i.CBuff_Init        lib_ringbuffer.o
    0x08007552   0x08007552   0x00000040   Code   RO         6022    i.CBuff_Pop         lib_ringbuffer.o
    0x08007592   0x08007592   0x0000003e   Code   RO         6023    i.CBuff_Read        lib_ringbuffer.o
    0x080075d0   0x080075d0   0x00000046   Code   RO         6024    i.CBuff_Write       lib_ringbuffer.o
    0x08007616   0x08007616   0x00000040   Code   RO         4738    i.Calculate_CRC16   app_memory.o
    0x08007656   0x08007656   0x00000076   Code   RO         4523    i.Crc16Compute      app_comm.o
    0x080076cc   0x080076cc   0x00000028   Code   RO          712    i.DAC_Cmd           stm32f10x_dac.o
    0x080076f4   0x080076f4   0x00000034   Code   RO          717    i.DAC_Init          stm32f10x_dac.o
    0x08007728   0x08007728   0x00000020   Code   RO          718    i.DAC_SetChannel1Data  stm32f10x_dac.o
    0x08007748   0x08007748   0x0000000c   Code   RO          722    i.DAC_StructInit    stm32f10x_dac.o
    0x08007754   0x08007754   0x00000024   Code   RO         4375    i.DMA1_Channel1_IRQHandler  stm32f103_it.o
    0x08007778   0x08007778   0x0000005c   Code   RO         4376    i.DMA1_Channel4_IRQHandler  stm32f103_it.o
    0x080077d4   0x080077d4   0x0000003a   Code   RO         4377    i.DMA1_Channel5_IRQHandler  stm32f103_it.o
    0x0800780e   0x0800780e   0x0000003a   Code   RO         4378    i.DMA1_Channel6_IRQHandler  stm32f103_it.o
    0x08007848   0x08007848   0x00000028   Code   RO         4379    i.DMA1_Channel7_IRQHandler  stm32f103_it.o
    0x08007870   0x08007870   0x0000001c   Code   RO          815    i.DMA_ClearITPendingBit  stm32f10x_dma.o
    0x0800788c   0x0800788c   0x00000018   Code   RO          816    i.DMA_Cmd           stm32f10x_dma.o
    0x080078a4   0x080078a4   0x0000014c   Code   RO          817    i.DMA_DeInit        stm32f10x_dma.o
    0x080079f0   0x080079f0   0x00000008   Code   RO          818    i.DMA_GetCurrDataCounter  stm32f10x_dma.o
    0x080079f8   0x080079f8   0x0000002c   Code   RO          820    i.DMA_GetITStatus   stm32f10x_dma.o
    0x08007a24   0x08007a24   0x00000012   Code   RO          821    i.DMA_ITConfig      stm32f10x_dma.o
    0x08007a36   0x08007a36   0x0000003c   Code   RO          822    i.DMA_Init          stm32f10x_dma.o
    0x08007a72   0x08007a72   0x00000004   Code   RO          823    i.DMA_SetCurrDataCounter  stm32f10x_dma.o
    0x08007a76   0x08007a76   0x00000008   Code   RO         3699    i.Dal_DAC_Init      drv_dac.o
    0x08007a7e   0x08007a7e   0x00000002   PAD
    0x08007a80   0x08007a80   0x00000018   Code   RO         3743    i.Dal_GetTick       drv_delay.o
    0x08007a98   0x08007a98   0x00000010   Code   RO         4041    i.Dal_GetUSART1_DMA_SendStatus  drv_usart.o
    0x08007aa8   0x08007aa8   0x0000001c   Code   RO         3566    i.Dal_NTC_MapChannel  drv_adc.o
    0x08007ac4   0x08007ac4   0x0000001c   Code   RO         3834    i.Dal_Read_Pin      drv_iodevice.o
    0x08007ae0   0x08007ae0   0x00000008   Code   RO         3805    i.Dal_System_Init   drv_init.o
    0x08007ae8   0x08007ae8   0x00000010   Code   RO         4043    i.Dal_USART1_Send   drv_usart.o
    0x08007af8   0x08007af8   0x00000008   Code   RO         4143    i.Dal_WDG_Feed      drv_wdg.o
    0x08007b00   0x08007b00   0x00000020   Code   RO         3835    i.Dal_Write_Pin     drv_iodevice.o
    0x08007b20   0x08007b20   0x00000002   Code   RO         4380    i.DebugMon_Handler  stm32f103_it.o
    0x08007b22   0x08007b22   0x00000008   Code   RO         4272    i.Drv_24C02_Init    drv_24c02.o
    0x08007b2a   0x08007b2a   0x00000032   Code   RO         4273    i.Drv_24C02_Read    drv_24c02.o
    0x08007b5c   0x08007b5c   0x0000006e   Code   RO         4274    i.Drv_24C02_Write   drv_24c02.o
    0x08007bca   0x08007bca   0x00000070   Code   RO         3567    i.Drv_ADC_ConvertChannel  drv_adc.o
    0x08007c3a   0x08007c3a   0x00000002   PAD
    0x08007c3c   0x08007c3c   0x0000005c   Code   RO         3568    i.Drv_ADC_GetCachedPhysicalValue  drv_adc.o
    0x08007c98   0x08007c98   0x00000006   Code   RO         3569    i.Drv_ADC_GetESWCurrentValue  drv_adc.o
    0x08007c9e   0x08007c9e   0x00000006   Code   RO         3570    i.Drv_ADC_GetESWVoltageValue  drv_adc.o
    0x08007ca4   0x08007ca4   0x00000006   Code   RO         3571    i.Drv_ADC_GetHPPressureValue  drv_adc.o
    0x08007caa   0x08007caa   0x00000002   PAD
    0x08007cac   0x08007cac   0x000000ac   Code   RO         3572    i.Drv_ADC_GetHandNTCValue  drv_adc.o
    0x08007d58   0x08007d58   0x00000006   Code   RO         3573    i.Drv_ADC_GetHeatRef01Value  drv_adc.o
    0x08007d5e   0x08007d5e   0x00000006   Code   RO         3574    i.Drv_ADC_GetHeatRef02Value  drv_adc.o
    0x08007d64   0x08007d64   0x00000020   Code   RO         3576    i.Drv_ADC_GetRFCurrentValue  drv_adc.o
    0x08007d84   0x08007d84   0x0000000c   Code   RO         3577    i.Drv_ADC_GetRealValue  drv_adc.o
    0x08007d90   0x08007d90   0x00000006   Code   RO         3578    i.Drv_ADC_GetUSCurrentValue  drv_adc.o
    0x08007d96   0x08007d96   0x00000006   Code   RO         3579    i.Drv_ADC_GetVerIdValue  drv_adc.o
    0x08007d9c   0x08007d9c   0x00000040   Code   RO         3581    i.Drv_ADC_GetVoutValue  drv_adc.o
    0x08007ddc   0x08007ddc   0x00000020   Code   RO         3582    i.Drv_ADC_Init      drv_adc.o
    0x08007dfc   0x08007dfc   0x0000001c   Code   RO         3583    i.Drv_ADC_Process   drv_adc.o
    0x08007e18   0x08007e18   0x00000014   Code   RO         3584    i.Drv_ADC_ReadChannel  drv_adc.o
    0x08007e2c   0x08007e2c   0x0000000a   Code   RO         3585    i.Drv_ADC_ReadVoutRaw  drv_adc.o
    0x08007e36   0x08007e36   0x0000000c   Code   RO         3586    i.Drv_ADC_SetTempOverride  drv_adc.o
    0x08007e42   0x08007e42   0x00000002   PAD
    0x08007e44   0x08007e44   0x000000d4   Code   RO         3587    i.Drv_ADC_UpdatePhysicalValues  drv_adc.o
    0x08007f18   0x08007f18   0x00000012   Code   RO         3701    i.Drv_DAC_GetVoltage  drv_dac.o
    0x08007f2a   0x08007f2a   0x00000002   PAD
    0x08007f2c   0x08007f2c   0x00000014   Code   RO         3702    i.Drv_DAC_Init      drv_dac.o
    0x08007f40   0x08007f40   0x000000a8   Code   RO         3703    i.Drv_DAC_SetVoltage  drv_dac.o
    0x08007fe8   0x08007fe8   0x00000018   Code   RO         3744    i.Drv_Delay_GetTickMs  drv_delay.o
    0x08008000   0x08008000   0x00000030   Code   RO         3745    i.Drv_Delay_ms      drv_delay.o
    0x08008030   0x08008030   0x0000000e   Code   RO         4020    i.Drv_GPIO_SetESW_N  drv_tim.o
    0x0800803e   0x0800803e   0x0000000e   Code   RO         4021    i.Drv_GPIO_SetESW_P  drv_tim.o
    0x0800804c   0x0800804c   0x00000008   Code   RO         4045    i.Drv_GetUSART1_DMA_SendStatus  drv_usart.o
    0x08008054   0x08008054   0x00000008   Code   RO         4047    i.Drv_GetUsart1RingPtr  drv_usart.o
    0x0800805c   0x0800805c   0x00000008   Code   RO         4048    i.Drv_GetUsart2RingPtr  drv_usart.o
    0x08008064   0x08008064   0x000000a6   Code   RO         6076    i.Drv_IIC_ReadByte  lib_aiic.o
    0x0800810a   0x0800810a   0x00000070   Code   RO         6079    i.Drv_IIC_WriteByte  lib_aiic.o
    0x0800817a   0x0800817a   0x0000001e   Code   RO         6080    i.Drv_IIC_WriteReg  lib_aiic.o
    0x08008198   0x08008198   0x000000b4   Code   RO         3836    i.Drv_IODevice_ChangeChannel  drv_iodevice.o
    0x0800824c   0x0800824c   0x00000068   Code   RO         3837    i.Drv_IODevice_DecodeWorkingMode  drv_iodevice.o
    0x080082b4   0x080082b4   0x00000024   Code   RO         3838    i.Drv_IODevice_GetFootSwitchState  drv_iodevice.o
    0x080082d8   0x080082d8   0x00000024   Code   RO         3839    i.Drv_IODevice_GetProbeStatus  drv_iodevice.o
    0x080082fc   0x080082fc   0x0000007c   Code   RO         3840    i.Drv_IODevice_GetWorkingMode  drv_iodevice.o
    0x08008378   0x08008378   0x0000003c   Code   RO         3841    i.Drv_IODevice_ProcessBuzzer  drv_iodevice.o
    0x080083b4   0x080083b4   0x00000024   Code   RO         3842    i.Drv_IODevice_ReadSyncSignals  drv_iodevice.o
    0x080083d8   0x080083d8   0x000000d0   Code   RO         3843    i.Drv_IODevice_SetFootSwitch  drv_iodevice.o
    0x080084a8   0x080084a8   0x000000a0   Code   RO         3844    i.Drv_IODevice_SetProbeStatus  drv_iodevice.o
    0x08008548   0x08008548   0x00000034   Code   RO         3845    i.Drv_IODevice_StartBuzzer  drv_iodevice.o
    0x0800857c   0x0800857c   0x00000010   Code   RO         3846    i.Drv_IODevice_WritePin  drv_iodevice.o
    0x0800858c   0x0800858c   0x0000001a   Code   RO         3847    i.Drv_IO_HighFreqPowerOutput  drv_iodevice.o
    0x080085a6   0x080085a6   0x00000002   PAD
    0x080085a8   0x080085a8   0x00000108   Code   RO         3939    i.Drv_Memory_Init   drv_memory.o
    0x080086b0   0x080086b0   0x0000003c   Code   RO         3940    i.Drv_Memory_Read   drv_memory.o
    0x080086ec   0x080086ec   0x0000003c   Code   RO         3941    i.Drv_Memory_Write  drv_memory.o
    0x08008728   0x08008728   0x00000054   Code   RO         6081    i.Drv_PIN_CTRL      lib_aiic.o
    0x0800877c   0x0800877c   0x00000008   Code   RO         3978    i.Drv_SI5351_Init   drv_si5351.o
    0x08008784   0x08008784   0x00000012   Code   RO         3979    i.Drv_SI5351_SetComplementaryPWM  drv_si5351.o
    0x08008796   0x08008796   0x00000024   Code   RO         3980    i.Drv_SI5351_SetFrequency  drv_si5351.o
    0x080087ba   0x080087ba   0x00000002   PAD
    0x080087bc   0x080087bc   0x0000001c   Code   RO         3748    i.Drv_SysTick_Increment  drv_delay.o
    0x080087d8   0x080087d8   0x0000000c   Code   RO         3806    i.Drv_System_Init   drv_init.o
    0x080087e4   0x080087e4   0x00000038   Code   RO         3749    i.Drv_Timer_Tick    drv_delay.o
    0x0800881c   0x0800881c   0x00000018   Code   RO         4049    i.Drv_USART1_Init   drv_usart.o
    0x08008834   0x08008834   0x00000058   Code   RO         4050    i.Drv_USART1_Rx     drv_usart.o
    0x0800888c   0x0800888c   0x00000010   Code   RO         4051    i.Drv_USART1_Send   drv_usart.o
    0x0800889c   0x0800889c   0x00000018   Code   RO         4052    i.Drv_USART2_Init   drv_usart.o
    0x080088b4   0x080088b4   0x00000058   Code   RO         4053    i.Drv_USART2_Rx     drv_usart.o
    0x0800890c   0x0800890c   0x0000000c   Code   RO         4055    i.Drv_Uart_init     drv_usart.o
    0x08008918   0x08008918   0x00000008   Code   RO         4145    i.Drv_WatchDogFeed  drv_wdg.o
    0x08008920   0x08008920   0x00000010   Code   RO         4146    i.Drv_WatchDogResartCheck  drv_wdg.o
    0x08008930   0x08008930   0x00000116   Code   RO         1240    i.GPIO_Init         stm32f10x_gpio.o
    0x08008a46   0x08008a46   0x00000002   PAD
    0x08008a48   0x08008a48   0x00000090   Code   RO         1242    i.GPIO_PinRemapConfig  stm32f10x_gpio.o
    0x08008ad8   0x08008ad8   0x00000012   Code   RO         1244    i.GPIO_ReadInputDataBit  stm32f10x_gpio.o
    0x08008aea   0x08008aea   0x00000004   Code   RO         1247    i.GPIO_ResetBits    stm32f10x_gpio.o
    0x08008aee   0x08008aee   0x00000004   Code   RO         1248    i.GPIO_SetBits      stm32f10x_gpio.o
    0x08008af2   0x08008af2   0x0000001e   Code   RO         6082    i.HAL_GPIO_WritePin  lib_aiic.o
    0x08008b10   0x08008b10   0x00000076   Code   RO         4669    i.HandComm_Crc16Compute  app_handcomm.o
    0x08008b86   0x08008b86   0x00000002   PAD
    0x08008b88   0x08008b88   0x00000038   Code   RO         4670    i.HandComm_ParseTempReport  app_handcomm.o
    0x08008bc0   0x08008bc0   0x00000070   Code   RO         4671    i.HandComm_RecvDataHandle  app_handcomm.o
    0x08008c30   0x08008c30   0x00000018   Code   RO         3427    i.IICsendreg        bsp_si5351.o
    0x08008c48   0x08008c48   0x00000010   Code   RO         1554    i.IWDG_ReloadCounter  stm32f10x_iwdg.o
    0x08008c58   0x08008c58   0x0000005c   Code   RO         5525    i.LED_CalculateBreathingBrightness  app_led.o
    0x08008cb4   0x08008cb4   0x00000030   Code   RO         5526    i.LED_ProcessBreathing  app_led.o
    0x08008ce4   0x08008ce4   0x00000038   Code   RO         5527    i.LED_ProcessFastBlink  app_led.o
    0x08008d1c   0x08008d1c   0x0000003c   Code   RO         5528    i.LED_ProcessNormalBlink  app_led.o
    0x08008d58   0x08008d58   0x0000003c   Code   RO         5529    i.LED_ProcessSlowBlink  app_led.o
    0x08008d94   0x08008d94   0x0000001c   Code   RO         5530    i.LED_UpdateOutput  app_led.o
    0x08008db0   0x08008db0   0x00000048   Code   RO         5531    i.LED_UpdatePatternFromSystemMode  app_led.o
    0x08008df8   0x08008df8   0x000000f4   Code   RO         5593    i.Log_Init          log.o
    0x08008eec   0x08008eec   0x0000002c   Code   RO         5594    i.Log_LoopFun       log.o
    0x08008f18   0x08008f18   0x00000012   Code   RO         5595    i.Log_Output        log.o
    0x08008f2a   0x08008f2a   0x00000002   PAD
    0x08008f2c   0x08008f2c   0x000000dc   Code   RO         5596    i.Log_Printf        log.o
    0x08009008   0x08009008   0x00000114   Code   RO         5597    i.Log_Process       log.o
    0x0800911c   0x0800911c   0x00000074   Code   RO         5598    i.Log_RegisterFunction  log.o
    0x08009190   0x08009190   0x00000004   Code   RO         4381    i.MemManage_Handler  stm32f103_it.o
    0x08009194   0x08009194   0x00000004   Code   RO         4382    i.NMI_Handler       stm32f103_it.o
    0x08009198   0x08009198   0x00000070   Code   RO            1    i.NVIC_Init         misc.o
    0x08009208   0x08009208   0x00000014   Code   RO            2    i.NVIC_PriorityGroupConfig  misc.o
    0x0800921c   0x0800921c   0x00000030   Code   RO         3428    i.PWM_Generate      bsp_si5351.o
    0x0800924c   0x0800924c   0x0000000e   Code   RO         3429    i.PWM_Generate_Config  bsp_si5351.o
    0x0800925a   0x0800925a   0x00000002   PAD
    0x0800925c   0x0800925c   0x0000000c   Code   RO         1594    i.PWR_BackupAccessCmd  stm32f10x_pwr.o
    0x08009268   0x08009268   0x00000002   Code   RO         4383    i.PendSV_Handler    stm32f103_it.o
    0x0800926a   0x0800926a   0x00000002   PAD
    0x0800926c   0x0800926c   0x0000021c   Code   RO         5312    i.ProbeStatusCheck  app_treatmgr.o
    0x08009488   0x08009488   0x00000018   Code   RO         1654    i.RCC_ADCCLKConfig  stm32f10x_rcc.o
    0x080094a0   0x080094a0   0x00000020   Code   RO         1655    i.RCC_AHBPeriphClockCmd  stm32f10x_rcc.o
    0x080094c0   0x080094c0   0x00000020   Code   RO         1656    i.RCC_APB1PeriphClockCmd  stm32f10x_rcc.o
    0x080094e0   0x080094e0   0x00000020   Code   RO         1658    i.RCC_APB2PeriphClockCmd  stm32f10x_rcc.o
    0x08009500   0x08009500   0x00000014   Code   RO         1662    i.RCC_ClearFlag     stm32f10x_rcc.o
    0x08009514   0x08009514   0x000000d4   Code   RO         1666    i.RCC_GetClocksFreq  stm32f10x_rcc.o
    0x080095e8   0x080095e8   0x0000003c   Code   RO         1667    i.RCC_GetFlagStatus  stm32f10x_rcc.o
    0x08009624   0x08009624   0x00000034   Code   RO         1674    i.RCC_LSEConfig     stm32f10x_rcc.o
    0x08009658   0x08009658   0x00000078   Code   RO         5667    i.SEGGER_RTT_ConfigDownBuffer  segger_rtt.o
    0x080096d0   0x080096d0   0x00000078   Code   RO         5668    i.SEGGER_RTT_ConfigUpBuffer  segger_rtt.o
    0x08009748   0x08009748   0x00000020   Code   RO         5671    i.SEGGER_RTT_GetKey  segger_rtt.o
    0x08009768   0x08009768   0x00000030   Code   RO         5674    i.SEGGER_RTT_HasKey  segger_rtt.o
    0x08009798   0x08009798   0x00000038   Code   RO         5679    i.SEGGER_RTT_Read   segger_rtt.o
    0x080097d0   0x080097d0   0x000000ac   Code   RO         5680    i.SEGGER_RTT_ReadNoLock  segger_rtt.o
    0x0800987c   0x0800987c   0x0000004c   Code   RO         5690    i.SEGGER_RTT_Write  segger_rtt.o
    0x080098c8   0x080098c8   0x00000084   Code   RO         5693    i.SEGGER_RTT_WriteNoLock  segger_rtt.o
    0x0800994c   0x0800994c   0x0000001a   Code   RO         5695    i.SEGGER_RTT_WriteString  segger_rtt.o
    0x08009966   0x08009966   0x00000022   Code   RO         5902    i.SEGGER_RTT_printf  segger_rtt_printf.o
    0x08009988   0x08009988   0x00000250   Code   RO         5903    i.SEGGER_RTT_vprintf  segger_rtt_printf.o
    0x08009bd8   0x08009bd8   0x00000002   Code   RO         4384    i.SVC_Handler       stm32f103_it.o
    0x08009bda   0x08009bda   0x00000076   Code   RO         3430    i.SetMultisynth     bsp_si5351.o
    0x08009c50   0x08009c50   0x000000d6   Code   RO         3432    i.SetPLLClk         bsp_si5351.o
    0x08009d26   0x08009d26   0x00000008   Code   RO         3067    i.SetSysClock       system_stm32f10x.o
    0x08009d2e   0x08009d2e   0x00000002   PAD
    0x08009d30   0x08009d30   0x000000e0   Code   RO         3068    i.SetSysClockTo72   system_stm32f10x.o
    0x08009e10   0x08009e10   0x00000070   Code   RO         3436    i.Si5351_Init       bsp_si5351.o
    0x08009e80   0x08009e80   0x00000118   Code   RO         3439    i.Si5351_SetFrequency  bsp_si5351.o
    0x08009f98   0x08009f98   0x00000024   Code   RO         3440    i.Si5351_SetFrequency_ALL_RESET  bsp_si5351.o
    0x08009fbc   0x08009fbc   0x00000014   Code   RO         3442    i.Si5351_StopPWM    bsp_si5351.o
    0x08009fd0   0x08009fd0   0x000000a4   Code   RO         3069    i.SystemCoreClockUpdate  system_stm32f10x.o
    0x0800a074   0x0800a074   0x00000060   Code   RO         3070    i.SystemInit        system_stm32f10x.o
    0x0800a0d4   0x0800a0d4   0x0000004c   Code   RO         5219    i.SystemManager     app_system.o
    0x0800a120   0x0800a120   0x00000018   Code   RO         5220    i.SystemProcess     app_system.o
    0x0800a138   0x0800a138   0x00000110   Code   RO         5221    i.System_ChangeMode  app_system.o
    0x0800a248   0x0800a248   0x0000000c   Code   RO         5222    i.System_GetMode    app_system.o
    0x0800a254   0x0800a254   0x0000022c   Code   RO         5224    i.System_Init       app_system.o
    0x0800a480   0x0800a480   0x0000001e   Code   RO         4385    i.TIM2_IRQHandler   stm32f103_it.o
    0x0800a49e   0x0800a49e   0x00000018   Code   RO         2278    i.TIM_ARRPreloadConfig  stm32f10x_tim.o
    0x0800a4b6   0x0800a4b6   0x00000020   Code   RO         2279    i.TIM_BDTRConfig    stm32f10x_tim.o
    0x0800a4d6   0x0800a4d6   0x00000006   Code   RO         2285    i.TIM_ClearITPendingBit  stm32f10x_tim.o
    0x0800a4dc   0x0800a4dc   0x00000018   Code   RO         2290    i.TIM_Cmd           stm32f10x_tim.o
    0x0800a4f4   0x0800a4f4   0x0000001e   Code   RO         2292    i.TIM_CtrlPWMOutputs  stm32f10x_tim.o
    0x0800a512   0x0800a512   0x00000020   Code   RO         2297    i.TIM_ETRClockMode2Config  stm32f10x_tim.o
    0x0800a532   0x0800a532   0x0000001c   Code   RO         2298    i.TIM_ETRConfig     stm32f10x_tim.o
    0x0800a54e   0x0800a54e   0x00000022   Code   RO         2311    i.TIM_GetITStatus   stm32f10x_tim.o
    0x0800a570   0x0800a570   0x00000012   Code   RO         2315    i.TIM_ITConfig      stm32f10x_tim.o
    0x0800a582   0x0800a582   0x00000018   Code   RO         2316    i.TIM_ITRxExternalClockConfig  stm32f10x_tim.o
    0x0800a59a   0x0800a59a   0x00000002   PAD
    0x0800a59c   0x0800a59c   0x00000098   Code   RO         2319    i.TIM_OC1Init       stm32f10x_tim.o
    0x0800a634   0x0800a634   0x00000012   Code   RO         2322    i.TIM_OC1PreloadConfig  stm32f10x_tim.o
    0x0800a646   0x0800a646   0x00000014   Code   RO         2337    i.TIM_OCStructInit  stm32f10x_tim.o
    0x0800a65a   0x0800a65a   0x00000012   Code   RO         2343    i.TIM_SelectInputTrigger  stm32f10x_tim.o
    0x0800a66c   0x0800a66c   0x000000a4   Code   RO         2361    i.TIM_TimeBaseInit  stm32f10x_tim.o
    0x0800a710   0x0800a710   0x0000000c   Code   RO         5313    i.TreatGetRunFlag   app_treatmgr.o
    0x0800a71c   0x0800a71c   0x00000030   Code   RO         4386    i.USART1_IRQHandler  stm32f103_it.o
    0x0800a74c   0x0800a74c   0x00000030   Code   RO         4387    i.USART2_IRQHandler  stm32f103_it.o
    0x0800a77c   0x0800a77c   0x0000001e   Code   RO         2823    i.USART_ClearITPendingBit  stm32f10x_usart.o
    0x0800a79a   0x0800a79a   0x00000018   Code   RO         2826    i.USART_Cmd         stm32f10x_usart.o
    0x0800a7b2   0x0800a7b2   0x00000012   Code   RO         2827    i.USART_DMACmd      stm32f10x_usart.o
    0x0800a7c4   0x0800a7c4   0x00000054   Code   RO         2830    i.USART_GetITStatus  stm32f10x_usart.o
    0x0800a818   0x0800a818   0x0000004a   Code   RO         2832    i.USART_ITConfig    stm32f10x_usart.o
    0x0800a862   0x0800a862   0x00000002   PAD
    0x0800a864   0x0800a864   0x000000d8   Code   RO         2833    i.USART_Init        stm32f10x_usart.o
    0x0800a93c   0x0800a93c   0x00000004   Code   RO         4388    i.UsageFault_Handler  stm32f103_it.o
    0x0800a940   0x0800a940   0x00000070   Code   RO         5697    i._DoInit           segger_rtt.o
    0x0800a9b0   0x0800a9b0   0x0000001c   Code   RO         5698    i._GetAvailWriteSpace  segger_rtt.o
    0x0800a9cc   0x0800a9cc   0x000000ec   Code   RO         5904    i._PrintInt         segger_rtt_printf.o
    0x0800aab8   0x0800aab8   0x000000ec   Code   RO         5905    i._PrintUnsigned    segger_rtt_printf.o
    0x0800aba4   0x0800aba4   0x00000044   Code   RO         5906    i._StoreChar        segger_rtt_printf.o
    0x0800abe8   0x0800abe8   0x00000076   Code   RO         5700    i._WriteBlocking    segger_rtt.o
    0x0800ac5e   0x0800ac5e   0x00000058   Code   RO         5701    i._WriteNoCheck     segger_rtt.o
    0x0800acb6   0x0800acb6   0x00000028   Code   RO         6539    i.__ARM_fpclassify  m_ws.l(fpclassify.o)
    0x0800acde   0x0800acde   0x00000026   Code   RO         6421    i.__ARM_fpclassifyf  m_ws.l(fpclassifyf.o)
    0x0800ad04   0x0800ad04   0x00000006   Code   RO         6424    i.__mathlib_flt_infnan  m_ws.l(funder.o)
    0x0800ad0a   0x0800ad0a   0x00000008   Code   RO         6426    i.__mathlib_flt_invalid  m_ws.l(funder.o)
    0x0800ad12   0x0800ad12   0x0000000a   Code   RO         6429    i.__mathlib_flt_underflow  m_ws.l(funder.o)
    0x0800ad1c   0x0800ad1c   0x00000168   Code   RO         6437    i.__mathlib_rredf2  m_ws.l(rredf.o)
    0x0800ae84   0x0800ae84   0x0000000e   Code   RO         6254    i._is_digit         c_w.l(__printf_wp.o)
    0x0800ae92   0x0800ae92   0x00000002   PAD
    0x0800ae94   0x0800ae94   0x000000ec   Code   RO         5938    i.cm_backtrace_call_stack  cm_backtrace.o
    0x0800af80   0x0800af80   0x000002a8   Code   RO         5940    i.cm_backtrace_fault  cm_backtrace.o
    0x0800b228   0x0800b228   0x00000034   Code   RO         5941    i.cm_backtrace_firmware_info  cm_backtrace.o
    0x0800b25c   0x0800b25c   0x000000a4   Code   RO         5942    i.cm_backtrace_init  cm_backtrace.o
    0x0800b300   0x0800b300   0x0000008c   Code   RO         4327    i.delay_ms          delay.o
    0x0800b38c   0x0800b38c   0x00000030   Code   RO         5943    i.disassembly_ins_is_bl_blx  cm_backtrace.o
    0x0800b3bc   0x0800b3bc   0x000000f0   Code   RO         5944    i.dump_stack        cm_backtrace.o
    0x0800b4ac   0x0800b4ac   0x00000330   Code   RO         5945    i.fault_diagnosis   cm_backtrace.o
    0x0800b7dc   0x0800b7dc   0x00000048   Code   RO         6083    i.i2c_Ack           lib_aiic.o
    0x0800b824   0x0800b824   0x00000010   Code   RO         6085    i.i2c_Delay         lib_aiic.o
    0x0800b834   0x0800b834   0x0000003c   Code   RO         6086    i.i2c_NAck          lib_aiic.o
    0x0800b870   0x0800b870   0x00000050   Code   RO         6087    i.i2c_ReadByte      lib_aiic.o
    0x0800b8c0   0x0800b8c0   0x00000072   Code   RO         6088    i.i2c_SendByte      lib_aiic.o
    0x0800b932   0x0800b932   0x00000048   Code   RO         6089    i.i2c_Start         lib_aiic.o
    0x0800b97a   0x0800b97a   0x00000030   Code   RO         6090    i.i2c_Stop          lib_aiic.o
    0x0800b9aa   0x0800b9aa   0x00000052   Code   RO         6091    i.i2c_WaitAck       lib_aiic.o
    0x0800b9fc   0x0800b9fc   0x00000020   Code   RO         4352    i.main              main.o
    0x0800ba1c   0x0800ba1c   0x000000a0   Code   RO         5946    i.print_call_stack  cm_backtrace.o
    0x0800babc   0x0800babc   0x00000026   Code   RO         3444    i.return_err        bsp_si5351.o
    0x0800bae2   0x0800bae2   0x00000002   PAD
    0x0800bae4   0x0800bae4   0x00000188   Code   RO         6338    i.sinf              m_ws.l(sinf.o)
    0x0800bc6c   0x0800bc6c   0x0000002c   Code   RO         6519    locale$$code        c_w.l(lc_numeric_c.o)
    0x0800bc98   0x0800bc98   0x0000002c   Code   RO         6546    locale$$code        c_w.l(lc_ctype_c.o)
    0x0800bcc4   0x0800bcc4   0x000000c4   Code   RO         6311    x$fpl$fadd          fz_ws.l(faddsub_clz.o)
    0x0800bd88   0x0800bd88   0x0000000c   Code   RO         6535    x$fpl$fcheck1       fz_ws.l(fcheck1.o)
    0x0800bd94   0x0800bd94   0x00000184   Code   RO         6318    x$fpl$fdiv          fz_ws.l(fdiv.o)
    0x0800bf18   0x0800bf18   0x00000036   Code   RO         6402    x$fpl$ffix          fz_ws.l(ffix.o)
    0x0800bf4e   0x0800bf4e   0x00000002   PAD
    0x0800bf50   0x0800bf50   0x0000003e   Code   RO         6321    x$fpl$ffixu         fz_ws.l(ffixu.o)
    0x0800bf8e   0x0800bf8e   0x00000002   PAD
    0x0800bf90   0x0800bf90   0x00000030   Code   RO         6326    x$fpl$fflt          fz_ws.l(fflt_clz.o)
    0x0800bfc0   0x0800bfc0   0x00000026   Code   RO         6325    x$fpl$ffltu         fz_ws.l(fflt_clz.o)
    0x0800bfe6   0x0800bfe6   0x00000002   PAD
    0x0800bfe8   0x0800bfe8   0x00000102   Code   RO         6331    x$fpl$fmul          fz_ws.l(fmul.o)
    0x0800c0ea   0x0800c0ea   0x0000008c   Code   RO         6406    x$fpl$fnaninf       fz_ws.l(fnaninf.o)
    0x0800c176   0x0800c176   0x0000000a   Code   RO         6408    x$fpl$fretinf       fz_ws.l(fretinf.o)
    0x0800c180   0x0800c180   0x00000060   Code   RO         6410    x$fpl$frnd          fz_ws.l(frnd.o)
    0x0800c1e0   0x0800c1e0   0x00000014   Code   RO         6312    x$fpl$frsb          fz_ws.l(faddsub_clz.o)
    0x0800c1f4   0x0800c1f4   0x000000ea   Code   RO         6313    x$fpl$fsub          fz_ws.l(faddsub_clz.o)
    0x0800c2de   0x0800c2de   0x00000004   Code   RO         6412    x$fpl$printf1       fz_ws.l(printf1.o)
    0x0800c2e2   0x0800c2e2   0x00000004   Code   RO         6414    x$fpl$printf2       fz_ws.l(printf2.o)
    0x0800c2e6   0x0800c2e6   0x00000064   Code   RO         6597    x$fpl$retnan        fz_ws.l(retnan.o)
    0x0800c34a   0x0800c34a   0x0000004c   Code   RO         6477    x$fpl$scalbnf       fz_ws.l(scalbnf.o)
    0x0800c396   0x0800c396   0x00000030   Code   RO         6616    x$fpl$trapveneer    fz_ws.l(trapv.o)
    0x0800c3c6   0x0800c3c6   0x00000000   Code   RO         6420    x$fpl$usenofp       fz_ws.l(usenofp.o)
    0x0800c3c6   0x0800c3c6   0x0000000a   Data   RO         3109    .constdata          bsp_adc.o
    0x0800c3d0   0x0800c3d0   0x000002b0   Data   RO         3446    .constdata          bsp_si5351.o
    0x0800c680   0x0800c680   0x00000248   Data   RO         3589    .constdata          drv_adc.o
    0x0800c8c8   0x0800c8c8   0x00000021   Data   RO         5703    .constdata          segger_rtt.o
    0x0800c8e9   0x0800c8e9   0x00000010   Data   RO         5907    .constdata          segger_rtt_printf.o
    0x0800c8f9   0x0800c8f9   0x00000003   PAD
    0x0800c8fc   0x0800c8fc   0x000000e0   Data   RO         5948    .constdata          cm_backtrace.o
    0x0800c9dc   0x0800c9dc   0x00000028   Data   RO         6242    .constdata          c_w.l(_printf_hex_int_ll_ptr.o)
    0x0800ca04   0x0800ca04   0x00000011   Data   RO         6262    .constdata          c_w.l(__printf_flags_ss_wp.o)
    0x0800ca15   0x0800ca15   0x00000003   PAD
    0x0800ca18   0x0800ca18   0x00000008   Data   RO         6367    .constdata          c_w.l(_printf_wctomb.o)
    0x0800ca20   0x0800ca20   0x00000020   Data   RO         6438    .constdata          m_ws.l(rredf.o)
    0x0800ca40   0x0800ca40   0x00000026   Data   RO         6467    .constdata          c_w.l(_printf_fp_hex.o)
    0x0800ca66   0x0800ca66   0x00000002   PAD
    0x0800ca68   0x0800ca68   0x00000094   Data   RO         6494    .constdata          c_w.l(bigflt0.o)
    0x0800cafc   0x0800cafc   0x00000140   Data   RO         4740    .conststring        app_memory.o
    0x0800cc3c   0x0800cc3c   0x0000010d   Data   RO         4866    .conststring        app_negprsheat.o
    0x0800cd49   0x0800cd49   0x00000003   PAD
    0x0800cd4c   0x0800cd4c   0x0000004f   Data   RO         4986    .conststring        app_radiofreq.o
    0x0800cd9b   0x0800cd9b   0x00000001   PAD
    0x0800cd9c   0x0800cd9c   0x000000ab   Data   RO         5111    .conststring        app_shockwave.o
    0x0800ce47   0x0800ce47   0x00000001   PAD
    0x0800ce48   0x0800ce48   0x000008c4   Data   RO         5949    .conststring        cm_backtrace.o
    0x0800d70c   0x0800d70c   0x00000020   Data   RO         6672    Region$$Table       anon$$obj.o
    0x0800d72c   0x0800d72c   0x0000001c   Data   RO         6518    locale$$data        c_w.l(lc_numeric_c.o)
    0x0800d748   0x0800d748   0x00000110   Data   RO         6545    locale$$data        c_w.l(lc_ctype_c.o)


    Execution Region RW_IRAM1 (Exec base: 0x20000000, Load base: 0x0800d858, Size: 0x00002070, Max: 0x0000c000, ABSOLUTE)

    Exec Addr    Load Addr    Size         Type   Attr      Idx    E Section Name        Object

    0x20000000   0x0800d858   0x00000014   Data   RW         1686    .data               stm32f10x_rcc.o
    0x20000014   0x0800d86c   0x00000014   Data   RW         3071    .data               system_stm32f10x.o
    0x20000028   0x0800d880   0x00000001   Data   RW         3110    .data               bsp_adc.o
    0x20000029   0x0800d881   0x00000007   PAD
    0x20000030   0x0800d888   0x00000008   Data   RW         3395    .data               bsp_delay.o
    0x20000038   0x0800d890   0x00000002   Data   RW         3704    .data               drv_dac.o
    0x2000003a   0x0800d892   0x00000002   PAD
    0x2000003c   0x0800d894   0x00000017   Data   RW         3848    .data               drv_iodevice.o
    0x20000053   0x0800d8ab   0x00000012   Data   RW         3942    .data               drv_memory.o
    0x20000065   0x0800d8bd   0x00000003   PAD
    0x20000068   0x0800d8c0   0x00000010   Data   RW         4276    .data               drv_24c02.o
    0x20000078   0x0800d8d0   0x00000004   Data   RW         4329    .data               delay.o
    0x2000007c   0x0800d8d4   0x00000002   Data   RW         4525    .data               app_comm.o
    0x2000007e   0x0800d8d6   0x00000002   Data   RW         4673    .data               app_handcomm.o
    0x20000080   0x0800d8d8   0x00000001   Data   RW         4867    .data               app_negprsheat.o
    0x20000081   0x0800d8d9   0x00000001   Data   RW         4987    .data               app_radiofreq.o
    0x20000082   0x0800d8da   0x00000002   PAD
    0x20000084   0x0800d8dc   0x00000009   Data   RW         5112    .data               app_shockwave.o
    0x2000008d   0x0800d8e5   0x00000003   PAD
    0x20000090   0x0800d8e8   0x00000008   Data   RW         5225    .data               app_system.o
    0x20000098   0x0800d8f0   0x0000000a   Data   RW         5315    .data               app_treatmgr.o
    0x200000a2   0x0800d8fa   0x00000002   PAD
    0x200000a4   0x0800d8fc   0x00000008   Data   RW         5421    .data               app_ultrasound.o
    0x200000ac   0x0800d904   0x00000005   Data   RW         5601    .data               log.o
    0x200000b1   0x0800d909   0x00000003   PAD
    0x200000b4   0x0800d90c   0x00000014   Data   RW         5950    .data               cm_backtrace.o
    0x200000c8        -       0x00000028   Zero   RW         3108    .bss                bsp_adc.o
    0x200000f0        -       0x00000400   Zero   RW         3349    .bss                bsp_usart.o
    0x200004f0        -       0x00000058   Zero   RW         3445    .bss                bsp_si5351.o
    0x20000548        -       0x00000028   Zero   RW         3588    .bss                drv_adc.o
    0x20000570        -       0x00000440   Zero   RW         4056    .bss                drv_usart.o
    0x200009b0        -       0x0000024c   Zero   RW         4524    .bss                app_comm.o
    0x20000bfc        -       0x00000198   Zero   RW         4672    .bss                app_handcomm.o
    0x20000d94        -       0x0000004c   Zero   RW         4739    .bss                app_memory.o
    0x20000de0        -       0x0000008c   Zero   RW         4865    .bss                app_negprsheat.o
    0x20000e6c        -       0x00000058   Zero   RW         4985    .bss                app_radiofreq.o
    0x20000ec4        -       0x00000068   Zero   RW         5110    .bss                app_shockwave.o
    0x20000f2c        -       0x00000018   Zero   RW         5314    .bss                app_treatmgr.o
    0x20000f44        -       0x0000005c   Zero   RW         5420    .bss                app_ultrasound.o
    0x20000fa0        -       0x00000018   Zero   RW         5532    .bss                app_led.o
    0x20000fb8        -       0x000002e4   Zero   RW         5600    .bss                log.o
    0x2000129c        -       0x000005a8   Zero   RW         5702    .bss                segger_rtt.o
    0x20001844        -       0x000001c8   Zero   RW         5947    .bss                cm_backtrace.o
    0x20001a0c        -       0x00000060   Zero   RW         6480    .bss                c_w.l(libspace.o)
    0x20001a6c   0x0800d920   0x00000004   PAD
    0x20001a70        -       0x00000200   Zero   RW         4495    HEAP                startup_stm32f10x_hd.o
    0x20001c70        -       0x00000400   Zero   RW         4494    STACK               startup_stm32f10x_hd.o


==============================================================================

Image component sizes


      Code (inc. data)   RO Data    RW Data    ZI Data      Debug   Object Name

      3408        120          0          2        588      20869   app_comm.o
       514         24          0          2        408       5267   app_handcomm.o
       552         54          0          0         24       5889   app_led.o
      2204        294        320          0         76      20730   app_memory.o
      3580       1110        269          1        140      13687   app_negprsheat.o
      2294        692         79          1         88      10920   app_radiofreq.o
      2520        710        171          9        104      12279   app_shockwave.o
       940        566          0          8          0       7899   app_system.o
      2436       1440          0         10         24       6876   app_treatmgr.o
      2616        822          0          8         92      11181   app_ultrasound.o
       600         50         10          1         40       3062   bsp_adc.o
       108          6          0          0          0       1002   bsp_dac.o
        40         10          0          8          0       1401   bsp_delay.o
       552         60          0          0          0       5130   bsp_gpio.o
         8          0          0          0          0        408   bsp_iwdg.o
       904         50        688          0         88       9248   bsp_si5351.o
       438         20          0          0          0       2135   bsp_tim.o
       928         44          0          0       1024       3376   bsp_usart.o
      2396        448       2468         20        456       8930   cm_backtrace.o
        12          0          0          0          0        376   cmb_fault.o
         0          0          0          0          0         32   core_cm3.o
       140          4          0          4          0        975   delay.o
       372         14          0         16          0       4504   drv_24c02.o
       868         68        584          0         40      12182   drv_adc.o
       214         30          0          2          0       2041   drv_dac.o
       180         20          0          0          0       3992   drv_delay.o
        20          0          0          0          0       1374   drv_init.o
      1098        216          0         23          0      10398   drv_iodevice.o
       384        108          0         18          0       3159   drv_memory.o
        62          0          0          0          0       1489   drv_si5351.o
        28          0          0          0          0        968   drv_tim.o
       308         52          0          0       1088       6042   drv_usart.o
        32          0          0          0          0       1245   drv_wdg.o
       966          0          0          0          0       9247   lib_aiic.o
       238          0          0          0          0       3810   lib_ringbuffer.o
       918        280          0          5        740       4783   log.o
        32          0          0          0          0        419   main.o
       132         22          0          0          0     277755   misc.o
      1128         62         33          0       1448      16135   segger_rtt.o
      1166         14         16          0          0       5609   segger_rtt_printf.o
        64         26        304          0       1536        808   startup_stm32f10x_hd.o
       432         12          0          0          0       7037   stm32f103_it.o
       390         10          0          0          0       7185   stm32f10x_adc.o
        12          6          0          0          0        471   stm32f10x_bkp.o
       136         18          0          0          0       2868   stm32f10x_dac.o
       518         26          0          0          0       6085   stm32f10x_dma.o
       448          6          0          0          0       4414   stm32f10x_gpio.o
        16          6          0          0          0        441   stm32f10x_iwdg.o
        12          6          0          0          0        478   stm32f10x_pwr.o
       464         60          0         20          0       6993   stm32f10x_rcc.o
       624         62          0          0          0       9308   stm32f10x_tim.o
       446          6          0          0          0       5563   stm32f10x_usart.o
       492         48          0         20          0       2841   system_stm32f10x.o

    ----------------------------------------------------------------------
     39440       7702       4982        200       8004     571316   Object Totals
         0          0         32          0          0          0   (incl. Generated)
        50          0          8         22          0          0   (incl. Padding)

    ----------------------------------------------------------------------

      Code (inc. data)   RO Data    RW Data    ZI Data      Debug   Library Member Name

        56          6          0          0          0         88   __2snprintf.o
        44          6          0          0          0         84   __2sprintf.o
         8          0          0          0          0         68   __main.o
       392          4         17          0          0         92   __printf_flags_ss_wp.o
        14          0          0          0          0         68   __printf_wp.o
         0          0          0          0          0          0   __rtentry.o
        12          0          0          0          0          0   __rtentry2.o
         6          0          0          0          0          0   __rtentry4.o
        52          8          0          0          0          0   __scatter.o
        26          0          0          0          0          0   __scatter_copy.o
        28          0          0          0          0          0   __scatter_zi.o
         6          0          0          0          0          0   _printf_a.o
         6          0          0          0          0          0   _printf_c.o
        44          0          0          0          0        108   _printf_char.o
        48          6          0          0          0         96   _printf_char_common.o
        40          0          0          0          0         68   _printf_charcount.o
         6          0          0          0          0          0   _printf_d.o
       120         16          0          0          0         92   _printf_dec.o
         6          0          0          0          0          0   _printf_e.o
         6          0          0          0          0          0   _printf_f.o
      1054          0          0          0          0        216   _printf_fp_dec.o
       764          8         38          0          0        100   _printf_fp_hex.o
       128         16          0          0          0         84   _printf_fp_infnan.o
         6          0          0          0          0          0   _printf_g.o
       148          4         40          0          0        160   _printf_hex_int_ll_ptr.o
         6          0          0          0          0          0   _printf_i.o
       178          0          0          0          0         88   _printf_intcommon.o
        10          0          0          0          0          0   _printf_l.o
         6          0          0          0          0          0   _printf_lc.o
        10          0          0          0          0          0   _printf_ll.o
         6          0          0          0          0          0   _printf_lld.o
         6          0          0          0          0          0   _printf_lli.o
         6          0          0          0          0          0   _printf_llo.o
         6          0          0          0          0          0   _printf_llu.o
         6          0          0          0          0          0   _printf_llx.o
       124         16          0          0          0         92   _printf_longlong_dec.o
         6          0          0          0          0          0   _printf_ls.o
         6          0          0          0          0          0   _printf_n.o
         6          0          0          0          0          0   _printf_o.o
       112         10          0          0          0        124   _printf_oct_int_ll.o
         6          0          0          0          0          0   _printf_p.o
        78          0          0          0          0        108   _printf_pad.o
         0          0          0          0          0          0   _printf_percent.o
         4          0          0          0          0          0   _printf_percent_end.o
         6          0          0          0          0          0   _printf_s.o
        82          0          0          0          0         80   _printf_str.o
        36          0          0          0          0         84   _printf_truncate.o
         6          0          0          0          0          0   _printf_u.o
        44          0          0          0          0        108   _printf_wchar.o
       188          6          8          0          0         92   _printf_wctomb.o
         6          0          0          0          0          0   _printf_x.o
        22          0          0          0          0        100   _rserrno.o
        16          0          0          0          0         68   _snputc.o
        10          0          0          0          0         68   _sputc.o
        64          0          0          0          0         92   _wcrtomb.o
       228          4        148          0          0         96   bigflt0.o
      1936        128          0          0          0        672   btod.o
        18          0          0          0          0         80   exit.o
         6          0          0          0          0        152   heapauxi.o
         0          0          0          0          0          0   indicate_semi.o
        44         10        272          0          0         76   lc_ctype_c.o
        44         10         28          0          0         76   lc_numeric_c.o
         2          0          0          0          0          0   libinit.o
        30          0          0          0          0          0   libinit2.o
         2          0          0          0          0          0   libshutdown.o
         2          0          0          0          0          0   libshutdown2.o
         8          4          0          0         96         68   libspace.o
       138          0          0          0          0         80   lludiv10.o
       238          0          0          0          0        100   lludivv7m.o
        88          0          0          0          0         76   memcmp.o
        16          4          0          0          0         76   rt_ctype_table.o
         8          4          0          0          0         68   rt_errno_addr_intlibspace.o
         8          4          0          0          0         68   rt_locale_intlibspace.o
        68          0          0          0          0         68   rt_memclr.o
        78          0          0          0          0         80   rt_memclr_w.o
       138          0          0          0          0         68   rt_memcpy_v6.o
       100          0          0          0          0         80   rt_memcpy_w.o
         2          0          0          0          0          0   rtexit.o
        10          0          0          0          0          0   rtexit2.o
       128          0          0          0          0         68   strcmpv7m.o
        62          0          0          0          0         76   strlen.o
        86          0          0          0          0         76   strncpy.o
        12          4          0          0          0         68   sys_exit.o
        74          0          0          0          0         80   sys_stackheap_outer.o
         2          0          0          0          0         68   use_no_semi.o
        52          4          0          0          0         80   vsnprintf.o
       450          8          0          0          0        236   faddsub_clz.o
        12          4          0          0          0         68   fcheck1.o
       388         76          0          0          0         96   fdiv.o
        54          4          0          0          0         84   ffix.o
        62          4          0          0          0         84   ffixu.o
        86          0          0          0          0        136   fflt_clz.o
       258          4          0          0          0         84   fmul.o
       140          4          0          0          0         84   fnaninf.o
        10          0          0          0          0         68   fretinf.o
        96          4          0          0          0         76   frnd.o
         4          0          0          0          0         68   printf1.o
         4          0          0          0          0         68   printf2.o
       100          0          0          0          0         68   retnan.o
        76          0          0          0          0         68   scalbnf.o
        48          0          0          0          0         68   trapv.o
         0          0          0          0          0          0   usenofp.o
        40          0          0          0          0         68   fpclassify.o
        38          0          0          0          0         68   fpclassifyf.o
        24          0          0          0          0        204   funder.o
       360         16         32          0          0         88   rredf.o
       392         54          0          0          0        124   sinf.o

    ----------------------------------------------------------------------
     10374        460        588          0        100       6836   Library Totals
        22          0          5          0          4          0   (incl. Padding)

    ----------------------------------------------------------------------

      Code (inc. data)   RO Data    RW Data    ZI Data      Debug   Library Name

      7710        282        551          0         96       4928   c_w.l
      1788        108          0          0          0       1356   fz_ws.l
       854         70         32          0          0        552   m_ws.l

    ----------------------------------------------------------------------
     10374        460        588          0        100       6836   Library Totals

    ----------------------------------------------------------------------

==============================================================================


      Code (inc. data)   RO Data    RW Data    ZI Data      Debug   

     49814       8162       5570        200       8104     554956   Grand Totals
     49814       8162       5570        200       8104     554956   ELF Image Totals
     49814       8162       5570        200          0          0   ROM Totals

==============================================================================

    Total RO  Size (Code + RO Data)                55384 (  54.09kB)
    Total RW  Size (RW Data + ZI Data)              8304 (   8.11kB)
    Total ROM Size (Code + RO Data + RW Data)      55584 (  54.28kB)

==============================================================================

