Component: ARM Compiler 5.06 update 7 (build 960) Tool: armlink [4d3601]

==============================================================================

Section Cross References

    stm32f10x_adc.o(i.ADC_DeInit) refers to stm32f10x_rcc.o(i.RCC_APB2PeriphResetCmd) for RCC_APB2PeriphResetCmd
    stm32f10x_bkp.o(i.BKP_DeInit) refers to stm32f10x_rcc.o(i.RCC_BackupResetCmd) for RCC_BackupResetCmd
    stm32f10x_can.o(i.CAN_DeInit) refers to stm32f10x_rcc.o(i.RCC_APB1PeriphResetCmd) for RCC_APB1PeriphResetCmd
    stm32f10x_can.o(i.CAN_GetITStatus) refers to stm32f10x_can.o(i.CheckITStatus) for CheckITStatus
    stm32f10x_cec.o(i.CEC_DeInit) refers to stm32f10x_rcc.o(i.RCC_APB1PeriphResetCmd) for RCC_APB1PeriphResetCmd
    stm32f10x_dac.o(i.DAC_DeInit) refers to stm32f10x_rcc.o(i.RCC_APB1PeriphResetCmd) for RCC_APB1PeriphResetCmd
    stm32f10x_flash.o(i.FLASH_EnableWriteProtection) refers to stm32f10x_flash.o(i.FLASH_WaitForLastOperation) for FLASH_WaitForLastOperation
    stm32f10x_flash.o(i.FLASH_EraseAllBank1Pages) refers to stm32f10x_flash.o(i.FLASH_WaitForLastBank1Operation) for FLASH_WaitForLastBank1Operation
    stm32f10x_flash.o(i.FLASH_EraseAllPages) refers to stm32f10x_flash.o(i.FLASH_WaitForLastOperation) for FLASH_WaitForLastOperation
    stm32f10x_flash.o(i.FLASH_EraseOptionBytes) refers to stm32f10x_flash.o(i.FLASH_GetReadOutProtectionStatus) for FLASH_GetReadOutProtectionStatus
    stm32f10x_flash.o(i.FLASH_EraseOptionBytes) refers to stm32f10x_flash.o(i.FLASH_WaitForLastOperation) for FLASH_WaitForLastOperation
    stm32f10x_flash.o(i.FLASH_ErasePage) refers to stm32f10x_flash.o(i.FLASH_WaitForLastOperation) for FLASH_WaitForLastOperation
    stm32f10x_flash.o(i.FLASH_ProgramHalfWord) refers to stm32f10x_flash.o(i.FLASH_WaitForLastOperation) for FLASH_WaitForLastOperation
    stm32f10x_flash.o(i.FLASH_ProgramOptionByteData) refers to stm32f10x_flash.o(i.FLASH_WaitForLastOperation) for FLASH_WaitForLastOperation
    stm32f10x_flash.o(i.FLASH_ProgramWord) refers to stm32f10x_flash.o(i.FLASH_WaitForLastOperation) for FLASH_WaitForLastOperation
    stm32f10x_flash.o(i.FLASH_ReadOutProtection) refers to stm32f10x_flash.o(i.FLASH_WaitForLastOperation) for FLASH_WaitForLastOperation
    stm32f10x_flash.o(i.FLASH_UserOptionByteConfig) refers to stm32f10x_flash.o(i.FLASH_WaitForLastOperation) for FLASH_WaitForLastOperation
    stm32f10x_flash.o(i.FLASH_WaitForLastBank1Operation) refers to stm32f10x_flash.o(i.FLASH_GetBank1Status) for FLASH_GetBank1Status
    stm32f10x_flash.o(i.FLASH_WaitForLastOperation) refers to stm32f10x_flash.o(i.FLASH_GetBank1Status) for FLASH_GetBank1Status
    stm32f10x_gpio.o(i.GPIO_AFIODeInit) refers to stm32f10x_rcc.o(i.RCC_APB2PeriphResetCmd) for RCC_APB2PeriphResetCmd
    stm32f10x_gpio.o(i.GPIO_DeInit) refers to stm32f10x_rcc.o(i.RCC_APB2PeriphResetCmd) for RCC_APB2PeriphResetCmd
    stm32f10x_i2c.o(i.I2C_DeInit) refers to stm32f10x_rcc.o(i.RCC_APB1PeriphResetCmd) for RCC_APB1PeriphResetCmd
    stm32f10x_i2c.o(i.I2C_Init) refers to stm32f10x_rcc.o(i.RCC_GetClocksFreq) for RCC_GetClocksFreq
    stm32f10x_pwr.o(i.PWR_DeInit) refers to stm32f10x_rcc.o(i.RCC_APB1PeriphResetCmd) for RCC_APB1PeriphResetCmd
    stm32f10x_rcc.o(i.RCC_GetClocksFreq) refers to stm32f10x_rcc.o(.data) for APBAHBPrescTable
    stm32f10x_rcc.o(i.RCC_WaitForHSEStartUp) refers to stm32f10x_rcc.o(i.RCC_GetFlagStatus) for RCC_GetFlagStatus
    stm32f10x_rtc.o(i.RTC_SetAlarm) refers to stm32f10x_rtc.o(i.RTC_EnterConfigMode) for RTC_EnterConfigMode
    stm32f10x_rtc.o(i.RTC_SetAlarm) refers to stm32f10x_rtc.o(i.RTC_ExitConfigMode) for RTC_ExitConfigMode
    stm32f10x_rtc.o(i.RTC_SetCounter) refers to stm32f10x_rtc.o(i.RTC_EnterConfigMode) for RTC_EnterConfigMode
    stm32f10x_rtc.o(i.RTC_SetCounter) refers to stm32f10x_rtc.o(i.RTC_ExitConfigMode) for RTC_ExitConfigMode
    stm32f10x_rtc.o(i.RTC_SetPrescaler) refers to stm32f10x_rtc.o(i.RTC_EnterConfigMode) for RTC_EnterConfigMode
    stm32f10x_rtc.o(i.RTC_SetPrescaler) refers to stm32f10x_rtc.o(i.RTC_ExitConfigMode) for RTC_ExitConfigMode
    stm32f10x_spi.o(i.I2S_Init) refers to stm32f10x_rcc.o(i.RCC_GetClocksFreq) for RCC_GetClocksFreq
    stm32f10x_spi.o(i.SPI_I2S_DeInit) refers to stm32f10x_rcc.o(i.RCC_APB2PeriphResetCmd) for RCC_APB2PeriphResetCmd
    stm32f10x_spi.o(i.SPI_I2S_DeInit) refers to stm32f10x_rcc.o(i.RCC_APB1PeriphResetCmd) for RCC_APB1PeriphResetCmd
    stm32f10x_tim.o(i.TIM_DeInit) refers to stm32f10x_rcc.o(i.RCC_APB2PeriphResetCmd) for RCC_APB2PeriphResetCmd
    stm32f10x_tim.o(i.TIM_DeInit) refers to stm32f10x_rcc.o(i.RCC_APB1PeriphResetCmd) for RCC_APB1PeriphResetCmd
    stm32f10x_tim.o(i.TIM_ETRClockMode1Config) refers to stm32f10x_tim.o(i.TIM_ETRConfig) for TIM_ETRConfig
    stm32f10x_tim.o(i.TIM_ETRClockMode2Config) refers to stm32f10x_tim.o(i.TIM_ETRConfig) for TIM_ETRConfig
    stm32f10x_tim.o(i.TIM_ICInit) refers to stm32f10x_tim.o(i.TI1_Config) for TI1_Config
[...]
    Drv_TIM4_SetESW_N                        0x08007be5   Thumb Code    14  drv_tim.o(i.Drv_TIM4_SetESW_N)
    Drv_TIM4_SetESW_P                        0x08007bf3   Thumb Code    14  drv_tim.o(i.Drv_TIM4_SetESW_P)
    Drv_Timer_Tick                           0x08007c01   Thumb Code    56  drv_delay.o(i.Drv_Timer_Tick)
    Drv_USART1_Init                          0x08007c39   Thumb Code    16  drv_usart.o(i.Drv_USART1_Init)
    Drv_USART1_Rx                            0x08007c51   Thumb Code    74  drv_usart.o(i.Drv_USART1_Rx)
    Drv_USART1_Send                          0x08007ca9   Thumb Code    16  drv_usart.o(i.Drv_USART1_Send)
    Drv_USART2_Init                          0x08007cb9   Thumb Code    16  drv_usart.o(i.Drv_USART2_Init)
    Drv_USART2_Rx                            0x08007cd1   Thumb Code    74  drv_usart.o(i.Drv_USART2_Rx)
    Drv_Uart_init                            0x08007d29   Thumb Code    12  drv_usart.o(i.Drv_Uart_init)
    Drv_WatchDogFeed                         0x08007d35   Thumb Code     8  drv_wdg.o(i.Drv_WatchDogFeed)
    Drv_WatchDogResartCheck                  0x08007d3d   Thumb Code    16  drv_wdg.o(i.Drv_WatchDogResartCheck)
    GPIO_Init                                0x08007d4d   Thumb Code   278  stm32f10x_gpio.o(i.GPIO_Init)
    GPIO_ReadInputDataBit                    0x08007e63   Thumb Code    18  stm32f10x_gpio.o(i.GPIO_ReadInputDataBit)
    GPIO_ResetBits                           0x08007e75   Thumb Code     4  stm32f10x_gpio.o(i.GPIO_ResetBits)
    GPIO_SetBits                             0x08007e79   Thumb Code     4  stm32f10x_gpio.o(i.GPIO_SetBits)
    IWDG_ReloadCounter                       0x08008339   Thumb Code    10  stm32f10x_iwdg.o(i.IWDG_ReloadCounter)
    Log_Init                                 0x08008349   Thumb Code    74  log.o(i.Log_Init)
    Log_LoopFun                              0x0800843d   Thumb Code    16  log.o(i.Log_LoopFun)
    Log_Printf                               0x0800847d   Thumb Code   170  log.o(i.Log_Printf)
    Log_Process                              0x08008559   Thumb Code   222  log.o(i.Log_Process)
    Log_RegisterFunction                     0x0800864d   Thumb Code   106  log.o(i.Log_RegisterFunction)
    MemManage_Handler                        0x080086c1   Thumb Code     4  stm32f103_it.o(i.MemManage_Handler)
    NMI_Handler                              0x080086c5   Thumb Code     4  stm32f103_it.o(i.NMI_Handler)
    NVIC_Init                                0x080086c9   Thumb Code   100  misc.o(i.NVIC_Init)
    NVIC_PriorityGroupConfig                 0x08008739   Thumb Code    10  misc.o(i.NVIC_PriorityGroupConfig)
    PWM_Generate                             0x0800874d   Thumb Code    30  bsp_si5351.o(i.PWM_Generate)
    PendSV_Handler                           0x0800876b   Thumb Code     2  stm32f103_it.o(i.PendSV_Handler)
    ProbeStatusCheck                         0x0800876d   Thumb Code   204  app_treatmgr.o(i.ProbeStatusCheck)
    RCC_ADCCLKConfig                         0x08008981   Thumb Code    18  stm32f10x_rcc.o(i.RCC_ADCCLKConfig)
    RCC_AHBPeriphClockCmd                    0x08008999   Thumb Code    26  stm32f10x_rcc.o(i.RCC_AHBPeriphClockCmd)
    RCC_APB1PeriphClockCmd                   0x080089b9   Thumb Code    26  stm32f10x_rcc.o(i.RCC_APB1PeriphClockCmd)
    RCC_APB2PeriphClockCmd                   0x080089d9   Thumb Code    26  stm32f10x_rcc.o(i.RCC_APB2PeriphClockCmd)
    RCC_ClearFlag                            0x080089f9   Thumb Code    14  stm32f10x_rcc.o(i.RCC_ClearFlag)
    RCC_GetClocksFreq                        0x08008a0d   Thumb Code   192  stm32f10x_rcc.o(i.RCC_GetClocksFreq)
    RCC_GetFlagStatus                        0x08008ae1   Thumb Code    56  stm32f10x_rcc.o(i.RCC_GetFlagStatus)
    SEGGER_RTT_ConfigDownBuffer              0x08008b1d   Thumb Code   114  segger_rtt.o(i.SEGGER_RTT_ConfigDownBuffer)
    SEGGER_RTT_ConfigUpBuffer                0x08008b95   Thumb Code   114  segger_rtt.o(i.SEGGER_RTT_ConfigUpBuffer)
    SEGGER_RTT_GetKey                        0x08008c0d   Thumb Code    32  segger_rtt.o(i.SEGGER_RTT_GetKey)
    SEGGER_RTT_HasKey                        0x08008c2d   Thumb Code    44  segger_rtt.o(i.SEGGER_RTT_HasKey)
    SEGGER_RTT_Read                          0x08008c5d   Thumb Code    56  segger_rtt.o(i.SEGGER_RTT_Read)
    SEGGER_RTT_ReadNoLock                    0x08008c95   Thumb Code   166  segger_rtt.o(i.SEGGER_RTT_ReadNoLock)
    SEGGER_RTT_Write                         0x08008d41   Thumb Code    70  segger_rtt.o(i.SEGGER_RTT_Write)
    SEGGER_RTT_WriteNoLock                   0x08008d8d   Thumb Code   126  segger_rtt.o(i.SEGGER_RTT_WriteNoLock)
    SEGGER_RTT_WriteString                   0x08008e11   Thumb Code    26  segger_rtt.o(i.SEGGER_RTT_WriteString)
    SEGGER_RTT_printf                        0x08008e2b   Thumb Code    34  segger_rtt_printf.o(i.SEGGER_RTT_printf)
    SEGGER_RTT_vprintf                       0x08008e4d   Thumb Code   584  segger_rtt_printf.o(i.SEGGER_RTT_vprintf)
    SVC_Handler                              0x0800909d   Thumb Code     2  stm32f103_it.o(i.SVC_Handler)
    SetMultisynth_all                        0x080090a1   Thumb Code   590  bsp_si5351.o(i.SetMultisynth_all)
    Si5351_GetPara                           0x080093e5   Thumb Code   136  bsp_si5351.o(i.Si5351_GetPara)
    Si5351_Open_CLK1                         0x08009475   Thumb Code    12  bsp_si5351.o(i.Si5351_Open_CLK1)
    Si5351_PWM_TIM                           0x08009481   Thumb Code    70  bsp_si5351.o(i.Si5351_PWM_TIM)
    Si5351_SetFrequency_Pro                  0x080094cd   Thumb Code   408  bsp_si5351.o(i.Si5351_SetFrequency_Pro)
    SystemCoreClockUpdate                    0x08009681   Thumb Code   142  system_stm32f10x.o(i.SystemCoreClockUpdate)
    SystemInit                               0x08009725   Thumb Code    78  system_stm32f10x.o(i.SystemInit)
    SystemManager                            0x08009785   Thumb Code    60  app_system.o(i.SystemManager)
    SystemProcess                            0x080097c5   Thumb Code    12  app_system.o(i.SystemProcess)
    System_ChangeMode                        0x080097d1   Thumb Code    98  app_system.o(i.System_ChangeMode)
    System_Init                              0x080098e1   Thumb Code   118  app_system.o(i.System_Init)
    TIM2_IRQHandler                          0x08009a45   Thumb Code    30  stm32f103_it.o(i.TIM2_IRQHandler)
    TIM_ARRPreloadConfig                     0x08009a63   Thumb Code    24  stm32f10x_tim.o(i.TIM_ARRPreloadConfig)
    TIM_BDTRConfig                           0x08009a7b   Thumb Code    32  stm32f10x_tim.o(i.TIM_BDTRConfig)
    TIM_ClearITPendingBit                    0x08009a9b   Thumb Code     6  stm32f10x_tim.o(i.TIM_ClearITPendingBit)
    TIM_Cmd                                  0x08009aa1   Thumb Code    24  stm32f10x_tim.o(i.TIM_Cmd)
    TIM_CtrlPWMOutputs                       0x08009ab9   Thumb Code    30  stm32f10x_tim.o(i.TIM_CtrlPWMOutputs)
    TIM_ETRClockMode2Config                  0x08009ad7   Thumb Code    32  stm32f10x_tim.o(i.TIM_ETRClockMode2Config)
    TIM_ETRConfig                            0x08009af7   Thumb Code    28  stm32f10x_tim.o(i.TIM_ETRConfig)
    TIM_GetITStatus                          0x08009b13   Thumb Code    34  stm32f10x_tim.o(i.TIM_GetITStatus)
    TIM_ITConfig                             0x08009b35   Thumb Code    18  stm32f10x_tim.o(i.TIM_ITConfig)
    TIM_ITRxExternalClockConfig              0x08009b47   Thumb Code    24  stm32f10x_tim.o(i.TIM_ITRxExternalClockConfig)
    TIM_OC1Init                              0x08009b61   Thumb Code   132  stm32f10x_tim.o(i.TIM_OC1Init)
    TIM_OC1PreloadConfig                     0x08009bf9   Thumb Code    18  stm32f10x_tim.o(i.TIM_OC1PreloadConfig)
    TIM_OCStructInit                         0x08009c0b   Thumb Code    20  stm32f10x_tim.o(i.TIM_OCStructInit)
    TIM_SelectInputTrigger                   0x08009c1f   Thumb Code    18  stm32f10x_tim.o(i.TIM_SelectInputTrigger)
    TIM_TimeBaseInit                         0x08009c31   Thumb Code   122  stm32f10x_tim.o(i.TIM_TimeBaseInit)
    USART1_IRQHandler                        0x08009cd5   Thumb Code    44  stm32f103_it.o(i.USART1_IRQHandler)
    USART2_IRQHandler                        0x08009d05   Thumb Code    44  stm32f103_it.o(i.USART2_IRQHandler)
    USART_ClearITPendingBit                  0x08009d35   Thumb Code    30  stm32f10x_usart.o(i.USART_ClearITPendingBit)
    USART_Cmd                                0x08009d53   Thumb Code    24  stm32f10x_usart.o(i.USART_Cmd)
    USART_DMACmd                             0x08009d6b   Thumb Code    18  stm32f10x_usart.o(i.USART_DMACmd)
    USART_GetITStatus                        0x08009d7d   Thumb Code    84  stm32f10x_usart.o(i.USART_GetITStatus)
    USART_ITConfig                           0x08009dd1   Thumb Code    74  stm32f10x_usart.o(i.USART_ITConfig)
    USART_Init                               0x08009e1d   Thumb Code   210  stm32f10x_usart.o(i.USART_Init)
    UsageFault_Handler                       0x08009ef5   Thumb Code     4  stm32f103_it.o(i.UsageFault_Handler)
    __ARM_fpclassify                         0x0800a26f   Thumb Code    40  fpclassify.o(i.__ARM_fpclassify)
    _is_digit                                0x0800a297   Thumb Code    14  __printf_wp.o(i._is_digit)
    cm_backtrace_call_stack                  0x0800a2a5   Thumb Code   208  cm_backtrace.o(i.cm_backtrace_call_stack)
    cm_backtrace_fault                       0x0800a391   Thumb Code   468  cm_backtrace.o(i.cm_backtrace_fault)
    cm_backtrace_firmware_info               0x0800a639   Thumb Code    30  cm_backtrace.o(i.cm_backtrace_firmware_info)
    cm_backtrace_init                        0x0800a66d   Thumb Code   106  cm_backtrace.o(i.cm_backtrace_init)
    floor                                    0x0800ab61   Thumb Code   204  floor.o(i.floor)
    i2c_Ack                                  0x0800ac3d   Thumb Code    72  lib_aiic.o(i.i2c_Ack)
    i2c_NAck                                 0x0800ac95   Thumb Code    60  lib_aiic.o(i.i2c_NAck)
    i2c_ReadByte                             0x0800acd1   Thumb Code    80  lib_aiic.o(i.i2c_ReadByte)
    i2c_SendByte                             0x0800ad21   Thumb Code   114  lib_aiic.o(i.i2c_SendByte)
    i2c_Start                                0x0800ad93   Thumb Code    72  lib_aiic.o(i.i2c_Start)
    i2c_Stop                                 0x0800addb   Thumb Code    48  lib_aiic.o(i.i2c_Stop)
    i2c_WaitAck                              0x0800ae0b   Thumb Code    82  lib_aiic.o(i.i2c_WaitAck)
    main                                     0x0800ae5d   Thumb Code    32  main.o(i.main)
    _get_lc_numeric                          0x0800af45   Thumb Code    44  lc_numeric_c.o(locale$$code)
    _get_lc_ctype                            0x0800af71   Thumb Code    44  lc_ctype_c.o(locale$$code)
    __aeabi_dadd                             0x0800af9d   Thumb Code     0  daddsub_clz.o(x$fpl$dadd)
    _dadd                                    0x0800af9d   Thumb Code   332  daddsub_clz.o(x$fpl$dadd)
    __fpl_dcmp_Inf                           0x0800b0ed   Thumb Code    24  dcmpi.o(x$fpl$dcmpinf)
    __aeabi_ddiv                             0x0800b105   Thumb Code     0  ddiv.o(x$fpl$ddiv)
    _ddiv                                    0x0800b105   Thumb Code   552  ddiv.o(x$fpl$ddiv)
    __aeabi_d2uiz                            0x0800b3b5   Thumb Code     0  dfixu.o(x$fpl$dfixu)
    _dfixu                                   0x0800b3b5   Thumb Code    90  dfixu.o(x$fpl$dfixu)
    __aeabi_ui2d                             0x0800b40f   Thumb Code     0  dflt_clz.o(x$fpl$dfltu)
    _dfltu                                   0x0800b40f   Thumb Code    38  dflt_clz.o(x$fpl$dfltu)
    __aeabi_cdcmple                          0x0800b435   Thumb Code     0  dleqf.o(x$fpl$dleqf)
    _dcmple                                  0x0800b435   Thumb Code   120  dleqf.o(x$fpl$dleqf)
    __fpl_dcmple_InfNaN                      0x0800b497   Thumb Code     0  dleqf.o(x$fpl$dleqf)
    __aeabi_dmul                             0x0800b4ad   Thumb Code     0  dmul.o(x$fpl$dmul)
    _dmul                                    0x0800b4ad   Thumb Code   332  dmul.o(x$fpl$dmul)
    __fpl_dnaninf                            0x0800b601   Thumb Code   156  dnaninf.o(x$fpl$dnaninf)
    __fpl_dretinf                            0x0800b69d   Thumb Code    12  dretinf.o(x$fpl$dretinf)
    __aeabi_cdrcmple                         0x0800b6a9   Thumb Code     0  drleqf.o(x$fpl$drleqf)
    _drcmple                                 0x0800b6a9   Thumb Code   108  drleqf.o(x$fpl$drleqf)
    __aeabi_drsub                            0x0800b715   Thumb Code     0  daddsub_clz.o(x$fpl$drsb)
    _drsb                                    0x0800b715   Thumb Code    22  daddsub_clz.o(x$fpl$drsb)
    __aeabi_dsub                             0x0800b72d   Thumb Code     0  daddsub_clz.o(x$fpl$dsub)
    _dsub                                    0x0800b72d   Thumb Code   464  daddsub_clz.o(x$fpl$dsub)
    __aeabi_fadd                             0x0800b901   Thumb Code     0  faddsub_clz.o(x$fpl$fadd)
    _fadd                                    0x0800b901   Thumb Code   196  faddsub_clz.o(x$fpl$fadd)
    __aeabi_fdiv                             0x0800b9c5   Thumb Code     0  fdiv.o(x$fpl$fdiv)
    _fdiv                                    0x0800b9c5   Thumb Code   384  fdiv.o(x$fpl$fdiv)
    __aeabi_f2uiz                            0x0800bb49   Thumb Code     0  ffixu.o(x$fpl$ffixu)
    _ffixu                                   0x0800bb49   Thumb Code    62  ffixu.o(x$fpl$ffixu)
    __aeabi_ui2f                             0x0800bb89   Thumb Code     0  fflt_clz.o(x$fpl$ffltu)
    _ffltu                                   0x0800bb89   Thumb Code    38  fflt_clz.o(x$fpl$ffltu)
    __aeabi_fmul                             0x0800bbb1   Thumb Code     0  fmul.o(x$fpl$fmul)
    _fmul                                    0x0800bbb1   Thumb Code   258  fmul.o(x$fpl$fmul)
    __fpl_fnaninf                            0x0800bcb3   Thumb Code   140  fnaninf.o(x$fpl$fnaninf)
    __fpl_fretinf                            0x0800bd3f   Thumb Code    10  fretinf.o(x$fpl$fretinf)
    __aeabi_fsub                             0x0800bd49   Thumb Code     0  faddsub_clz.o(x$fpl$fsub)
    _fsub                                    0x0800bd49   Thumb Code   234  faddsub_clz.o(x$fpl$fsub)
    _printf_fp_dec                           0x0800be33   Thumb Code     4  printf1.o(x$fpl$printf1)
    _printf_fp_hex                           0x0800be37   Thumb Code     4  printf2.o(x$fpl$printf2)
    __I$use$fp                               0x0800be3a   Number         0  usenofp.o(x$fpl$usenofp)
    si5351a_1000_CLK0_registers              0x0800be44   Data         344  bsp_si5351.o(.constdata)
    si5351a_1000_CLK1_registers              0x0800bf9c   Data         344  bsp_si5351.o(.constdata)
    Region$$Table$$Base                      0x0800d160   Number         0  anon$$obj.o(Region$$Table)
    Region$$Table$$Limit                     0x0800d180   Number         0  anon$$obj.o(Region$$Table)
    __ctype                                  0x0800d1a9   Data           0  lc_ctype_c.o(locale$$data)
    Image$$ER_IROM1$$Limit                   0x0800d2ac   Number         0  anon$$obj.o ABSOLUTE
    SystemCoreClock                          0x20000014   Data           4  system_stm32f10x.o(.data)
    AHBPrescTable                            0x20000018   Data          16  system_stm32f10x.o(.data)
    g_SystemTimeUs                           0x20000030   Data           8  bsp_delay.o(.data)
    s_TreatMgr                               0x20000090   Data           5  app_treatmgr.o(.data)
    BSP_USART1_RxBuf                         0x200000e0   Data         512  bsp_usart.o(.bss)
    BSP_USART2_RxBuf                         0x200002e0   Data         512  bsp_usart.o(.bss)
    St_SI5351A                               0x200004e0   Data          44  bsp_si5351.o(.bss)
    St_fraction                              0x20000510   Data          24  bsp_si5351.o(.bss)
    s_USART1_RxBuffer                        0x20000528   Data          32  drv_usart.o(.bss)
    s_USART2_RxBuffer                        0x20000548   Data          32  drv_usart.o(.bss)
    s_USART1_RxBufferData                    0x20000568   Data         512  drv_usart.o(.bss)
    s_USART2_RxBufferData                    0x20000768   Data         512  drv_usart.o(.bss)
    s_AppCommInfo                            0x20000998   Data         378  app_comm.o(.bss)
    _SEGGER_RTT                              0x200011ec   Data         168  segger_rtt.o(.bss)
    __libspace_start                         0x2000195c   Data          96  libspace.o(.bss)
    __temporary_stack_top$libspace           0x200019bc   Data           0  libspace.o(.bss)
    STACK$$Base                              0x20001bc0   Number         0  startup_stm32f10x_hd.o(STACK)
    STACK$$Limit                             0x20001fc0   Number         0  startup_stm32f10x_hd.o(STACK)



==============================================================================

Memory Map of the image

  Image Entry point : 0x08000131

  Load Region LR_IROM1 (Base: 0x08000000, Size: 0x0000d36c, Max: 0x00040000, ABSOLUTE)

    Execution Region ER_IROM1 (Exec base: 0x08000000, Load base: 0x08000000, Size: 0x0000d2ac, Max: 0x00040000, ABSOLUTE)

    Exec Addr    Load Addr    Size         Type   Attr      Idx    E Section Name        Object

    0x08000000   0x08000000   0x00000130   Data   RO         4555    RESET               startup_stm32f10x_hd.o
    0x08000130   0x08000130   0x00000008   Code   RO         6072  * !!!main             c_w.l(__main.o)
    0x08000138   0x08000138   0x00000034   Code   RO         6413    !!!scatter          c_w.l(__scatter.o)
    0x0800016c   0x0800016c   0x0000001a   Code   RO         6415    !!handler_copy      c_w.l(__scatter_copy.o)
    0x08000186   0x08000186   0x00000002   PAD
    0x08000188   0x08000188   0x0000001c   Code   RO         6417    !!handler_zi        c_w.l(__scatter_zi.o)
    0x080001a4   0x080001a4   0x00000000   Code   RO         6053    .ARM.Collect$$_printf_percent$$00000000  c_w.l(_printf_percent.o)
    0x080001a4   0x080001a4   0x00000006   Code   RO         6152    .ARM.Collect$$_printf_percent$$00000001  c_w.l(_printf_n.o)
    0x080001aa   0x080001aa   0x00000006   Code   RO         6153    .ARM.Collect$$_printf_percent$$00000002  c_w.l(_printf_p.o)
    0x080001b0   0x080001b0   0x00000006   Code   RO         6157    .ARM.Collect$$_printf_percent$$00000003  c_w.l(_printf_f.o)
    0x080001b6   0x080001b6   0x00000006   Code   RO         6158    .ARM.Collect$$_printf_percent$$00000004  c_w.l(_printf_e.o)
    0x080001bc   0x080001bc   0x00000006   Code   RO         6159    .ARM.Collect$$_printf_percent$$00000005  c_w.l(_printf_g.o)
    0x080001c2   0x080001c2   0x00000006   Code   RO         6160    .ARM.Collect$$_printf_percent$$00000006  c_w.l(_printf_a.o)
    0x080001c8   0x080001c8   0x0000000a   Code   RO         6165    .ARM.Collect$$_printf_percent$$00000007  c_w.l(_printf_ll.o)
    0x080001d2   0x080001d2   0x00000006   Code   RO         6155    .ARM.Collect$$_printf_percent$$00000008  c_w.l(_printf_i.o)
    0x080001d8   0x080001d8   0x00000006   Code   RO         6156    .ARM.Collect$$_printf_percent$$00000009  c_w.l(_printf_d.o)
    0x080001de   0x080001de   0x00000006   Code   RO         6052    .ARM.Collect$$_printf_percent$$0000000A  c_w.l(_printf_u.o)
    0x080001e4   0x080001e4   0x00000006   Code   RO         6154    .ARM.Collect$$_printf_percent$$0000000B  c_w.l(_printf_o.o)
    0x080001ea   0x080001ea   0x00000006   Code   RO         6051    .ARM.Collect$$_printf_percent$$0000000C  c_w.l(_printf_x.o)
    0x080001f0   0x080001f0   0x00000006   Code   RO         6162    .ARM.Collect$$_printf_percent$$0000000D  c_w.l(_printf_lli.o)
    0x080001f6   0x080001f6   0x00000006   Code   RO         6163    .ARM.Collect$$_printf_percent$$0000000E  c_w.l(_printf_lld.o)
    0x080001fc   0x080001fc   0x00000006   Code   RO         6164    .ARM.Collect$$_printf_percent$$0000000F  c_w.l(_printf_llu.o)
    0x08000202   0x08000202   0x00000006   Code   RO         6169    .ARM.Collect$$_printf_percent$$00000010  c_w.l(_printf_llo.o)
    0x08000208   0x08000208   0x00000006   Code   RO         6170    .ARM.Collect$$_printf_percent$$00000011  c_w.l(_printf_llx.o)
    0x0800020e   0x0800020e   0x0000000a   Code   RO         6166    .ARM.Collect$$_printf_percent$$00000012  c_w.l(_printf_l.o)
    0x08000218   0x08000218   0x00000006   Code   RO         6049    .ARM.Collect$$_printf_percent$$00000013  c_w.l(_printf_c.o)
    0x0800021e   0x0800021e   0x00000006   Code   RO         6050    .ARM.Collect$$_printf_percent$$00000014  c_w.l(_printf_s.o)
    0x08000224   0x08000224   0x00000006   Code   RO         6167    .ARM.Collect$$_printf_percent$$00000015  c_w.l(_printf_lc.o)
    0x0800022a   0x0800022a   0x00000006   Code   RO         6168    .ARM.Collect$$_printf_percent$$00000016  c_w.l(_printf_ls.o)
    0x08000230   0x08000230   0x00000004   Code   RO         6161    .ARM.Collect$$_printf_percent$$00000017  c_w.l(_printf_percent_end.o)
    0x08000234   0x08000234   0x00000002   Code   RO         6272    .ARM.Collect$$libinit$$00000000  c_w.l(libinit.o)
    0x08000236   0x08000236   0x00000000   Code   RO         6294    .ARM.Collect$$libinit$$00000002  c_w.l(libinit2.o)
    0x08000236   0x08000236   0x00000000   Code   RO         6296    .ARM.Collect$$libinit$$00000004  c_w.l(libinit2.o)
    0x08000236   0x08000236   0x00000000   Code   RO         6299    .ARM.Collect$$libinit$$0000000A  c_w.l(libinit2.o)
    0x08000236   0x08000236   0x00000000   Code   RO         6301    .ARM.Collect$$libinit$$0000000C  c_w.l(libinit2.o)
    0x08000236   0x08000236   0x00000000   Code   RO         6303    .ARM.Collect$$libinit$$0000000E  c_w.l(libinit2.o)
    0x08000236   0x08000236   0x00000006   Code   RO         6304    .ARM.Collect$$libinit$$0000000F  c_w.l(libinit2.o)
    0x0800023c   0x0800023c   0x00000000   Code   RO         6306    .ARM.Collect$$libinit$$00000011  c_w.l(libinit2.o)
    0x0800023c   0x0800023c   0x0000000c   Code   RO         6307    .ARM.Collect$$libinit$$00000012  c_w.l(libinit2.o)
    0x08000248   0x08000248   0x00000000   Code   RO         6308    .ARM.Collect$$libinit$$00000013  c_w.l(libinit2.o)
    0x08000248   0x08000248   0x00000000   Code   RO         6310    .ARM.Collect$$libinit$$00000015  c_w.l(libinit2.o)
    0x08000248   0x08000248   0x0000000a   Code   RO         6311    .ARM.Collect$$libinit$$00000016  c_w.l(libinit2.o)
    0x08000252   0x08000252   0x00000000   Code   RO         6312    .ARM.Collect$$libinit$$00000017  c_w.l(libinit2.o)
    0x08000252   0x08000252   0x00000000   Code   RO         6314    .ARM.Collect$$libinit$$00000019  c_w.l(libinit2.o)
    0x08000252   0x08000252   0x00000000   Code   RO         6316    .ARM.Collect$$libinit$$0000001B  c_w.l(libinit2.o)
    0x08000252   0x08000252   0x00000000   Code   RO         6318    .ARM.Collect$$libinit$$0000001D  c_w.l(libinit2.o)
    0x08000252   0x08000252   0x00000000   Code   RO         6320    .ARM.Collect$$libinit$$0000001F  c_w.l(libinit2.o)
    0x08000252   0x08000252   0x00000000   Code   RO         6322    .ARM.Collect$$libinit$$00000021  c_w.l(libinit2.o)
    0x08000252   0x08000252   0x00000000   Code   RO         6324    .ARM.Collect$$libinit$$00000023  c_w.l(libinit2.o)
    0x08000252   0x08000252   0x00000000   Code   RO         6326    .ARM.Collect$$libinit$$00000025  c_w.l(libinit2.o)
    0x08000252   0x08000252   0x00000000   Code   RO         6330    .ARM.Collect$$libinit$$0000002C  c_w.l(libinit2.o)
    0x08000252   0x08000252   0x00000000   Code   RO         6332    .ARM.Collect$$libinit$$0000002E  c_w.l(libinit2.o)
    0x08000252   0x08000252   0x00000000   Code   RO         6334    .ARM.Collect$$libinit$$00000030  c_w.l(libinit2.o)
    0x08000252   0x08000252   0x00000000   Code   RO         6336    .ARM.Collect$$libinit$$00000032  c_w.l(libinit2.o)
    0x08000252   0x08000252   0x00000002   Code   RO         6337    .ARM.Collect$$libinit$$00000033  c_w.l(libinit2.o)
    0x08000254   0x08000254   0x00000002   Code   RO         6368    .ARM.Collect$$libshutdown$$00000000  c_w.l(libshutdown.o)
    0x08000256   0x08000256   0x00000000   Code   RO         6394    .ARM.Collect$$libshutdown$$00000002  c_w.l(libshutdown2.o)
    0x08000256   0x08000256   0x00000000   Code   RO         6396    .ARM.Collect$$libshutdown$$00000004  c_w.l(libshutdown2.o)
    0x08000256   0x08000256   0x00000000   Code   RO         6398    .ARM.Collect$$libshutdown$$00000006  c_w.l(libshutdown2.o)
    0x08000256   0x08000256   0x00000000   Code   RO         6401    .ARM.Collect$$libshutdown$$00000009  c_w.l(libshutdown2.o)
    0x08000256   0x08000256   0x00000000   Code   RO         6404    .ARM.Collect$$libshutdown$$0000000C  c_w.l(libshutdown2.o)
    0x08000256   0x08000256   0x00000000   Code   RO         6406    .ARM.Collect$$libshutdown$$0000000E  c_w.l(libshutdown2.o)
    0x08000256   0x08000256   0x00000000   Code   RO         6409    .ARM.Collect$$libshutdown$$00000011  c_w.l(libshutdown2.o)
    0x08000256   0x08000256   0x00000002   Code   RO         6410    .ARM.Collect$$libshutdown$$00000012  c_w.l(libshutdown2.o)
    0x08000258   0x08000258   0x00000000   Code   RO         6122    .ARM.Collect$$rtentry$$00000000  c_w.l(__rtentry.o)
    0x08000258   0x08000258   0x00000000   Code   RO         6191    .ARM.Collect$$rtentry$$00000002  c_w.l(__rtentry2.o)
    0x08000258   0x08000258   0x00000006   Code   RO         6203    .ARM.Collect$$rtentry$$00000004  c_w.l(__rtentry4.o)
    0x0800025e   0x0800025e   0x00000000   Code   RO         6193    .ARM.Collect$$rtentry$$00000009  c_w.l(__rtentry2.o)
    0x0800025e   0x0800025e   0x00000004   Code   RO         6194    .ARM.Collect$$rtentry$$0000000A  c_w.l(__rtentry2.o)
    0x08000262   0x08000262   0x00000000   Code   RO         6196    .ARM.Collect$$rtentry$$0000000C  c_w.l(__rtentry2.o)
    0x08000262   0x08000262   0x00000008   Code   RO         6197    .ARM.Collect$$rtentry$$0000000D  c_w.l(__rtentry2.o)
    0x0800026a   0x0800026a   0x00000002   Code   RO         6282    .ARM.Collect$$rtexit$$00000000  c_w.l(rtexit.o)
    0x0800026c   0x0800026c   0x00000000   Code   RO         6341    .ARM.Collect$$rtexit$$00000002  c_w.l(rtexit2.o)
    0x0800026c   0x0800026c   0x00000004   Code   RO         6342    .ARM.Collect$$rtexit$$00000003  c_w.l(rtexit2.o)
    0x08000270   0x08000270   0x00000006   Code   RO         6343    .ARM.Collect$$rtexit$$00000004  c_w.l(rtexit2.o)
    0x08000276   0x08000276   0x00000002   PAD
    0x08000278   0x08000278   0x00000040   Code   RO         4556    .text               startup_stm32f10x_hd.o
    0x080002b8   0x080002b8   0x0000000c   Code   RO         5922    .text               cmb_fault.o
    0x080002c4   0x080002c4   0x000000ee   Code   RO         5988    .text               c_w.l(lludivv7m.o)
    0x080003b2   0x080003b2   0x00000002   PAD
    0x080003b4   0x080003b4   0x00000034   Code   RO         5990    .text               c_w.l(vsnprintf.o)
    0x080003e8   0x080003e8   0x0000002c   Code   RO         5992    .text               c_w.l(__2sprintf.o)
    0x08000414   0x08000414   0x00000038   Code   RO         5994    .text               c_w.l(__2snprintf.o)
    0x0800044c   0x0800044c   0x0000004e   Code   RO         6002    .text               c_w.l(_printf_pad.o)
    0x0800049a   0x0800049a   0x00000052   Code   RO         6004    .text               c_w.l(_printf_str.o)
    0x080004ec   0x080004ec   0x00000078   Code   RO         6006    .text               c_w.l(_printf_dec.o)
    0x08000564   0x08000564   0x00000094   Code   RO         6026    .text               c_w.l(_printf_hex_int_ll_ptr.o)
    0x080005f8   0x080005f8   0x00000188   Code   RO         6046    .text               c_w.l(__printf_flags_ss_wp.o)
    0x08000780   0x08000780   0x00000058   Code   RO         6054    .text               c_w.l(memcmp.o)
    0x080007d8   0x080007d8   0x0000003e   Code   RO         6056    .text               c_w.l(strlen.o)
    0x08000816   0x08000816   0x0000008a   Code   RO         6058    .text               c_w.l(rt_memcpy_v6.o)
    0x080008a0   0x080008a0   0x00000064   Code   RO         6060    .text               c_w.l(rt_memcpy_w.o)
    0x08000904   0x08000904   0x00000044   Code   RO         6062    .text               c_w.l(rt_memclr.o)
    0x08000948   0x08000948   0x0000004e   Code   RO         6064    .text               c_w.l(rt_memclr_w.o)
    0x08000996   0x08000996   0x00000056   Code   RO         6066    .text               c_w.l(strncpy.o)
    0x080009ec   0x080009ec   0x00000080   Code   RO         6068    .text               c_w.l(strcmpv7m.o)
    0x08000a6c   0x08000a6c   0x00000006   Code   RO         6070    .text               c_w.l(heapauxi.o)
    0x08000a72   0x08000a72   0x00000024   Code   RO         6127    .text               c_w.l(_printf_truncate.o)
    0x08000a96   0x08000a96   0x000000b2   Code   RO         6129    .text               c_w.l(_printf_intcommon.o)
    0x08000b48   0x08000b48   0x00000028   Code   RO         6131    .text               c_w.l(_printf_charcount.o)
    0x08000b70   0x08000b70   0x00000030   Code   RO         6133    .text               c_w.l(_printf_char_common.o)
    0x08000ba0   0x08000ba0   0x0000000a   Code   RO         6135    .text               c_w.l(_sputc.o)
    0x08000baa   0x08000baa   0x00000010   Code   RO         6137    .text               c_w.l(_snputc.o)
    0x08000bba   0x08000bba   0x0000002c   Code   RO         6139    .text               c_w.l(_printf_char.o)
    0x08000be6   0x08000be6   0x00000002   PAD
    0x08000be8   0x08000be8   0x000000bc   Code   RO         6141    .text               c_w.l(_printf_wctomb.o)
    0x08000ca4   0x08000ca4   0x0000007c   Code   RO         6144    .text               c_w.l(_printf_longlong_dec.o)
    0x08000d20   0x08000d20   0x00000070   Code   RO         6150    .text               c_w.l(_printf_oct_int_ll.o)
    0x08000d90   0x08000d90   0x0000008a   Code   RO         6207    .text               c_w.l(lludiv10.o)
    0x08000e1a   0x08000e1a   0x0000041e   Code   RO         6209    .text               c_w.l(_printf_fp_dec.o)
    0x08001238   0x08001238   0x000002fc   Code   RO         6211    .text               c_w.l(_printf_fp_hex.o)
    0x08001534   0x08001534   0x0000002c   Code   RO         6216    .text               c_w.l(_printf_wchar.o)
    0x08001560   0x08001560   0x00000040   Code   RO         6218    .text               c_w.l(_wcrtomb.o)
    0x080015a0   0x080015a0   0x0000004a   Code   RO         6222    .text               c_w.l(sys_stackheap_outer.o)
    0x080015ea   0x080015ea   0x00000002   PAD
    0x080015ec   0x080015ec   0x00000010   Code   RO         6224    .text               c_w.l(rt_ctype_table.o)
    0x080015fc   0x080015fc   0x00000008   Code   RO         6229    .text               c_w.l(rt_locale_intlibspace.o)
    0x08001604   0x08001604   0x00000080   Code   RO         6231    .text               c_w.l(_printf_fp_infnan.o)
    0x08001684   0x08001684   0x000000e4   Code   RO         6233    .text               c_w.l(bigflt0.o)
    0x08001768   0x08001768   0x00000012   Code   RO         6261    .text               c_w.l(exit.o)
    0x0800177a   0x0800177a   0x00000002   PAD
    0x0800177c   0x0800177c   0x00000008   Code   RO         6279    .text               c_w.l(libspace.o)
    0x08001784   0x08001784   0x0000000c   Code   RO         6338    .text               c_w.l(sys_exit.o)
    0x08001790   0x08001790   0x00000002   Code   RO         6357    .text               c_w.l(use_no_semi.o)
    0x08001792   0x08001792   0x00000000   Code   RO         6359    .text               c_w.l(indicate_semi.o)
    0x08001792   0x08001792   0x0000003e   Code   RO         6236    CL$$btod_d2e        c_w.l(btod.o)
    0x080017d0   0x080017d0   0x00000046   Code   RO         6238    CL$$btod_d2e_denorm_low  c_w.l(btod.o)
    0x08001816   0x08001816   0x00000060   Code   RO         6237    CL$$btod_d2e_norm_op1  c_w.l(btod.o)
    0x08001876   0x08001876   0x00000338   Code   RO         6246    CL$$btod_div_common  c_w.l(btod.o)
    0x08001bae   0x08001bae   0x000000dc   Code   RO         6243    CL$$btod_e2e        c_w.l(btod.o)
    0x08001c8a   0x08001c8a   0x0000002a   Code   RO         6240    CL$$btod_ediv       c_w.l(btod.o)
    0x08001cb4   0x08001cb4   0x0000002a   Code   RO         6239    CL$$btod_emul       c_w.l(btod.o)
    0x08001cde   0x08001cde   0x00000244   Code   RO         6245    CL$$btod_mult_common  c_w.l(btod.o)
    0x08001f22   0x08001f22   0x00000016   Code   RO          131    i.ADC_Cmd           stm32f10x_adc.o
    0x08001f38   0x08001f38   0x00000016   Code   RO          132    i.ADC_DMACmd        stm32f10x_adc.o
    0x08001f4e   0x08001f4e   0x00000014   Code   RO          139    i.ADC_GetCalibrationStatus  stm32f10x_adc.o
    0x08001f62   0x08001f62   0x00000014   Code   RO          145    i.ADC_GetResetCalibrationStatus  stm32f10x_adc.o
    0x08001f76   0x08001f76   0x00000002   PAD
    0x08001f78   0x08001f78   0x00000050   Code   RO          149    i.ADC_Init          stm32f10x_adc.o
    0x08001fc8   0x08001fc8   0x000000b8   Code   RO          153    i.ADC_RegularChannelConfig  stm32f10x_adc.o
    0x08002080   0x08002080   0x0000000a   Code   RO          154    i.ADC_ResetCalibration  stm32f10x_adc.o
    0x0800208a   0x0800208a   0x00000016   Code   RO          156    i.ADC_SoftwareStartConvCmd  stm32f10x_adc.o
    0x080020a0   0x080020a0   0x0000000a   Code   RO          158    i.ADC_StartCalibration  stm32f10x_adc.o
    0x080020aa   0x080020aa   0x00000002   PAD
    0x080020ac   0x080020ac   0x00000038   Code   RO         4198    i.Aiic_Init         drv_24c02.o
    0x080020e4   0x080020e4   0x00000048   Code   RO         4199    i.Aiic_ReadByte     drv_24c02.o
    0x0800212c   0x0800212c   0x00000030   Code   RO         4201    i.Aiic_WritePage    drv_24c02.o
    0x0800215c   0x0800215c   0x00000064   Code   RO         4560    i.App_Comm_CreateAndSend  app_comm.o
    0x080021c0   0x080021c0   0x00000036   Code   RO         4561    i.App_Comm_GetConnStateFromMgr  app_comm.o
    0x080021f6   0x080021f6   0x00000002   PAD
    0x080021f8   0x080021f8   0x00000008   Code   RO         4562    i.App_Comm_GetHeatTransData  app_comm.o
    0x08002200   0x08002200   0x00000008   Code   RO         4563    i.App_Comm_GetRFTransData  app_comm.o
    0x08002208   0x08002208   0x00000008   Code   RO         4564    i.App_Comm_GetSWTransData  app_comm.o
    0x08002210   0x08002210   0x00000008   Code   RO         4565    i.App_Comm_GetUSTransData  app_comm.o
    0x08002218   0x08002218   0x00000014   Code   RO         4566    i.App_Comm_Init     app_comm.o
    0x0800222c   0x0800222c   0x00000020   Code   RO         4567    i.App_Comm_Process  app_comm.o
    0x0800224c   0x0800224c   0x0000011c   Code   RO         4568    i.App_Comm_RecvData  app_comm.o
    0x08002368   0x08002368   0x00000244   Code   RO         4569    i.App_Comm_RecvDataHandle  app_comm.o
    0x080025ac   0x080025ac   0x00000024   Code   RO         4570    i.App_Comm_ReplyHeatConfig  app_comm.o
    0x080025d0   0x080025d0   0x00000174   Code   RO         4571    i.App_Comm_ReplyHeatStatus  app_comm.o
    0x08002744   0x08002744   0x00000024   Code   RO         4572    i.App_Comm_ReplyRFConfig  app_comm.o
    0x08002768   0x08002768   0x000000e0   Code   RO         4573    i.App_Comm_ReplyRFStatus  app_comm.o
    0x08002848   0x08002848   0x000000d0   Code   RO         4574    i.App_Comm_ReplySWStatus  app_comm.o
    0x08002918   0x08002918   0x0000003c   Code   RO         4575    i.App_Comm_ReplyUSConfig  app_comm.o
    0x08002954   0x08002954   0x000000fc   Code   RO         4576    i.App_Comm_ReplyUSStatus  app_comm.o
    0x08002a50   0x08002a50   0x000000f4   Code   RO         4577    i.App_Comm_SendData  app_comm.o
    0x08002b44   0x08002b44   0x0000001c   Code   RO         4703    i.App_HandComm_Init  app_handcomm.o
    0x08002b60   0x08002b60   0x0000001c   Code   RO         4705    i.App_HandComm_Process  app_handcomm.o
    0x08002b7c   0x08002b7c   0x000000ac   Code   RO         4706    i.App_HandComm_RecvData  app_handcomm.o
    0x08002c28   0x08002c28   0x00000008   Code   RO         4758    i.App_Memory_GetNPHParams  app_memory.o
    0x08002c30   0x08002c30   0x00000008   Code   RO         4759    i.App_Memory_GetRFParams  app_memory.o
    0x08002c38   0x08002c38   0x00000008   Code   RO         4760    i.App_Memory_GetSWParams  app_memory.o
    0x08002c40   0x08002c40   0x00000008   Code   RO         4761    i.App_Memory_GetUSParams  app_memory.o
    0x08002c48   0x08002c48   0x00000260   Code   RO         4762    i.App_Memory_Init   app_memory.o
    0x08002ea8   0x08002ea8   0x0000004a   Code   RO         4763    i.App_Memory_LoadNPHParams  app_memory.o
    0x08002ef2   0x08002ef2   0x0000004a   Code   RO         4764    i.App_Memory_LoadRFParams  app_memory.o
    0x08002f3c   0x08002f3c   0x0000004a   Code   RO         4765    i.App_Memory_LoadSWParams  app_memory.o
    0x08002f86   0x08002f86   0x0000004a   Code   RO         4766    i.App_Memory_LoadUSParams  app_memory.o
    0x08002fd0   0x08002fd0   0x000001d4   Code   RO         4767    i.App_Memory_Process  app_memory.o
    0x080031a4   0x080031a4   0x00000044   Code   RO         4768    i.App_Memory_SaveNPHParams  app_memory.o
    0x080031e8   0x080031e8   0x00000044   Code   RO         4769    i.App_Memory_SaveRFParams  app_memory.o
    0x0800322c   0x0800322c   0x00000044   Code   RO         4770    i.App_Memory_SaveSWParams  app_memory.o
    0x08003270   0x08003270   0x00000044   Code   RO         4771    i.App_Memory_SaveUSParams  app_memory.o
    0x080032b4   0x080032b4   0x00000168   Code   RO         4866    i.App_NegPrsHeat_ChangeState  app_negprsheat.o
    0x0800341c   0x0800341c   0x00000044   Code   RO         4867    i.App_NegPrsHeat_CheckProbe  app_negprsheat.o
    0x08003460   0x08003460   0x000000e0   Code   RO         4868    i.App_NegPrsHeat_ControlTemperature  app_negprsheat.o
    0x08003540   0x08003540   0x0000000c   Code   RO         4869    i.App_NegPrsHeat_GetRunState  app_negprsheat.o
    0x0800354c   0x0800354c   0x00000008   Code   RO         4870    i.App_NegPrsHeat_GetStatus  app_negprsheat.o
    0x08003554   0x08003554   0x000001a4   Code   RO         4872    i.App_NegPrsHeat_IsHeadTempNormal  app_negprsheat.o
    0x080036f8   0x080036f8   0x00000014   Code   RO         4873    i.App_NegPrsHeat_Monitor  app_negprsheat.o
    0x0800370c   0x0800370c   0x0000001e   Code   RO         4874    i.App_NegPrsHeat_PressureToVoltage  app_negprsheat.o
    0x0800372a   0x0800372a   0x00000002   PAD
    0x0800372c   0x0800372c   0x000001f0   Code   RO         4875    i.App_NegPrsHeat_Process  app_negprsheat.o
    0x0800391c   0x0800391c   0x0000026c   Code   RO         4876    i.App_NegPrsHeat_ProcessVacuum  app_negprsheat.o
    0x08003b88   0x08003b88   0x000000c8   Code   RO         4877    i.App_NegPrsHeat_RxDataHandle  app_negprsheat.o
    0x08003c50   0x08003c50   0x000000ac   Code   RO         4878    i.App_NegPrsHeat_SetWorkParams  app_negprsheat.o
    0x08003cfc   0x08003cfc   0x00000124   Code   RO         4879    i.App_NegPrsHeat_StartCheck  app_negprsheat.o
    0x08003e20   0x08003e20   0x000000c0   Code   RO         4880    i.App_NegPrsHeat_UpdateStatus  app_negprsheat.o
    0x08003ee0   0x08003ee0   0x0000001e   Code   RO         4881    i.App_NegPrsHeat_VoltageToPressure  app_negprsheat.o
    0x08003efe   0x08003efe   0x00000002   PAD
    0x08003f00   0x08003f00   0x000001e0   Code   RO         4882    i.App_NegPrsHeat_WorkTimeHandle  app_negprsheat.o
    0x080040e0   0x080040e0   0x00000042   Code   RO         4986    i.App_RadioFreq_CalculateVoltage  app_radiofreq.o
    0x08004122   0x08004122   0x00000002   PAD
    0x08004124   0x08004124   0x00000104   Code   RO         4987    i.App_RadioFreq_ChangeState  app_radiofreq.o
    0x08004228   0x08004228   0x00000044   Code   RO         4988    i.App_RadioFreq_CheckProbe  app_radiofreq.o
    0x0800426c   0x0800426c   0x00000006   Code   RO         4989    i.App_RadioFreq_GetProbeTemp  app_radiofreq.o
    0x08004272   0x08004272   0x00000002   PAD
    0x08004274   0x08004274   0x0000000c   Code   RO         4990    i.App_RadioFreq_GetRunState  app_radiofreq.o
    0x08004280   0x08004280   0x00000008   Code   RO         4991    i.App_RadioFreq_GetStatus  app_radiofreq.o
    0x08004288   0x08004288   0x00000170   Code   RO         4993    i.App_RadioFreq_IsCurrentNormal  app_radiofreq.o
    0x080043f8   0x080043f8   0x00000094   Code   RO         4994    i.App_RadioFreq_IsHeadTempNormal  app_radiofreq.o
    0x0800448c   0x0800448c   0x0000015c   Code   RO         4996    i.App_RadioFreq_Process  app_radiofreq.o
    0x080045e8   0x080045e8   0x0000008c   Code   RO         4997    i.App_RadioFreq_RxDataHandle  app_radiofreq.o
    0x08004674   0x08004674   0x000000a4   Code   RO         4998    i.App_RadioFreq_SetWorkParams  app_radiofreq.o
    0x08004718   0x08004718   0x000000b0   Code   RO         4999    i.App_RadioFreq_StartCheck  app_radiofreq.o
    0x080047c8   0x080047c8   0x0000009c   Code   RO         5000    i.App_RadioFreq_UpdateStatus  app_radiofreq.o
    0x08004864   0x08004864   0x000001a0   Code   RO         5001    i.App_RadioFreq_WorkTimeHandle  app_radiofreq.o
    0x08004a04   0x08004a04   0x00000044   Code   RO         5104    i.App_ShockWave_CheckProbe  app_shockwave.o
    0x08004a48   0x08004a48   0x00000014   Code   RO         5105    i.App_Shockwave_CalculateCyclePeriod  app_shockwave.o
    0x08004a5c   0x08004a5c   0x0000002e   Code   RO         5106    i.App_Shockwave_CalculateESW_NHighTime  app_shockwave.o
    0x08004a8a   0x08004a8a   0x00000002   PAD
    0x08004a8c   0x08004a8c   0x00000104   Code   RO         5107    i.App_Shockwave_ChangeState  app_shockwave.o
    0x08004b90   0x08004b90   0x0000000c   Code   RO         5108    i.App_Shockwave_GetRunState  app_shockwave.o
    0x08004b9c   0x08004b9c   0x00000008   Code   RO         5109    i.App_Shockwave_GetStatus  app_shockwave.o
    0x08004ba4   0x08004ba4   0x00000108   Code   RO         5111    i.App_Shockwave_IsCurrentNormal  app_shockwave.o
    0x08004cac   0x08004cac   0x00000098   Code   RO         5112    i.App_Shockwave_IsHeadTempNormal  app_shockwave.o
    0x08004d44   0x08004d44   0x00000098   Code   RO         5113    i.App_Shockwave_IsVoltageNormal  app_shockwave.o
    0x08004ddc   0x08004ddc   0x00000002   Code   RO         5114    i.App_Shockwave_Monitor  app_shockwave.o
    0x08004dde   0x08004dde   0x00000002   PAD
    0x08004de0   0x08004de0   0x0000015c   Code   RO         5115    i.App_Shockwave_Process  app_shockwave.o
    0x08004f3c   0x08004f3c   0x000000d4   Code   RO         5116    i.App_Shockwave_ProcessPWM  app_shockwave.o
    0x08005010   0x08005010   0x00000018   Code   RO         5117    i.App_Shockwave_RxDataHandle  app_shockwave.o
    0x08005028   0x08005028   0x0000009c   Code   RO         5118    i.App_Shockwave_SetWorkParams  app_shockwave.o
    0x080050c4   0x080050c4   0x00000110   Code   RO         5119    i.App_Shockwave_StartCheck  app_shockwave.o
    0x080051d4   0x080051d4   0x00000090   Code   RO         5120    i.App_Shockwave_UpdateStatus  app_shockwave.o
    0x08005264   0x08005264   0x00000154   Code   RO         5121    i.App_Shockwave_WorkTimeHandle  app_shockwave.o
    0x080053b8   0x080053b8   0x00000194   Code   RO         5304    i.App_TreatMgr_ChangeState  app_treatmgr.o
    0x0800554c   0x0800554c   0x00000054   Code   RO         5305    i.App_TreatMgr_CheckWaitReturn  app_treatmgr.o
    0x080055a0   0x080055a0   0x000000ec   Code   RO         5306    i.App_TreatMgr_ControlFan  app_treatmgr.o
    0x0800568c   0x0800568c   0x0000000c   Code   RO         5307    i.App_TreatMgr_GetFootSwitchClosed  app_treatmgr.o
    0x08005698   0x08005698   0x0000000c   Code   RO         5308    i.App_TreatMgr_GetProbeStatus  app_treatmgr.o
    0x080056a4   0x080056a4   0x0000003c   Code   RO         5309    i.App_TreatMgr_Init  app_treatmgr.o
    0x080056e0   0x080056e0   0x000000b8   Code   RO         5310    i.App_TreatMgr_Process  app_treatmgr.o
    0x08005798   0x08005798   0x00000034   Code   RO         5311    i.App_TreatMgr_ReadBoardTemp  app_treatmgr.o
    0x080057cc   0x080057cc   0x00000008   Code   RO         5386    i.App_UltraSound_GetStatus  app_ultrasound.o
    0x080057d4   0x080057d4   0x0000021c   Code   RO         5387    i.App_UltraSound_IsCurrentNormal  app_ultrasound.o
    0x080059f0   0x080059f0   0x000000d0   Code   RO         5388    i.App_UltraSound_IsHeadTempNormal  app_ultrasound.o
    0x08005ac0   0x08005ac0   0x00000034   Code   RO         5389    i.App_UltraSound_RxDataHandle  app_ultrasound.o
    0x08005af4   0x08005af4   0x00000048   Code   RO         5390    i.App_UltraSound_SetWorkParams  app_ultrasound.o
    0x08005b3c   0x08005b3c   0x000000d8   Code   RO         5391    i.App_UltraSound_StartCheck  app_ultrasound.o
    0x08005c14   0x08005c14   0x0000009c   Code   RO         5392    i.App_UltraSound_UpdateStatus  app_ultrasound.o
    0x08005cb0   0x08005cb0   0x00000128   Code   RO         5393    i.App_Ultrasound_ChangeState  app_ultrasound.o
    0x08005dd8   0x08005dd8   0x00000044   Code   RO         5394    i.App_Ultrasound_CheckProbe  app_ultrasound.o
    0x08005e1c   0x08005e1c   0x0000000c   Code   RO         5395    i.App_Ultrasound_GetRunState  app_ultrasound.o
    0x08005e28   0x08005e28   0x0000010c   Code   RO         5397    i.App_Ultrasound_Process  app_ultrasound.o
    0x08005f34   0x08005f34   0x000000b8   Code   RO         5398    i.App_Ultrasound_SetFrequency  app_ultrasound.o
    0x08005fec   0x08005fec   0x00000060   Code   RO         5399    i.App_Ultrasound_SetHighFreqPowerHandle  app_ultrasound.o
    0x0800604c   0x0800604c   0x00000180   Code   RO         5400    i.App_Ultrasound_WorkTimeHandle  app_ultrasound.o
    0x080061cc   0x080061cc   0x0000002c   Code   RO         3101    i.BSP_ADC_DMA_TC_Handler  bsp_adc.o
    0x080061f8   0x080061f8   0x000001f4   Code   RO         3103    i.BSP_ADC_Init      bsp_adc.o
    0x080063ec   0x080063ec   0x00000018   Code   RO         3104    i.BSP_ADC_ReadChannel  bsp_adc.o
    0x08006404   0x08006404   0x00000054   Code   RO         3144    i.BSP_DAC_Init      bsp_dac.o
    0x08006458   0x08006458   0x00000018   Code   RO         3145    i.BSP_DAC_SetValue  bsp_dac.o
    0x08006470   0x08006470   0x000000b4   Code   RO         3171    i.BSP_GPIO_Init     bsp_gpio.o
    0x08006524   0x08006524   0x00000048   Code   RO         3172    i.BSP_GPIO_ReadPin  bsp_gpio.o
    0x0800656c   0x0800656c   0x000000a0   Code   RO         3173    i.BSP_GPIO_WritePin  bsp_gpio.o
    0x0800660c   0x0800660c   0x00000008   Code   RO         3278    i.BSP_IWDG_Feed     bsp_iwdg.o
    0x08006614   0x08006614   0x0000002c   Code   RO         3174    i.BSP_Init          bsp_gpio.o
    0x08006640   0x08006640   0x00000010   Code   RO         3383    i.BSP_SysTick_Init  bsp_delay.o
    0x08006650   0x08006650   0x00000018   Code   RO         3296    i.BSP_TIM1_ComplementaryPWM_Disable  bsp_tim.o
    0x08006668   0x08006668   0x00000018   Code   RO         3297    i.BSP_TIM1_ComplementaryPWM_Enable  bsp_tim.o
    0x08006680   0x08006680   0x00000128   Code   RO         3298    i.BSP_TIM1_Init     bsp_tim.o
    0x080067a8   0x080067a8   0x0000005e   Code   RO         3300    i.BSP_TIM2_Init     bsp_tim.o
    0x08006806   0x08006806   0x00000002   PAD
    0x08006808   0x08006808   0x00000044   Code   RO         3332    i.BSP_USART1_DMA_Send  bsp_usart.o
    0x0800684c   0x0800684c   0x00000028   Code   RO         3333    i.BSP_USART1_DMA_TxStatus  bsp_usart.o
    0x08006874   0x08006874   0x00000198   Code   RO         3334    i.BSP_USART1_Init   bsp_usart.o
    0x08006a0c   0x08006a0c   0x0000019c   Code   RO         3337    i.BSP_USART2_Init   bsp_usart.o
    0x08006ba8   0x08006ba8   0x00000004   Code   RO         4433    i.BusFault_Handler  stm32f103_it.o
    0x08006bac   0x08006bac   0x0000001e   Code   RO         5928    i.CBuff_GetLength   lib_ringbuffer.o
    0x08006bca   0x08006bca   0x0000000c   Code   RO         5929    i.CBuff_Init        lib_ringbuffer.o
    0x08006bd6   0x08006bd6   0x00000040   Code   RO         5932    i.CBuff_Pop         lib_ringbuffer.o
    0x08006c16   0x08006c16   0x0000003e   Code   RO         5933    i.CBuff_Read        lib_ringbuffer.o
    0x08006c54   0x08006c54   0x00000046   Code   RO         5934    i.CBuff_Write       lib_ringbuffer.o
    0x08006c9a   0x08006c9a   0x00000040   Code   RO         4772    i.Calculate_CRC16   app_memory.o
    0x08006cda   0x08006cda   0x00000076   Code   RO         4578    i.Crc16Compute      app_comm.o
    0x08006d50   0x08006d50   0x00000028   Code   RO          712    i.DAC_Cmd           stm32f10x_dac.o
    0x08006d78   0x08006d78   0x00000034   Code   RO          717    i.DAC_Init          stm32f10x_dac.o
    0x08006dac   0x08006dac   0x00000020   Code   RO          718    i.DAC_SetChannel1Data  stm32f10x_dac.o
    0x08006dcc   0x08006dcc   0x0000000c   Code   RO          722    i.DAC_StructInit    stm32f10x_dac.o
    0x08006dd8   0x08006dd8   0x00000024   Code   RO         4434    i.DMA1_Channel1_IRQHandler  stm32f103_it.o
    0x08006dfc   0x08006dfc   0x0000005c   Code   RO         4435    i.DMA1_Channel4_IRQHandler  stm32f103_it.o
    0x08006e58   0x08006e58   0x0000003a   Code   RO         4436    i.DMA1_Channel5_IRQHandler  stm32f103_it.o
    0x08006e92   0x08006e92   0x0000003a   Code   RO         4437    i.DMA1_Channel6_IRQHandler  stm32f103_it.o
    0x08006ecc   0x08006ecc   0x00000028   Code   RO         4438    i.DMA1_Channel7_IRQHandler  stm32f103_it.o
    0x08006ef4   0x08006ef4   0x0000001c   Code   RO          815    i.DMA_ClearITPendingBit  stm32f10x_dma.o
    0x08006f10   0x08006f10   0x00000018   Code   RO          816    i.DMA_Cmd           stm32f10x_dma.o
    0x08006f28   0x08006f28   0x0000014c   Code   RO          817    i.DMA_DeInit        stm32f10x_dma.o
    0x08007074   0x08007074   0x00000008   Code   RO          818    i.DMA_GetCurrDataCounter  stm32f10x_dma.o
    0x0800707c   0x0800707c   0x0000002c   Code   RO          820    i.DMA_GetITStatus   stm32f10x_dma.o
    0x080070a8   0x080070a8   0x00000012   Code   RO          821    i.DMA_ITConfig      stm32f10x_dma.o
    0x080070ba   0x080070ba   0x0000003c   Code   RO          822    i.DMA_Init          stm32f10x_dma.o
    0x080070f6   0x080070f6   0x00000004   Code   RO          823    i.DMA_SetCurrDataCounter  stm32f10x_dma.o
    0x080070fa   0x080070fa   0x00000036   Code   RO         3551    i.Dal_ADC_MapChannel  drv_adc.o
    0x08007130   0x08007130   0x00000028   Code   RO         3552    i.Dal_ADC_ReadChannel  drv_adc.o
    0x08007158   0x08007158   0x00000008   Code   RO         3648    i.Dal_DAC_Init      drv_dac.o
    0x08007160   0x08007160   0x00000018   Code   RO         3692    i.Dal_GetTick       drv_delay.o
    0x08007178   0x08007178   0x00000010   Code   RO         3971    i.Dal_GetUSART1_DMA_SendStatus  drv_usart.o
    0x08007188   0x08007188   0x000000a8   Code   RO         3553    i.Dal_NTC_ADCToTemp  drv_adc.o
    0x08007230   0x08007230   0x00000016   Code   RO         3554    i.Dal_NTC_MapChannel  drv_adc.o
    0x08007246   0x08007246   0x0000001c   Code   RO         3783    i.Dal_Read_Pin      drv_iodevice.o
    0x08007262   0x08007262   0x00000008   Code   RO         3754    i.Dal_System_Init   drv_init.o
    0x0800726a   0x0800726a   0x00000010   Code   RO         3973    i.Dal_USART1_Send   drv_usart.o
    0x0800727a   0x0800727a   0x00000008   Code   RO         4073    i.Dal_WDG_Feed      drv_wdg.o
    0x08007282   0x08007282   0x00000020   Code   RO         3784    i.Dal_Write_Pin     drv_iodevice.o
    0x080072a2   0x080072a2   0x00000002   Code   RO         4439    i.DebugMon_Handler  stm32f103_it.o
    0x080072a4   0x080072a4   0x00000008   Code   RO         4202    i.Drv_24C02_Init    drv_24c02.o
    0x080072ac   0x080072ac   0x00000032   Code   RO         4203    i.Drv_24C02_Read    drv_24c02.o
    0x080072de   0x080072de   0x0000006e   Code   RO         4204    i.Drv_24C02_Write   drv_24c02.o
    0x0800734c   0x0800734c   0x0000003c   Code   RO         3555    i.Drv_ADC_GetNTCValue  drv_adc.o
    0x08007388   0x08007388   0x00000044   Code   RO         3556    i.Drv_ADC_GetRealValue  drv_adc.o
    0x080073cc   0x080073cc   0x0000000c   Code   RO         3557    i.Drv_ADC_ReadChannel  drv_adc.o
    0x080073d8   0x080073d8   0x00000014   Code   RO         3558    i.Drv_ADC_ReadESWCurrent  drv_adc.o
    0x080073ec   0x080073ec   0x00000014   Code   RO         3559    i.Drv_ADC_ReadESWVoltage  drv_adc.o
    0x08007400   0x08007400   0x00000014   Code   RO         3560    i.Drv_ADC_ReadHPPre  drv_adc.o
    0x08007414   0x08007414   0x00000014   Code   RO         3561    i.Drv_ADC_ReadHandNTC  drv_adc.o
    0x08007428   0x08007428   0x00000014   Code   RO         3562    i.Drv_ADC_ReadRFCurrent  drv_adc.o
    0x0800743c   0x0800743c   0x00000014   Code   RO         3563    i.Drv_ADC_ReadVOUT  drv_adc.o
    0x08007450   0x08007450   0x00000016   Code   RO         3564    i.Drv_ADC_ReadVoltage  drv_adc.o
    0x08007466   0x08007466   0x00000014   Code   RO         3565    i.Drv_ADC_ReadWorkCurrent  drv_adc.o
    0x0800747a   0x0800747a   0x00000014   Code   RO         3650    i.Drv_DAC_GetVoltage  drv_dac.o
    0x0800748e   0x0800748e   0x00000002   PAD
    0x08007490   0x08007490   0x00000014   Code   RO         3651    i.Drv_DAC_Init      drv_dac.o
    0x080074a4   0x080074a4   0x0000004c   Code   RO         3652    i.Drv_DAC_SetVoltage  drv_dac.o
    0x080074f0   0x080074f0   0x00000018   Code   RO         3693    i.Drv_Delay_GetTickMs  drv_delay.o
    0x08007508   0x08007508   0x00000030   Code   RO         3694    i.Drv_Delay_ms      drv_delay.o
    0x08007538   0x08007538   0x00000008   Code   RO         3975    i.Drv_GetUSART1_DMA_SendStatus  drv_usart.o
    0x08007540   0x08007540   0x00000008   Code   RO         3977    i.Drv_GetUsart1RingPtr  drv_usart.o
    0x08007548   0x08007548   0x00000008   Code   RO         3978    i.Drv_GetUsart2RingPtr  drv_usart.o
    0x08007550   0x08007550   0x000000a6   Code   RO         4260    i.Drv_IIC_ReadByte  lib_aiic.o
    0x080075f6   0x080075f6   0x00000070   Code   RO         4263    i.Drv_IIC_WriteByte  lib_aiic.o
    0x08007666   0x08007666   0x000000a4   Code   RO         3785    i.Drv_IODevice_ChangeChannel  drv_iodevice.o
    0x0800770a   0x0800770a   0x00000068   Code   RO         3786    i.Drv_IODevice_DecodeWorkingMode  drv_iodevice.o
    0x08007772   0x08007772   0x0000000a   Code   RO         3787    i.Drv_IODevice_GetFootSwitchState  drv_iodevice.o
    0x0800777c   0x0800777c   0x00000024   Code   RO         3788    i.Drv_IODevice_GetProbeStatus  drv_iodevice.o
    0x080077a0   0x080077a0   0x0000007c   Code   RO         3789    i.Drv_IODevice_GetWorkingMode  drv_iodevice.o
    0x0800781c   0x0800781c   0x0000003c   Code   RO         3790    i.Drv_IODevice_ProcessBuzzer  drv_iodevice.o
    0x08007858   0x08007858   0x00000024   Code   RO         3791    i.Drv_IODevice_ReadSyncSignals  drv_iodevice.o
    0x0800787c   0x0800787c   0x000000a0   Code   RO         3792    i.Drv_IODevice_SetProbeStatus  drv_iodevice.o
    0x0800791c   0x0800791c   0x00000034   Code   RO         3793    i.Drv_IODevice_StartBuzzer  drv_iodevice.o
    0x08007950   0x08007950   0x00000010   Code   RO         3794    i.Drv_IODevice_WritePin  drv_iodevice.o
    0x08007960   0x08007960   0x0000001a   Code   RO         3795    i.Drv_IO_HighFreqPowerOutput  drv_iodevice.o
    0x0800797a   0x0800797a   0x00000002   PAD
    0x0800797c   0x0800797c   0x000000b0   Code   RO         3872    i.Drv_Memory_Init   drv_memory.o
    0x08007a2c   0x08007a2c   0x0000003c   Code   RO         3873    i.Drv_Memory_Read   drv_memory.o
    0x08007a68   0x08007a68   0x0000003c   Code   RO         3874    i.Drv_Memory_Write  drv_memory.o
    0x08007aa4   0x08007aa4   0x00000054   Code   RO         4265    i.Drv_PIN_CTRL      lib_aiic.o
    0x08007af8   0x08007af8   0x00000012   Code   RO         3912    i.Drv_SI5351_SetComplementaryPWM  drv_si5351.o
    0x08007b0a   0x08007b0a   0x00000022   Code   RO         3913    i.Drv_SI5351_SetFrequency  drv_si5351.o
    0x08007b2c   0x08007b2c   0x00000090   Code   RO         4115    i.Drv_SoftI2C_WriteReg  drv_soft_i2c.o
    0x08007bbc   0x08007bbc   0x0000001c   Code   RO         3697    i.Drv_SysTick_Increment  drv_delay.o
    0x08007bd8   0x08007bd8   0x0000000c   Code   RO         3755    i.Drv_System_Init   drv_init.o
    0x08007be4   0x08007be4   0x0000000e   Code   RO         3950    i.Drv_TIM4_SetESW_N  drv_tim.o
    0x08007bf2   0x08007bf2   0x0000000e   Code   RO         3951    i.Drv_TIM4_SetESW_P  drv_tim.o
    0x08007c00   0x08007c00   0x00000038   Code   RO         3698    i.Drv_Timer_Tick    drv_delay.o
    0x08007c38   0x08007c38   0x00000018   Code   RO         3979    i.Drv_USART1_Init   drv_usart.o
    0x08007c50   0x08007c50   0x00000058   Code   RO         3980    i.Drv_USART1_Rx     drv_usart.o
    0x08007ca8   0x08007ca8   0x00000010   Code   RO         3981    i.Drv_USART1_Send   drv_usart.o
    0x08007cb8   0x08007cb8   0x00000018   Code   RO         3982    i.Drv_USART2_Init   drv_usart.o
    0x08007cd0   0x08007cd0   0x00000058   Code   RO         3983    i.Drv_USART2_Rx     drv_usart.o
    0x08007d28   0x08007d28   0x0000000c   Code   RO         3985    i.Drv_Uart_init     drv_usart.o
    0x08007d34   0x08007d34   0x00000008   Code   RO         4075    i.Drv_WatchDogFeed  drv_wdg.o
    0x08007d3c   0x08007d3c   0x00000010   Code   RO         4076    i.Drv_WatchDogResartCheck  drv_wdg.o
    0x08007d4c   0x08007d4c   0x00000116   Code   RO         1240    i.GPIO_Init         stm32f10x_gpio.o
    0x08007e62   0x08007e62   0x00000012   Code   RO         1244    i.GPIO_ReadInputDataBit  stm32f10x_gpio.o
    0x08007e74   0x08007e74   0x00000004   Code   RO         1247    i.GPIO_ResetBits    stm32f10x_gpio.o
    0x08007e78   0x08007e78   0x00000004   Code   RO         1248    i.GPIO_SetBits      stm32f10x_gpio.o
    0x08007e7c   0x08007e7c   0x0000001e   Code   RO         4266    i.HAL_GPIO_WritePin  lib_aiic.o
    0x08007e9a   0x08007e9a   0x00000076   Code   RO         4707    i.HandComm_Crc16Compute  app_handcomm.o
    0x08007f10   0x08007f10   0x00000038   Code   RO         4708    i.HandComm_ParseTempReport  app_handcomm.o
    0x08007f48   0x08007f48   0x00000070   Code   RO         4709    i.HandComm_RecvDataHandle  app_handcomm.o
    0x08007fb8   0x08007fb8   0x00000018   Code   RO         4117    i.I2C_Delay         drv_soft_i2c.o
    0x08007fd0   0x08007fd0   0x0000011c   Code   RO         4120    i.I2C_SendByte      drv_soft_i2c.o
    0x080080ec   0x080080ec   0x000000d0   Code   RO         4121    i.I2C_Start         drv_soft_i2c.o
    0x080081bc   0x080081bc   0x00000090   Code   RO         4122    i.I2C_Stop          drv_soft_i2c.o
    0x0800824c   0x0800824c   0x000000d4   Code   RO         4123    i.I2C_WaitAck       drv_soft_i2c.o
    0x08008320   0x08008320   0x00000018   Code   RO         3416    i.IICsendreg        bsp_si5351.o
    0x08008338   0x08008338   0x00000010   Code   RO         1554    i.IWDG_ReloadCounter  stm32f10x_iwdg.o
    0x08008348   0x08008348   0x000000f4   Code   RO         5499    i.Log_Init          log.o
    0x0800843c   0x0800843c   0x0000002c   Code   RO         5500    i.Log_LoopFun       log.o
    0x08008468   0x08008468   0x00000012   Code   RO         5501    i.Log_Output        log.o
    0x0800847a   0x0800847a   0x00000002   PAD
    0x0800847c   0x0800847c   0x000000dc   Code   RO         5502    i.Log_Printf        log.o
    0x08008558   0x08008558   0x000000f4   Code   RO         5503    i.Log_Process       log.o
    0x0800864c   0x0800864c   0x00000074   Code   RO         5504    i.Log_RegisterFunction  log.o
    0x080086c0   0x080086c0   0x00000004   Code   RO         4440    i.MemManage_Handler  stm32f103_it.o
    0x080086c4   0x080086c4   0x00000004   Code   RO         4441    i.NMI_Handler       stm32f103_it.o
    0x080086c8   0x080086c8   0x00000070   Code   RO            1    i.NVIC_Init         misc.o
    0x08008738   0x08008738   0x00000014   Code   RO            2    i.NVIC_PriorityGroupConfig  misc.o
    0x0800874c   0x0800874c   0x0000001e   Code   RO         3417    i.PWM_Generate      bsp_si5351.o
    0x0800876a   0x0800876a   0x00000002   Code   RO         4442    i.PendSV_Handler    stm32f103_it.o
    0x0800876c   0x0800876c   0x00000214   Code   RO         5312    i.ProbeStatusCheck  app_treatmgr.o
    0x08008980   0x08008980   0x00000018   Code   RO         1654    i.RCC_ADCCLKConfig  stm32f10x_rcc.o
    0x08008998   0x08008998   0x00000020   Code   RO         1655    i.RCC_AHBPeriphClockCmd  stm32f10x_rcc.o
    0x080089b8   0x080089b8   0x00000020   Code   RO         1656    i.RCC_APB1PeriphClockCmd  stm32f10x_rcc.o
    0x080089d8   0x080089d8   0x00000020   Code   RO         1658    i.RCC_APB2PeriphClockCmd  stm32f10x_rcc.o
    0x080089f8   0x080089f8   0x00000014   Code   RO         1662    i.RCC_ClearFlag     stm32f10x_rcc.o
    0x08008a0c   0x08008a0c   0x000000d4   Code   RO         1666    i.RCC_GetClocksFreq  stm32f10x_rcc.o
    0x08008ae0   0x08008ae0   0x0000003c   Code   RO         1667    i.RCC_GetFlagStatus  stm32f10x_rcc.o
    0x08008b1c   0x08008b1c   0x00000078   Code   RO         5573    i.SEGGER_RTT_ConfigDownBuffer  segger_rtt.o
    0x08008b94   0x08008b94   0x00000078   Code   RO         5574    i.SEGGER_RTT_ConfigUpBuffer  segger_rtt.o
    0x08008c0c   0x08008c0c   0x00000020   Code   RO         5577    i.SEGGER_RTT_GetKey  segger_rtt.o
    0x08008c2c   0x08008c2c   0x00000030   Code   RO         5580    i.SEGGER_RTT_HasKey  segger_rtt.o
    0x08008c5c   0x08008c5c   0x00000038   Code   RO         5585    i.SEGGER_RTT_Read   segger_rtt.o
    0x08008c94   0x08008c94   0x000000ac   Code   RO         5586    i.SEGGER_RTT_ReadNoLock  segger_rtt.o
    0x08008d40   0x08008d40   0x0000004c   Code   RO         5596    i.SEGGER_RTT_Write  segger_rtt.o
    0x08008d8c   0x08008d8c   0x00000084   Code   RO         5599    i.SEGGER_RTT_WriteNoLock  segger_rtt.o
    0x08008e10   0x08008e10   0x0000001a   Code   RO         5601    i.SEGGER_RTT_WriteString  segger_rtt.o
    0x08008e2a   0x08008e2a   0x00000022   Code   RO         5808    i.SEGGER_RTT_printf  segger_rtt_printf.o
    0x08008e4c   0x08008e4c   0x00000250   Code   RO         5809    i.SEGGER_RTT_vprintf  segger_rtt_printf.o
    0x0800909c   0x0800909c   0x00000002   Code   RO         4443    i.SVC_Handler       stm32f103_it.o
    0x0800909e   0x0800909e   0x00000002   PAD
    0x080090a0   0x080090a0   0x0000025c   Code   RO         3420    i.SetMultisynth_all  bsp_si5351.o
    0x080092fc   0x080092fc   0x00000008   Code   RO         3067    i.SetSysClock       system_stm32f10x.o
    0x08009304   0x08009304   0x000000e0   Code   RO         3068    i.SetSysClockTo72   system_stm32f10x.o
    0x080093e4   0x080093e4   0x00000090   Code   RO         3424    i.Si5351_GetPara    bsp_si5351.o
    0x08009474   0x08009474   0x0000000c   Code   RO         3426    i.Si5351_Open_CLK1  bsp_si5351.o
    0x08009480   0x08009480   0x0000004c   Code   RO         3427    i.Si5351_PWM_TIM    bsp_si5351.o
    0x080094cc   0x080094cc   0x000001b4   Code   RO         3430    i.Si5351_SetFrequency_Pro  bsp_si5351.o
    0x08009680   0x08009680   0x000000a4   Code   RO         3069    i.SystemCoreClockUpdate  system_stm32f10x.o
    0x08009724   0x08009724   0x00000060   Code   RO         3070    i.SystemInit        system_stm32f10x.o
    0x08009784   0x08009784   0x00000040   Code   RO         5231    i.SystemManager     app_system.o
    0x080097c4   0x080097c4   0x0000000c   Code   RO         5232    i.SystemProcess     app_system.o
    0x080097d0   0x080097d0   0x00000110   Code   RO         5233    i.System_ChangeMode  app_system.o
    0x080098e0   0x080098e0   0x00000164   Code   RO         5234    i.System_Init       app_system.o
    0x08009a44   0x08009a44   0x0000001e   Code   RO         4444    i.TIM2_IRQHandler   stm32f103_it.o
    0x08009a62   0x08009a62   0x00000018   Code   RO         2278    i.TIM_ARRPreloadConfig  stm32f10x_tim.o
    0x08009a7a   0x08009a7a   0x00000020   Code   RO         2279    i.TIM_BDTRConfig    stm32f10x_tim.o
    0x08009a9a   0x08009a9a   0x00000006   Code   RO         2285    i.TIM_ClearITPendingBit  stm32f10x_tim.o
    0x08009aa0   0x08009aa0   0x00000018   Code   RO         2290    i.TIM_Cmd           stm32f10x_tim.o
    0x08009ab8   0x08009ab8   0x0000001e   Code   RO         2292    i.TIM_CtrlPWMOutputs  stm32f10x_tim.o
    0x08009ad6   0x08009ad6   0x00000020   Code   RO         2297    i.TIM_ETRClockMode2Config  stm32f10x_tim.o
    0x08009af6   0x08009af6   0x0000001c   Code   RO         2298    i.TIM_ETRConfig     stm32f10x_tim.o
    0x08009b12   0x08009b12   0x00000022   Code   RO         2311    i.TIM_GetITStatus   stm32f10x_tim.o
    0x08009b34   0x08009b34   0x00000012   Code   RO         2315    i.TIM_ITConfig      stm32f10x_tim.o
    0x08009b46   0x08009b46   0x00000018   Code   RO         2316    i.TIM_ITRxExternalClockConfig  stm32f10x_tim.o
    0x08009b5e   0x08009b5e   0x00000002   PAD
    0x08009b60   0x08009b60   0x00000098   Code   RO         2319    i.TIM_OC1Init       stm32f10x_tim.o
    0x08009bf8   0x08009bf8   0x00000012   Code   RO         2322    i.TIM_OC1PreloadConfig  stm32f10x_tim.o
    0x08009c0a   0x08009c0a   0x00000014   Code   RO         2337    i.TIM_OCStructInit  stm32f10x_tim.o
    0x08009c1e   0x08009c1e   0x00000012   Code   RO         2343    i.TIM_SelectInputTrigger  stm32f10x_tim.o
    0x08009c30   0x08009c30   0x000000a4   Code   RO         2361    i.TIM_TimeBaseInit  stm32f10x_tim.o
    0x08009cd4   0x08009cd4   0x00000030   Code   RO         4445    i.USART1_IRQHandler  stm32f103_it.o
    0x08009d04   0x08009d04   0x00000030   Code   RO         4446    i.USART2_IRQHandler  stm32f103_it.o
    0x08009d34   0x08009d34   0x0000001e   Code   RO         2823    i.USART_ClearITPendingBit  stm32f10x_usart.o
    0x08009d52   0x08009d52   0x00000018   Code   RO         2826    i.USART_Cmd         stm32f10x_usart.o
    0x08009d6a   0x08009d6a   0x00000012   Code   RO         2827    i.USART_DMACmd      stm32f10x_usart.o
    0x08009d7c   0x08009d7c   0x00000054   Code   RO         2830    i.USART_GetITStatus  stm32f10x_usart.o
    0x08009dd0   0x08009dd0   0x0000004a   Code   RO         2832    i.USART_ITConfig    stm32f10x_usart.o
    0x08009e1a   0x08009e1a   0x00000002   PAD
    0x08009e1c   0x08009e1c   0x000000d8   Code   RO         2833    i.USART_Init        stm32f10x_usart.o
    0x08009ef4   0x08009ef4   0x00000004   Code   RO         4447    i.UsageFault_Handler  stm32f103_it.o
    0x08009ef8   0x08009ef8   0x00000070   Code   RO         5603    i._DoInit           segger_rtt.o
    0x08009f68   0x08009f68   0x0000001c   Code   RO         5604    i._GetAvailWriteSpace  segger_rtt.o
    0x08009f84   0x08009f84   0x000000ec   Code   RO         5810    i._PrintInt         segger_rtt_printf.o
    0x0800a070   0x0800a070   0x000000ec   Code   RO         5811    i._PrintUnsigned    segger_rtt_printf.o
    0x0800a15c   0x0800a15c   0x00000044   Code   RO         5812    i._StoreChar        segger_rtt_printf.o
    0x0800a1a0   0x0800a1a0   0x00000076   Code   RO         5606    i._WriteBlocking    segger_rtt.o
    0x0800a216   0x0800a216   0x00000058   Code   RO         5607    i._WriteNoCheck     segger_rtt.o
    0x0800a26e   0x0800a26e   0x00000028   Code   RO         6277    i.__ARM_fpclassify  m_ws.l(fpclassify.o)
    0x0800a296   0x0800a296   0x0000000e   Code   RO         6039    i._is_digit         c_w.l(__printf_wp.o)
    0x0800a2a4   0x0800a2a4   0x000000ec   Code   RO         5848    i.cm_backtrace_call_stack  cm_backtrace.o
    0x0800a390   0x0800a390   0x000002a8   Code   RO         5850    i.cm_backtrace_fault  cm_backtrace.o
    0x0800a638   0x0800a638   0x00000034   Code   RO         5851    i.cm_backtrace_firmware_info  cm_backtrace.o
    0x0800a66c   0x0800a66c   0x000000a4   Code   RO         5852    i.cm_backtrace_init  cm_backtrace.o
    0x0800a710   0x0800a710   0x00000030   Code   RO         5853    i.disassembly_ins_is_bl_blx  cm_backtrace.o
    0x0800a740   0x0800a740   0x000000f0   Code   RO         5854    i.dump_stack        cm_backtrace.o
    0x0800a830   0x0800a830   0x00000330   Code   RO         5855    i.fault_diagnosis   cm_backtrace.o
    0x0800ab60   0x0800ab60   0x000000dc   Code   RO         6119    i.floor             m_ws.l(floor.o)
    0x0800ac3c   0x0800ac3c   0x00000048   Code   RO         4267    i.i2c_Ack           lib_aiic.o
    0x0800ac84   0x0800ac84   0x00000010   Code   RO         4269    i.i2c_Delay         lib_aiic.o
    0x0800ac94   0x0800ac94   0x0000003c   Code   RO         4270    i.i2c_NAck          lib_aiic.o
    0x0800acd0   0x0800acd0   0x00000050   Code   RO         4271    i.i2c_ReadByte      lib_aiic.o
    0x0800ad20   0x0800ad20   0x00000072   Code   RO         4272    i.i2c_SendByte      lib_aiic.o
    0x0800ad92   0x0800ad92   0x00000048   Code   RO         4273    i.i2c_Start         lib_aiic.o
    0x0800adda   0x0800adda   0x00000030   Code   RO         4274    i.i2c_Stop          lib_aiic.o
    0x0800ae0a   0x0800ae0a   0x00000052   Code   RO         4275    i.i2c_WaitAck       lib_aiic.o
    0x0800ae5c   0x0800ae5c   0x00000020   Code   RO         4411    i.main              main.o
    0x0800ae7c   0x0800ae7c   0x000000a0   Code   RO         5856    i.print_call_stack  cm_backtrace.o
    0x0800af1c   0x0800af1c   0x00000026   Code   RO         3433    i.return_err        bsp_si5351.o
    0x0800af42   0x0800af42   0x00000002   PAD
    0x0800af44   0x0800af44   0x0000002c   Code   RO         6259    locale$$code        c_w.l(lc_numeric_c.o)
    0x0800af70   0x0800af70   0x0000002c   Code   RO         6287    locale$$code        c_w.l(lc_ctype_c.o)
    0x0800af9c   0x0800af9c   0x00000150   Code   RO         6074    x$fpl$dadd          fz_ws.l(daddsub_clz.o)
    0x0800b0ec   0x0800b0ec   0x00000018   Code   RO         6273    x$fpl$dcmpinf       fz_ws.l(dcmpi.o)
    0x0800b104   0x0800b104   0x000002b0   Code   RO         6081    x$fpl$ddiv          fz_ws.l(ddiv.o)
    0x0800b3b4   0x0800b3b4   0x0000005a   Code   RO         6084    x$fpl$dfixu         fz_ws.l(dfixu.o)
    0x0800b40e   0x0800b40e   0x00000026   Code   RO         6088    x$fpl$dfltu         fz_ws.l(dflt_clz.o)
    0x0800b434   0x0800b434   0x00000078   Code   RO         6220    x$fpl$dleqf         fz_ws.l(dleqf.o)
    0x0800b4ac   0x0800b4ac   0x00000154   Code   RO         6094    x$fpl$dmul          fz_ws.l(dmul.o)
    0x0800b600   0x0800b600   0x0000009c   Code   RO         6171    x$fpl$dnaninf       fz_ws.l(dnaninf.o)
    0x0800b69c   0x0800b69c   0x0000000c   Code   RO         6173    x$fpl$dretinf       fz_ws.l(dretinf.o)
    0x0800b6a8   0x0800b6a8   0x0000006c   Code   RO         6175    x$fpl$drleqf        fz_ws.l(drleqf.o)
    0x0800b714   0x0800b714   0x00000016   Code   RO         6075    x$fpl$drsb          fz_ws.l(daddsub_clz.o)
    0x0800b72a   0x0800b72a   0x00000002   PAD
    0x0800b72c   0x0800b72c   0x000001d4   Code   RO         6076    x$fpl$dsub          fz_ws.l(daddsub_clz.o)
    0x0800b900   0x0800b900   0x000000c4   Code   RO         6096    x$fpl$fadd          fz_ws.l(faddsub_clz.o)
    0x0800b9c4   0x0800b9c4   0x00000184   Code   RO         6103    x$fpl$fdiv          fz_ws.l(fdiv.o)
    0x0800bb48   0x0800bb48   0x0000003e   Code   RO         6106    x$fpl$ffixu         fz_ws.l(ffixu.o)
    0x0800bb86   0x0800bb86   0x00000002   PAD
    0x0800bb88   0x0800bb88   0x00000026   Code   RO         6110    x$fpl$ffltu         fz_ws.l(fflt_clz.o)
    0x0800bbae   0x0800bbae   0x00000002   PAD
    0x0800bbb0   0x0800bbb0   0x00000102   Code   RO         6116    x$fpl$fmul          fz_ws.l(fmul.o)
    0x0800bcb2   0x0800bcb2   0x0000008c   Code   RO         6177    x$fpl$fnaninf       fz_ws.l(fnaninf.o)
    0x0800bd3e   0x0800bd3e   0x0000000a   Code   RO         6179    x$fpl$fretinf       fz_ws.l(fretinf.o)
    0x0800bd48   0x0800bd48   0x000000ea   Code   RO         6098    x$fpl$fsub          fz_ws.l(faddsub_clz.o)
    0x0800be32   0x0800be32   0x00000004   Code   RO         6181    x$fpl$printf1       fz_ws.l(printf1.o)
    0x0800be36   0x0800be36   0x00000004   Code   RO         6183    x$fpl$printf2       fz_ws.l(printf2.o)
    0x0800be3a   0x0800be3a   0x00000000   Code   RO         6189    x$fpl$usenofp       fz_ws.l(usenofp.o)
    0x0800be3a   0x0800be3a   0x00000008   Data   RO         3107    .constdata          bsp_adc.o
    0x0800be42   0x0800be42   0x00000002   PAD
    0x0800be44   0x0800be44   0x000002b0   Data   RO         3435    .constdata          bsp_si5351.o
    0x0800c0f4   0x0800c0f4   0x00000248   Data   RO         3566    .constdata          drv_adc.o
    0x0800c33c   0x0800c33c   0x00000021   Data   RO         5609    .constdata          segger_rtt.o
    0x0800c35d   0x0800c35d   0x00000010   Data   RO         5813    .constdata          segger_rtt_printf.o
    0x0800c36d   0x0800c36d   0x00000003   PAD
    0x0800c370   0x0800c370   0x000000e0   Data   RO         5858    .constdata          cm_backtrace.o
    0x0800c450   0x0800c450   0x00000028   Data   RO         6027    .constdata          c_w.l(_printf_hex_int_ll_ptr.o)
    0x0800c478   0x0800c478   0x00000011   Data   RO         6047    .constdata          c_w.l(__printf_flags_ss_wp.o)
    0x0800c489   0x0800c489   0x00000003   PAD
    0x0800c48c   0x0800c48c   0x00000008   Data   RO         6142    .constdata          c_w.l(_printf_wctomb.o)
    0x0800c494   0x0800c494   0x00000026   Data   RO         6212    .constdata          c_w.l(_printf_fp_hex.o)
    0x0800c4ba   0x0800c4ba   0x00000002   PAD
    0x0800c4bc   0x0800c4bc   0x00000094   Data   RO         6234    .constdata          c_w.l(bigflt0.o)
    0x0800c550   0x0800c550   0x00000140   Data   RO         4774    .conststring        app_memory.o
    0x0800c690   0x0800c690   0x0000010d   Data   RO         4884    .conststring        app_negprsheat.o
    0x0800c79d   0x0800c79d   0x00000003   PAD
    0x0800c7a0   0x0800c7a0   0x0000004f   Data   RO         5003    .conststring        app_radiofreq.o
    0x0800c7ef   0x0800c7ef   0x00000001   PAD
    0x0800c7f0   0x0800c7f0   0x000000ab   Data   RO         5123    .conststring        app_shockwave.o
    0x0800c89b   0x0800c89b   0x00000001   PAD
    0x0800c89c   0x0800c89c   0x000008c4   Data   RO         5859    .conststring        cm_backtrace.o
    0x0800d160   0x0800d160   0x00000020   Data   RO         6411    Region$$Table       anon$$obj.o
    0x0800d180   0x0800d180   0x0000001c   Data   RO         6258    locale$$data        c_w.l(lc_numeric_c.o)
    0x0800d19c   0x0800d19c   0x00000110   Data   RO         6286    locale$$data        c_w.l(lc_ctype_c.o)


    Execution Region RW_IRAM1 (Exec base: 0x20000000, Load base: 0x0800d2ac, Size: 0x00001fc0, Max: 0x0000c000, ABSOLUTE)

    Exec Addr    Load Addr    Size         Type   Attr      Idx    E Section Name        Object

    0x20000000   0x0800d2ac   0x00000014   Data   RW         1686    .data               stm32f10x_rcc.o
    0x20000014   0x0800d2c0   0x00000014   Data   RW         3071    .data               system_stm32f10x.o
    0x20000028   0x0800d2d4   0x00000001   Data   RW         3108    .data               bsp_adc.o
    0x20000029   0x0800d2d5   0x00000007   PAD
    0x20000030   0x0800d2dc   0x00000008   Data   RW         3384    .data               bsp_delay.o
    0x20000038   0x0800d2e4   0x00000002   Data   RW         3653    .data               drv_dac.o
    0x2000003a   0x0800d2e6   0x00000002   PAD
    0x2000003c   0x0800d2e8   0x00000016   Data   RW         3796    .data               drv_iodevice.o
    0x20000052   0x0800d2fe   0x00000012   Data   RW         3875    .data               drv_memory.o
    0x20000064   0x0800d310   0x00000002   Data   RW         4125    .data               drv_soft_i2c.o
    0x20000066   0x0800d312   0x00000002   PAD
    0x20000068   0x0800d314   0x00000010   Data   RW         4206    .data               drv_24c02.o
    0x20000078   0x0800d324   0x00000002   Data   RW         4580    .data               app_comm.o
    0x2000007a   0x0800d326   0x00000002   Data   RW         4711    .data               app_handcomm.o
    0x2000007c   0x0800d328   0x00000004   Data   RW         4885    .data               app_negprsheat.o
    0x20000080   0x0800d32c   0x00000004   Data   RW         5004    .data               app_radiofreq.o
    0x20000084   0x0800d330   0x00000004   Data   RW         5124    .data               app_shockwave.o
    0x20000088   0x0800d334   0x00000008   Data   RW         5235    .data               app_system.o
    0x20000090   0x0800d33c   0x0000000a   Data   RW         5314    .data               app_treatmgr.o
    0x2000009a   0x0800d346   0x00000002   PAD
    0x2000009c   0x0800d348   0x00000008   Data   RW         5402    .data               app_ultrasound.o
    0x200000a4   0x0800d350   0x00000005   Data   RW         5507    .data               log.o
    0x200000a9   0x0800d355   0x00000003   PAD
    0x200000ac   0x0800d358   0x00000014   Data   RW         5860    .data               cm_backtrace.o
    0x200000c0        -       0x00000020   Zero   RW         3106    .bss                bsp_adc.o
    0x200000e0        -       0x00000400   Zero   RW         3338    .bss                bsp_usart.o
    0x200004e0        -       0x00000048   Zero   RW         3434    .bss                bsp_si5351.o
    0x20000528        -       0x00000440   Zero   RW         3986    .bss                drv_usart.o
    0x20000968        -       0x00000030   Zero   RW         4124    .bss                drv_soft_i2c.o
    0x20000998        -       0x00000218   Zero   RW         4579    .bss                app_comm.o
    0x20000bb0        -       0x00000198   Zero   RW         4710    .bss                app_handcomm.o
    0x20000d48        -       0x00000040   Zero   RW         4773    .bss                app_memory.o
    0x20000d88        -       0x00000080   Zero   RW         4883    .bss                app_negprsheat.o
    0x20000e08        -       0x00000048   Zero   RW         5002    .bss                app_radiofreq.o
    0x20000e50        -       0x00000050   Zero   RW         5122    .bss                app_shockwave.o
    0x20000ea0        -       0x00000018   Zero   RW         5313    .bss                app_treatmgr.o
    0x20000eb8        -       0x00000050   Zero   RW         5401    .bss                app_ultrasound.o
    0x20000f08        -       0x000002e4   Zero   RW         5506    .bss                log.o
    0x200011ec        -       0x000005a8   Zero   RW         5608    .bss                segger_rtt.o
    0x20001794        -       0x000001c8   Zero   RW         5857    .bss                cm_backtrace.o
    0x2000195c        -       0x00000060   Zero   RW         6280    .bss                c_w.l(libspace.o)
    0x200019bc   0x0800d36c   0x00000004   PAD
    0x200019c0        -       0x00000200   Zero   RW         4554    HEAP                startup_stm32f10x_hd.o
    0x20001bc0        -       0x00000400   Zero   RW         4553    STACK               startup_stm32f10x_hd.o


==============================================================================

Image component sizes


      Code (inc. data)   RO Data    RW Data    ZI Data      Debug   Object Name

      2652        102          0          2        536      18209   app_comm.o
       514         24          0          2        408       5379   app_handcomm.o
      1740        282        320          0         64      16746   app_memory.o
      3624       1110        269          4        128      13839   app_negprsheat.o
      2336        750         79          4         72      10393   app_radiofreq.o
      2480        706        171          4         80      12331   app_shockwave.o
       704        416          0          8          0       8238   app_system.o
      1576        812          0         10         24       5078   app_treatmgr.o
      2560        818          0          8         80      10634   app_ultrasound.o
       568         50          8          1         32       3126   bsp_adc.o
       108          6          0          0          0       1014   bsp_dac.o
        16          6          0          8          0        988   bsp_delay.o
       456         44          0          0          0       4878   bsp_gpio.o
         8          0          0          0          0        416   bsp_iwdg.o
      1364         56        688          0         72       7543   bsp_si5351.o
       438         20          0          0          0       2155   bsp_tim.o
       928         44          0          0       1024       3420   bsp_usart.o
      2396        448       2468         20        456       9030   cm_backtrace.o
        12          0          0          0          0        384   cmb_fault.o
         0          0          0          0          0         32   core_cm3.o
       344         16          0         16          0       5294   drv_24c02.o
       586         22        584          0          0       9738   drv_adc.o
       124         10          0          2          0       2017   drv_dac.o
       180         20          0          0          0       4132   drv_delay.o
        20          0          0          0          0       1422   drv_init.o
       848         88          0         22          0      10173   drv_iodevice.o
       296         68          0         18          0       3007   drv_memory.o
        52          0          0          0          0       1083   drv_si5351.o
      1016         42          0          2         48       5815   drv_soft_i2c.o
        28          0          0          0          0        984   drv_tim.o
       308         52          0          0       1088       6130   drv_usart.o
        32          0          0          0          0       1265   drv_wdg.o
       936          0          0          0          0       8712   lib_aiic.o
       238          0          0          0          0       3854   lib_ringbuffer.o
       886        280          0          5        740       4787   log.o
        32          0          0          0          0        423   main.o
       132         22          0          0          0     277915   misc.o
      1128         62         33          0       1448      16359   segger_rtt.o
      1166         14         16          0          0       5681   segger_rtt_printf.o
        64         26        304          0       1536        812   startup_stm32f10x_hd.o
       432         12          0          0          0       7157   stm32f103_it.o
       390         10          0          0          0       7257   stm32f10x_adc.o
       136         18          0          0          0       2904   stm32f10x_dac.o
       518         26          0          0          0       6145   stm32f10x_dma.o
       304          0          0          0          0       3648   stm32f10x_gpio.o
        16          6          0          0          0        449   stm32f10x_iwdg.o
       412         54          0         20          0       6561   stm32f10x_rcc.o
       624         62          0          0          0       9424   stm32f10x_tim.o
       446          6          0          0          0       5607   stm32f10x_usart.o
       492         48          0         20          0       2869   system_stm32f10x.o

    ----------------------------------------------------------------------
     36700       6658       4982        192       7836     555457   Object Totals
         0          0         32          0          0          0   (incl. Generated)
        34          0         10         16          0          0   (incl. Padding)

    ----------------------------------------------------------------------

      Code (inc. data)   RO Data    RW Data    ZI Data      Debug   Library Member Name

        56          6          0          0          0         88   __2snprintf.o
        44          6          0          0          0         84   __2sprintf.o
         8          0          0          0          0         68   __main.o
       392          4         17          0          0         92   __printf_flags_ss_wp.o
        14          0          0          0          0         68   __printf_wp.o
         0          0          0          0          0          0   __rtentry.o
        12          0          0          0          0          0   __rtentry2.o
         6          0          0          0          0          0   __rtentry4.o
        52          8          0          0          0          0   __scatter.o
        26          0          0          0          0          0   __scatter_copy.o
        28          0          0          0          0          0   __scatter_zi.o
         6          0          0          0          0          0   _printf_a.o
         6          0          0          0          0          0   _printf_c.o
        44          0          0          0          0        108   _printf_char.o
        48          6          0          0          0         96   _printf_char_common.o
        40          0          0          0          0         68   _printf_charcount.o
         6          0          0          0          0          0   _printf_d.o
       120         16          0          0          0         92   _printf_dec.o
         6          0          0          0          0          0   _printf_e.o
         6          0          0          0          0          0   _printf_f.o
      1054          0          0          0          0        216   _printf_fp_dec.o
       764          8         38          0          0        100   _printf_fp_hex.o
       128         16          0          0          0         84   _printf_fp_infnan.o
         6          0          0          0          0          0   _printf_g.o
       148          4         40          0          0        160   _printf_hex_int_ll_ptr.o
         6          0          0          0          0          0   _printf_i.o
       178          0          0          0          0         88   _printf_intcommon.o
        10          0          0          0          0          0   _printf_l.o
         6          0          0          0          0          0   _printf_lc.o
        10          0          0          0          0          0   _printf_ll.o
         6          0          0          0          0          0   _printf_lld.o
         6          0          0          0          0          0   _printf_lli.o
         6          0          0          0          0          0   _printf_llo.o
         6          0          0          0          0          0   _printf_llu.o
         6          0          0          0          0          0   _printf_llx.o
       124         16          0          0          0         92   _printf_longlong_dec.o
         6          0          0          0          0          0   _printf_ls.o
         6          0          0          0          0          0   _printf_n.o
         6          0          0          0          0          0   _printf_o.o
       112         10          0          0          0        124   _printf_oct_int_ll.o
         6          0          0          0          0          0   _printf_p.o
        78          0          0          0          0        108   _printf_pad.o
         0          0          0          0          0          0   _printf_percent.o
         4          0          0          0          0          0   _printf_percent_end.o
         6          0          0          0          0          0   _printf_s.o
        82          0          0          0          0         80   _printf_str.o
        36          0          0          0          0         84   _printf_truncate.o
         6          0          0          0          0          0   _printf_u.o
        44          0          0          0          0        108   _printf_wchar.o
       188          6          8          0          0         92   _printf_wctomb.o
         6          0          0          0          0          0   _printf_x.o
        16          0          0          0          0         68   _snputc.o
        10          0          0          0          0         68   _sputc.o
        64          0          0          0          0         92   _wcrtomb.o
       228          4        148          0          0         96   bigflt0.o
      1936        128          0          0          0        672   btod.o
        18          0          0          0          0         80   exit.o
         6          0          0          0          0        152   heapauxi.o
         0          0          0          0          0          0   indicate_semi.o
        44         10        272          0          0         76   lc_ctype_c.o
        44         10         28          0          0         76   lc_numeric_c.o
         2          0          0          0          0          0   libinit.o
        30          0          0          0          0          0   libinit2.o
         2          0          0          0          0          0   libshutdown.o
         2          0          0          0          0          0   libshutdown2.o
         8          4          0          0         96         68   libspace.o
       138          0          0          0          0         80   lludiv10.o
       238          0          0          0          0        100   lludivv7m.o
        88          0          0          0          0         76   memcmp.o
        16          4          0          0          0         76   rt_ctype_table.o
         8          4          0          0          0         68   rt_locale_intlibspace.o
        68          0          0          0          0         68   rt_memclr.o
        78          0          0          0          0         80   rt_memclr_w.o
       138          0          0          0          0         68   rt_memcpy_v6.o
       100          0          0          0          0         80   rt_memcpy_w.o
         2          0          0          0          0          0   rtexit.o
        10          0          0          0          0          0   rtexit2.o
       128          0          0          0          0         68   strcmpv7m.o
        62          0          0          0          0         76   strlen.o
        86          0          0          0          0         76   strncpy.o
        12          4          0          0          0         68   sys_exit.o
        74          0          0          0          0         80   sys_stackheap_outer.o
         2          0          0          0          0         68   use_no_semi.o
        52          4          0          0          0         80   vsnprintf.o
       826         16          0          0          0        348   daddsub_clz.o
        24          0          0          0          0         68   dcmpi.o
       688        140          0          0          0        208   ddiv.o
        90          4          0          0          0         92   dfixu.o
        38          0          0          0          0         68   dflt_clz.o
       120          4          0          0          0         92   dleqf.o
       340         12          0          0          0        104   dmul.o
       156          4          0          0          0         92   dnaninf.o
        12          0          0          0          0         68   dretinf.o
       108          0          0          0          0         80   drleqf.o
       430          8          0          0          0        168   faddsub_clz.o
       388         76          0          0          0         96   fdiv.o
        62          4          0          0          0         84   ffixu.o
        38          0          0          0          0         68   fflt_clz.o
       258          4          0          0          0         84   fmul.o
       140          4          0          0          0         84   fnaninf.o
        10          0          0          0          0         68   fretinf.o
         4          0          0          0          0         68   printf1.o
         4          0          0          0          0         68   printf2.o
         0          0          0          0          0          0   usenofp.o
       220         16          0          0          0         84   floor.o
        40          0          0          0          0         68   fpclassify.o

    ----------------------------------------------------------------------
     11694        570        556          0        100       6920   Library Totals
        18          0          5          0          4          0   (incl. Padding)

    ----------------------------------------------------------------------

      Code (inc. data)   RO Data    RW Data    ZI Data      Debug   Library Name

      7680        278        551          0         96       4760   c_w.l
      3736        276          0          0          0       2008   fz_ws.l
       260         16          0          0          0        152   m_ws.l

    ----------------------------------------------------------------------
     11694        570        556          0        100       6920   Library Totals

    ----------------------------------------------------------------------

==============================================================================


      Code (inc. data)   RO Data    RW Data    ZI Data      Debug   

     48394       7228       5538        192       7936     541105   Grand Totals
     48394       7228       5538        192       7936     541105   ELF Image Totals
     48394       7228       5538        192          0          0   ROM Totals

==============================================================================

    Total RO  Size (Code + RO Data)                53932 (  52.67kB)
    Total RW  Size (RW Data + ZI Data)              8128 (   7.94kB)
    Total ROM Size (Code + RO Data + RW Data)      54124 (  52.86kB)

==============================================================================

